../Core/Src/XPT2046_driver.c:101:6:TP_Write_Byte	24	static
../Core/Src/XPT2046_driver.c:126:5:TP_Read_AD	24	static
../Core/Src/XPT2046_driver.c:176:5:TP_Read_XOY	48	static
../Core/Src/XPT2046_driver.c:210:4:TP_Read_XY	24	static
../Core/Src/XPT2046_driver.c:234:4:TP_Read_XY2	32	static
../Core/Src/XPT2046_driver.c:261:6:TP_Drow_Touch_Point	24	static
../Core/Src/XPT2046_driver.c:282:6:TP_Draw_Big_Point	16	static
../Core/Src/XPT2046_driver.c:301:4:TP_Scan	16	static
../Core/Src/XPT2046_driver.c:343:6:TP_Save_Adjdata	4	static
../Core/Src/XPT2046_driver.c:371:4:TP_Get_Adjdata	4	static
../Core/Src/XPT2046_driver.c:420:6:TP_Adj_Info_Show	32	static
../Core/Src/XPT2046_driver.c:450:6:TP_Adjust	112	static
../Core/Src/XPT2046_driver.c:614:4:TP_Init	8	static
