Archive member included to satisfy reference by file (symbol)

C:/ST/STM32CubeIDE_1.17.0/STM32CubeIDE/plugins/com.st.stm32cube.ide.mcu.externaltools.gnu-tools-for-stm32.12.3.rel1.win32_1.1.0.202410251130/tools/bin/../lib/gcc/arm-none-eabi/12.3.1/../../../../arm-none-eabi/lib/thumb/v7e-m+fp/hard\libc_nano.a(libc_a-exit.o)
                              C:/ST/STM32CubeIDE_1.17.0/STM32CubeIDE/plugins/com.st.stm32cube.ide.mcu.externaltools.gnu-tools-for-stm32.12.3.rel1.win32_1.1.0.202410251130/tools/bin/../lib/gcc/arm-none-eabi/12.3.1/../../../../arm-none-eabi/lib/thumb/v7e-m+fp/hard/crt0.o (exit)
C:/ST/STM32CubeIDE_1.17.0/STM32CubeIDE/plugins/com.st.stm32cube.ide.mcu.externaltools.gnu-tools-for-stm32.12.3.rel1.win32_1.1.0.202410251130/tools/bin/../lib/gcc/arm-none-eabi/12.3.1/../../../../arm-none-eabi/lib/thumb/v7e-m+fp/hard\libc_nano.a(libc_a-findfp.o)
                              C:/ST/STM32CubeIDE_1.17.0/STM32CubeIDE/plugins/com.st.stm32cube.ide.mcu.externaltools.gnu-tools-for-stm32.12.3.rel1.win32_1.1.0.202410251130/tools/bin/../lib/gcc/arm-none-eabi/12.3.1/../../../../arm-none-eabi/lib/thumb/v7e-m+fp/hard\libc_nano.a(libc_a-exit.o) (__stdio_exit_handler)
C:/ST/STM32CubeIDE_1.17.0/STM32CubeIDE/plugins/com.st.stm32cube.ide.mcu.externaltools.gnu-tools-for-stm32.12.3.rel1.win32_1.1.0.202410251130/tools/bin/../lib/gcc/arm-none-eabi/12.3.1/../../../../arm-none-eabi/lib/thumb/v7e-m+fp/hard\libc_nano.a(libc_a-fwalk.o)
                              C:/ST/STM32CubeIDE_1.17.0/STM32CubeIDE/plugins/com.st.stm32cube.ide.mcu.externaltools.gnu-tools-for-stm32.12.3.rel1.win32_1.1.0.202410251130/tools/bin/../lib/gcc/arm-none-eabi/12.3.1/../../../../arm-none-eabi/lib/thumb/v7e-m+fp/hard\libc_nano.a(libc_a-findfp.o) (_fwalk_sglue)
C:/ST/STM32CubeIDE_1.17.0/STM32CubeIDE/plugins/com.st.stm32cube.ide.mcu.externaltools.gnu-tools-for-stm32.12.3.rel1.win32_1.1.0.202410251130/tools/bin/../lib/gcc/arm-none-eabi/12.3.1/../../../../arm-none-eabi/lib/thumb/v7e-m+fp/hard\libc_nano.a(libc_a-stdio.o)
                              C:/ST/STM32CubeIDE_1.17.0/STM32CubeIDE/plugins/com.st.stm32cube.ide.mcu.externaltools.gnu-tools-for-stm32.12.3.rel1.win32_1.1.0.202410251130/tools/bin/../lib/gcc/arm-none-eabi/12.3.1/../../../../arm-none-eabi/lib/thumb/v7e-m+fp/hard\libc_nano.a(libc_a-findfp.o) (__sread)
C:/ST/STM32CubeIDE_1.17.0/STM32CubeIDE/plugins/com.st.stm32cube.ide.mcu.externaltools.gnu-tools-for-stm32.12.3.rel1.win32_1.1.0.202410251130/tools/bin/../lib/gcc/arm-none-eabi/12.3.1/../../../../arm-none-eabi/lib/thumb/v7e-m+fp/hard\libc_nano.a(libc_a-memset.o)
                              C:/ST/STM32CubeIDE_1.17.0/STM32CubeIDE/plugins/com.st.stm32cube.ide.mcu.externaltools.gnu-tools-for-stm32.12.3.rel1.win32_1.1.0.202410251130/tools/bin/../lib/gcc/arm-none-eabi/12.3.1/../../../../arm-none-eabi/lib/thumb/v7e-m+fp/hard/crt0.o (memset)
C:/ST/STM32CubeIDE_1.17.0/STM32CubeIDE/plugins/com.st.stm32cube.ide.mcu.externaltools.gnu-tools-for-stm32.12.3.rel1.win32_1.1.0.202410251130/tools/bin/../lib/gcc/arm-none-eabi/12.3.1/../../../../arm-none-eabi/lib/thumb/v7e-m+fp/hard\libc_nano.a(libc_a-closer.o)
                              C:/ST/STM32CubeIDE_1.17.0/STM32CubeIDE/plugins/com.st.stm32cube.ide.mcu.externaltools.gnu-tools-for-stm32.12.3.rel1.win32_1.1.0.202410251130/tools/bin/../lib/gcc/arm-none-eabi/12.3.1/../../../../arm-none-eabi/lib/thumb/v7e-m+fp/hard\libc_nano.a(libc_a-stdio.o) (_close_r)
C:/ST/STM32CubeIDE_1.17.0/STM32CubeIDE/plugins/com.st.stm32cube.ide.mcu.externaltools.gnu-tools-for-stm32.12.3.rel1.win32_1.1.0.202410251130/tools/bin/../lib/gcc/arm-none-eabi/12.3.1/../../../../arm-none-eabi/lib/thumb/v7e-m+fp/hard\libc_nano.a(libc_a-reent.o)
                              C:/ST/STM32CubeIDE_1.17.0/STM32CubeIDE/plugins/com.st.stm32cube.ide.mcu.externaltools.gnu-tools-for-stm32.12.3.rel1.win32_1.1.0.202410251130/tools/bin/../lib/gcc/arm-none-eabi/12.3.1/../../../../arm-none-eabi/lib/thumb/v7e-m+fp/hard\libc_nano.a(libc_a-closer.o) (errno)
C:/ST/STM32CubeIDE_1.17.0/STM32CubeIDE/plugins/com.st.stm32cube.ide.mcu.externaltools.gnu-tools-for-stm32.12.3.rel1.win32_1.1.0.202410251130/tools/bin/../lib/gcc/arm-none-eabi/12.3.1/../../../../arm-none-eabi/lib/thumb/v7e-m+fp/hard\libc_nano.a(libc_a-impure.o)
                              C:/ST/STM32CubeIDE_1.17.0/STM32CubeIDE/plugins/com.st.stm32cube.ide.mcu.externaltools.gnu-tools-for-stm32.12.3.rel1.win32_1.1.0.202410251130/tools/bin/../lib/gcc/arm-none-eabi/12.3.1/../../../../arm-none-eabi/lib/thumb/v7e-m+fp/hard\libc_nano.a(libc_a-reent.o) (_impure_ptr)
C:/ST/STM32CubeIDE_1.17.0/STM32CubeIDE/plugins/com.st.stm32cube.ide.mcu.externaltools.gnu-tools-for-stm32.12.3.rel1.win32_1.1.0.202410251130/tools/bin/../lib/gcc/arm-none-eabi/12.3.1/../../../../arm-none-eabi/lib/thumb/v7e-m+fp/hard\libc_nano.a(libc_a-lseekr.o)
[...]
Memory Configuration

Name             Origin             Length             Attributes
CCMRAM           0x10000000         0x00004000         xrw
RAM              0x20000000         0x00010000         xrw
FLASH            0x08000000         0x00080000         xr
*default*        0x00000000         0xffffffff

Linker script and memory map

LOAD C:/ST/STM32CubeIDE_1.17.0/STM32CubeIDE/plugins/com.st.stm32cube.ide.mcu.externaltools.gnu-tools-for-stm32.12.3.rel1.win32_1.1.0.202410251130/tools/bin/../lib/gcc/arm-none-eabi/12.3.1/thumb/v7e-m+fp/hard/crti.o
LOAD C:/ST/STM32CubeIDE_1.17.0/STM32CubeIDE/plugins/com.st.stm32cube.ide.mcu.externaltools.gnu-tools-for-stm32.12.3.rel1.win32_1.1.0.202410251130/tools/bin/../lib/gcc/arm-none-eabi/12.3.1/thumb/v7e-m+fp/hard/crtbegin.o
LOAD C:/ST/STM32CubeIDE_1.17.0/STM32CubeIDE/plugins/com.st.stm32cube.ide.mcu.externaltools.gnu-tools-for-stm32.12.3.rel1.win32_1.1.0.202410251130/tools/bin/../lib/gcc/arm-none-eabi/12.3.1/../../../../arm-none-eabi/lib/thumb/v7e-m+fp/hard/crt0.o
LOAD ./Core/Src/24cxx.o
LOAD ./Core/Src/ILI9341_paradriver.o
LOAD ./Core/Src/XPT2046_driver.o
LOAD ./Core/Src/delay.o
LOAD ./Core/Src/main.o
LOAD ./Core/Src/myiic.o
LOAD ./Core/Src/stm32f3xx_hal_msp.o
LOAD ./Core/Src/stm32f3xx_it.o
LOAD ./Core/Src/syscalls.o
LOAD ./Core/Src/sysmem.o
LOAD ./Core/Src/system_stm32f3xx.o
LOAD ./Core/Src/test.o
LOAD ./Core/Startup/startup_stm32f303retx.o
LOAD ./Drivers/STM32F3xx_HAL_Driver/Src/stm32f3xx_hal.o
LOAD ./Drivers/STM32F3xx_HAL_Driver/Src/stm32f3xx_hal_cortex.o
LOAD ./Drivers/STM32F3xx_HAL_Driver/Src/stm32f3xx_hal_dma.o
LOAD ./Drivers/STM32F3xx_HAL_Driver/Src/stm32f3xx_hal_exti.o
LOAD ./Drivers/STM32F3xx_HAL_Driver/Src/stm32f3xx_hal_flash.o
LOAD ./Drivers/STM32F3xx_HAL_Driver/Src/stm32f3xx_hal_flash_ex.o
LOAD ./Drivers/STM32F3xx_HAL_Driver/Src/stm32f3xx_hal_gpio.o
LOAD ./Drivers/STM32F3xx_HAL_Driver/Src/stm32f3xx_hal_i2c.o
LOAD ./Drivers/STM32F3xx_HAL_Driver/Src/stm32f3xx_hal_i2c_ex.o
LOAD ./Drivers/STM32F3xx_HAL_Driver/Src/stm32f3xx_hal_pwr.o
LOAD ./Drivers/STM32F3xx_HAL_Driver/Src/stm32f3xx_hal_pwr_ex.o
LOAD ./Drivers/STM32F3xx_HAL_Driver/Src/stm32f3xx_hal_rcc.o
LOAD ./Drivers/STM32F3xx_HAL_Driver/Src/stm32f3xx_hal_rcc_ex.o
START GROUP
LOAD C:/ST/STM32CubeIDE_1.17.0/STM32CubeIDE/plugins/com.st.stm32cube.ide.mcu.externaltools.gnu-tools-for-stm32.12.3.rel1.win32_1.1.0.202410251130/tools/bin/../lib/gcc/arm-none-eabi/12.3.1/../../../../arm-none-eabi/lib/thumb/v7e-m+fp/hard\libc_nano.a
LOAD C:/ST/STM32CubeIDE_1.17.0/STM32CubeIDE/plugins/com.st.stm32cube.ide.mcu.externaltools.gnu-tools-for-stm32.12.3.rel1.win32_1.1.0.202410251130/tools/bin/../lib/gcc/arm-none-eabi/12.3.1/../../../../arm-none-eabi/lib/thumb/v7e-m+fp/hard\libm.a
END GROUP
START GROUP
LOAD C:/ST/STM32CubeIDE_1.17.0/STM32CubeIDE/plugins/com.st.stm32cube.ide.mcu.externaltools.gnu-tools-for-stm32.12.3.rel1.win32_1.1.0.202410251130/tools/bin/../lib/gcc/arm-none-eabi/12.3.1/thumb/v7e-m+fp/hard\libgcc.a
LOAD C:/ST/STM32CubeIDE_1.17.0/STM32CubeIDE/plugins/com.st.stm32cube.ide.mcu.externaltools.gnu-tools-for-stm32.12.3.rel1.win32_1.1.0.202410251130/tools/bin/../lib/gcc/arm-none-eabi/12.3.1/../../../../arm-none-eabi/lib/thumb/v7e-m+fp/hard\libc_nano.a
END GROUP
START GROUP
LOAD C:/ST/STM32CubeIDE_1.17.0/STM32CubeIDE/plugins/com.st.stm32cube.ide.mcu.externaltools.gnu-tools-for-stm32.12.3.rel1.win32_1.1.0.202410251130/tools/bin/../lib/gcc/arm-none-eabi/12.3.1/thumb/v7e-m+fp/hard\libgcc.a
LOAD C:/ST/STM32CubeIDE_1.17.0/STM32CubeIDE/plugins/com.st.stm32cube.ide.mcu.externaltools.gnu-tools-for-stm32.12.3.rel1.win32_1.1.0.202410251130/tools/bin/../lib/gcc/arm-none-eabi/12.3.1/../../../../arm-none-eabi/lib/thumb/v7e-m+fp/hard\libc_nano.a
LOAD C:/ST/STM32CubeIDE_1.17.0/STM32CubeIDE/plugins/com.st.stm32cube.ide.mcu.externaltools.gnu-tools-for-stm32.12.3.rel1.win32_1.1.0.202410251130/tools/bin/../lib/gcc/arm-none-eabi/12.3.1/../../../../arm-none-eabi/lib/thumb/v7e-m+fp/hard\libnosys.a
END GROUP
START GROUP
LOAD C:/ST/STM32CubeIDE_1.17.0/STM32CubeIDE/plugins/com.st.stm32cube.ide.mcu.externaltools.gnu-tools-for-stm32.12.3.rel1.win32_1.1.0.202410251130/tools/bin/../lib/gcc/arm-none-eabi/12.3.1/thumb/v7e-m+fp/hard\libgcc.a
LOAD C:/ST/STM32CubeIDE_1.17.0/STM32CubeIDE/plugins/com.st.stm32cube.ide.mcu.externaltools.gnu-tools-for-stm32.12.3.rel1.win32_1.1.0.202410251130/tools/bin/../lib/gcc/arm-none-eabi/12.3.1/../../../../arm-none-eabi/lib/thumb/v7e-m+fp/hard\libc_nano.a
LOAD C:/ST/STM32CubeIDE_1.17.0/STM32CubeIDE/plugins/com.st.stm32cube.ide.mcu.externaltools.gnu-tools-for-stm32.12.3.rel1.win32_1.1.0.202410251130/tools/bin/../lib/gcc/arm-none-eabi/12.3.1/../../../../arm-none-eabi/lib/thumb/v7e-m+fp/hard\libnosys.a
END GROUP
LOAD C:/ST/STM32CubeIDE_1.17.0/STM32CubeIDE/plugins/com.st.stm32cube.ide.mcu.externaltools.gnu-tools-for-stm32.12.3.rel1.win32_1.1.0.202410251130/tools/bin/../lib/gcc/arm-none-eabi/12.3.1/thumb/v7e-m+fp/hard/crtend.o
LOAD C:/ST/STM32CubeIDE_1.17.0/STM32CubeIDE/plugins/com.st.stm32cube.ide.mcu.externaltools.gnu-tools-for-stm32.12.3.rel1.win32_1.1.0.202410251130/tools/bin/../lib/gcc/arm-none-eabi/12.3.1/thumb/v7e-m+fp/hard/crtn.o
                0x20010000                        _estack = (ORIGIN (RAM) + LENGTH (RAM))
                0x00000200                        _Min_Heap_Size = 0x200
                0x00000400                        _Min_Stack_Size = 0x400

.isr_vector     0x08000000      0x194
                0x08000000                        . = ALIGN (0x4)
 *(.isr_vector)
 .isr_vector    0x08000000      0x194 ./Core/Startup/startup_stm32f303retx.o
                0x08000000                g_pfnVectors
                0x08000194                        . = ALIGN (0x4)

.text           0x08000198     0x4a7c
                0x08000198                        . = ALIGN (0x4)
 *(.text)
 .text          0x08000198       0x40 C:/ST/STM32CubeIDE_1.17.0/STM32CubeIDE/plugins/com.st.stm32cube.ide.mcu.externaltools.gnu-tools-for-stm32.12.3.rel1.win32_1.1.0.202410251130/tools/bin/../lib/gcc/arm-none-eabi/12.3.1/thumb/v7e-m+fp/hard/crtbegin.o
 .text          0x080001d8       0x10 C:/ST/STM32CubeIDE_1.17.0/STM32CubeIDE/plugins/com.st.stm32cube.ide.mcu.externaltools.gnu-tools-for-stm32.12.3.rel1.win32_1.1.0.202410251130/tools/bin/../lib/gcc/arm-none-eabi/12.3.1/../../../../arm-none-eabi/lib/thumb/v7e-m+fp/hard\libc_nano.a(libc_a-strlen.o)
                0x080001d8                strlen
 .text          0x080001e8      0x378 C:/ST/STM32CubeIDE_1.17.0/STM32CubeIDE/plugins/com.st.stm32cube.ide.mcu.externaltools.gnu-tools-for-stm32.12.3.rel1.win32_1.1.0.202410251130/tools/bin/../lib/gcc/arm-none-eabi/12.3.1/thumb/v7e-m+fp/hard\libgcc.a(_arm_addsubdf3.o)
                0x080001e8                __aeabi_drsub
                0x080001f0                __aeabi_dsub
                0x080001f0                __subdf3
                0x080001f4                __aeabi_dadd
                0x080001f4                __adddf3
                0x0800046c                __floatunsidf
                0x0800046c                __aeabi_ui2d
                0x0800048c                __floatsidf
                0x0800048c                __aeabi_i2d
                0x080004b0                __aeabi_f2d
                0x080004b0                __extendsfdf2
                0x080004f4                __floatundidf
                0x080004f4                __aeabi_ul2d
                0x08000504                __floatdidf
                0x08000504                __aeabi_l2d
 .text          0x08000560      0x424 C:/ST/STM32CubeIDE_1.17.0/STM32CubeIDE/plugins/com.st.stm32cube.ide.mcu.externaltools.gnu-tools-for-stm32.12.3.rel1.win32_1.1.0.202410251130/tools/bin/../lib/gcc/arm-none-eabi/12.3.1/thumb/v7e-m+fp/hard\libgcc.a(_arm_muldivdf3.o)
                0x08000560                __aeabi_dmul
                0x08000560                __muldf3
                0x080007b4                __divdf3
                0x080007b4                __aeabi_ddiv
 .text          0x08000984      0x110 C:/ST/STM32CubeIDE_1.17.0/STM32CubeIDE/plugins/com.st.stm32cube.ide.mcu.externaltools.gnu-tools-for-stm32.12.3.rel1.win32_1.1.0.202410251130/tools/bin/../lib/gcc/arm-none-eabi/12.3.1/thumb/v7e-m+fp/hard\libgcc.a(_arm_cmpdf2.o)
                0x08000984                __gtdf2
                0x08000984                __gedf2
                0x0800098c                __ltdf2
                0x0800098c                __ledf2
                0x08000994                __nedf2
                0x08000994                __eqdf2
                0x08000994                __cmpdf2
                0x08000a10                __aeabi_cdrcmple
                0x08000a20                __aeabi_cdcmpeq
                0x08000a20                __aeabi_cdcmple
                0x08000a30                __aeabi_dcmpeq
                0x08000a44                __aeabi_dcmplt
                0x08000a58                __aeabi_dcmple
                0x08000a6c                __aeabi_dcmpge
                0x08000a80                __aeabi_dcmpgt
 .text          0x08000a94       0x2c C:/ST/STM32CubeIDE_1.17.0/STM32CubeIDE/plugins/com.st.stm32cube.ide.mcu.externaltools.gnu-tools-for-stm32.12.3.rel1.win32_1.1.0.202410251130/tools/bin/../lib/gcc/arm-none-eabi/12.3.1/thumb/v7e-m+fp/hard\libgcc.a(_arm_unorddf2.o)
                0x08000a94                __unorddf2
                0x08000a94                __aeabi_dcmpun
 .text          0x08000ac0       0x40 C:/ST/STM32CubeIDE_1.17.0/STM32CubeIDE/plugins/com.st.stm32cube.ide.mcu.externaltools.gnu-tools-for-stm32.12.3.rel1.win32_1.1.0.202410251130/tools/bin/../lib/gcc/arm-none-eabi/12.3.1/thumb/v7e-m+fp/hard\libgcc.a(_arm_fixunsdfsi.o)
                0x08000ac0                __aeabi_d2uiz
                0x08000ac0                __fixunsdfsi
 *(.text*)
 .text.LCD_write
                0x08000b00       0x3c ./Core/Src/ILI9341_paradriver.o
                0x08000b00                LCD_write
 .text.LCD_WR_REG
                0x08000b3c       0x24 ./Core/Src/ILI9341_paradriver.o
                0x08000b3c                LCD_WR_REG
 .text.LCD_WR_DATA
                0x08000b60       0x24 ./Core/Src/ILI9341_paradriver.o
                0x08000b60                LCD_WR_DATA
 .text.LCD_WriteReg
                0x08000b84       0x28 ./Core/Src/ILI9341_paradriver.o
                0x08000b84                LCD_WriteReg
 .text.LCD_WriteRAM_Prepare
                0x08000bac       0x18 ./Core/Src/ILI9341_paradriver.o
                0x08000bac                LCD_WriteRAM_Prepare
 .text.Lcd_WriteData_16Bit
                0x08000bc4       0x24 ./Core/Src/ILI9341_paradriver.o
                0x08000bc4                Lcd_WriteData_16Bit
 .text.LCD_DrawPoint
                0x08000be8       0x34 ./Core/Src/ILI9341_paradriver.o
                0x08000be8                LCD_DrawPoint
 .text.LCD_Clear
                0x08000c1c       0x5c ./Core/Src/ILI9341_paradriver.o
                0x08000c1c                LCD_Clear
 .text.LCD_RESET
                0x08000c78       0x24 ./Core/Src/ILI9341_paradriver.o
                0x08000c78                LCD_RESET
 .text.ILI9341_paradriver_Init
                0x08000c9c      0x242 ./Core/Src/ILI9341_paradriver.o
                0x08000c9c                ILI9341_paradriver_Init
 *fill*         0x08000ede        0x2 
 .text.LCD_SetWindows
                0x08000ee0       0xa4 ./Core/Src/ILI9341_paradriver.o
                0x08000ee0                LCD_SetWindows
 .text.LCD_SetCursor
                0x08000f84       0x24 ./Core/Src/ILI9341_paradriver.o
                0x08000f84                LCD_SetCursor
 .text.LCD_direction
                0x08000fa8       0xb0 ./Core/Src/ILI9341_paradriver.o
                0x08000fa8                LCD_direction
 .text.GUI_DrawPoint
                0x08001058       0x2e ./Core/Src/ILI9341_paradriver.o
                0x08001058                GUI_DrawPoint
 *fill*         0x08001086        0x2 
 .text.LCD_Fill
                0x08001088       0x98 ./Core/Src/ILI9341_paradriver.o
                0x08001088                LCD_Fill
 .text.LCD_DrawLine
                0x08001120      0x108 ./Core/Src/ILI9341_paradriver.o
                0x08001120                LCD_DrawLine
 .text._draw_circle_8
                0x08001228      0x116 ./Core/Src/ILI9341_paradriver.o
                0x08001228                _draw_circle_8
 .text.gui_circle
                0x0800133e       0xd8 ./Core/Src/ILI9341_paradriver.o
                0x0800133e                gui_circle
 *fill*         0x08001416        0x2 
 .text.LCD_ShowChar
                0x08001418      0x1b8 ./Core/Src/ILI9341_paradriver.o
                0x08001418                LCD_ShowChar
 .text.LCD_ShowString
                0x080015d0       0x88 ./Core/Src/ILI9341_paradriver.o
                0x080015d0                LCD_ShowString
 .text.mypow    0x08001658       0x38 ./Core/Src/ILI9341_paradriver.o
                0x08001658                mypow
 .text.LCD_ShowNum
                0x08001690      0x108 ./Core/Src/ILI9341_paradriver.o
                0x08001690                LCD_ShowNum
 .text.Show_Str
                0x08001798      0x104 ./Core/Src/ILI9341_paradriver.o
                0x08001798                Show_Str
 .text.Gui_StrCenter
                0x0800189c       0x68 ./Core/Src/ILI9341_paradriver.o
                0x0800189c                Gui_StrCenter
 .text.TP_Write_Byte
                0x08001904       0x60 ./Core/Src/XPT2046_driver.o
                0x08001904                TP_Write_Byte
 .text.TP_Read_AD
                0x08001964       0xb8 ./Core/Src/XPT2046_driver.o
                0x08001964                TP_Read_AD
 .text.TP_Read_XOY
                0x08001a1c       0xf4 ./Core/Src/XPT2046_driver.o
                0x08001a1c                TP_Read_XOY
 .text.TP_Read_XY
                0x08001b10       0x44 ./Core/Src/XPT2046_driver.o
                0x08001b10                TP_Read_XY
 .text.TP_Read_XY2
                0x08001b54       0xc4 ./Core/Src/XPT2046_driver.o
                0x08001b54                TP_Read_XY2
 .text.TP_Drow_Touch_Point
                0x08001c18       0xb0 ./Core/Src/XPT2046_driver.o
                0x08001c18                TP_Drow_Touch_Point
 .text.TP_Draw_Big_Point
                0x08001cc8       0x64 ./Core/Src/XPT2046_driver.o
                0x08001cc8                TP_Draw_Big_Point
 .text.TP_Scan  0x08001d2c      0x11c ./Core/Src/XPT2046_driver.o
                0x08001d2c                TP_Scan
 .text.TP_Save_Adjdata
                0x08001e48        0xe ./Core/Src/XPT2046_driver.o
                0x08001e48                TP_Save_Adjdata
 .text.TP_Get_Adjdata
                0x08001e56       0x10 ./Core/Src/XPT2046_driver.o
                0x08001e56                TP_Get_Adjdata
 *fill*         0x08001e66        0x2 
 .text.TP_Adj_Info_Show
                0x08001e68      0x178 ./Core/Src/XPT2046_driver.o
                0x08001e68                TP_Adj_Info_Show
 .text.TP_Adjust
                0x08001fe0      0x878 ./Core/Src/XPT2046_driver.o
                0x08001fe0                TP_Adjust
 .text.TP_Init  0x08002858       0x3c ./Core/Src/XPT2046_driver.o
                0x08002858                TP_Init
 .text.delay_init
                0x08002894       0x24 ./Core/Src/delay.o
                0x08002894                delay_init
 .text.delay_us
                0x080028b8       0x7c ./Core/Src/delay.o
                0x080028b8                delay_us
 .text.delay_ms
                0x08002934       0x30 ./Core/Src/delay.o
                0x08002934                delay_ms
 .text.main     0x08002964       0x20 ./Core/Src/main.o
                0x08002964                main
 .text.SystemClock_Config
                0x08002984       0x76 ./Core/Src/main.o
                0x08002984                SystemClock_Config
 *fill*         0x080029fa        0x2 
 .text.MX_GPIO_Init
                0x080029fc      0x120 ./Core/Src/main.o
 .text.Error_Handler
                0x08002b1c        0xc ./Core/Src/main.o
                0x08002b1c                Error_Handler
 .text.HAL_MspInit
                0x08002b28       0x48 ./Core/Src/stm32f3xx_hal_msp.o
                0x08002b28                HAL_MspInit
 .text.NMI_Handler
                0x08002b70        0x8 ./Core/Src/stm32f3xx_it.o
                0x08002b70                NMI_Handler
 .text.HardFault_Handler
                0x08002b78        0x8 ./Core/Src/stm32f3xx_it.o
                0x08002b78                HardFault_Handler
 .text.MemManage_Handler
                0x08002b80        0x8 ./Core/Src/stm32f3xx_it.o
                0x08002b80                MemManage_Handler
 .text.BusFault_Handler
                0x08002b88        0x8 ./Core/Src/stm32f3xx_it.o
                0x08002b88                BusFault_Handler
 .text.UsageFault_Handler
                0x08002b90        0x8 ./Core/Src/stm32f3xx_it.o
                0x08002b90                UsageFault_Handler
 .text.SVC_Handler
                0x08002b98        0xe ./Core/Src/stm32f3xx_it.o
                0x08002b98                SVC_Handler
 .text.DebugMon_Handler
                0x08002ba6        0xe ./Core/Src/stm32f3xx_it.o
                0x08002ba6                DebugMon_Handler
 .text.PendSV_Handler
                0x08002bb4        0xe ./Core/Src/stm32f3xx_it.o
                0x08002bb4                PendSV_Handler
 .text.SysTick_Handler
                0x08002bc2        0xc ./Core/Src/stm32f3xx_it.o
                0x08002bc2                SysTick_Handler
 *fill*         0x08002bce        0x2 
 .text.SystemInit
                0x08002bd0       0x24 ./Core/Src/system_stm32f3xx.o
                0x08002bd0                SystemInit
 .text.DrawTestPage
                0x08002bf4       0x94 ./Core/Src/test.o
                0x08002bf4                DrawTestPage
 .text.Touch_Test
                0x08002c88      0x224 ./Core/Src/test.o
                0x08002c88                Touch_Test
 .text.Reset_Handler
                0x08002eac       0x50 ./Core/Startup/startup_stm32f303retx.o
                0x08002eac                Reset_Handler
 .text.Default_Handler
                0x08002efc        0x2 ./Core/Startup/startup_stm32f303retx.o
                0x08002efc                RTC_Alarm_IRQHandler
                0x08002efc                TIM8_TRG_COM_IRQHandler
                0x08002efc                TIM8_CC_IRQHandler
                0x08002efc                SPI4_IRQHandler
                0x08002efc                TIM1_CC_IRQHandler
                0x08002efc                USB_HP_IRQHandler
                0x08002efc                PVD_IRQHandler
                0x08002efc                TAMP_STAMP_IRQHandler
                0x08002efc                EXTI3_IRQHandler
                0x08002efc                I2C3_ER_IRQHandler
                0x08002efc                USB_HP_CAN_TX_IRQHandler
                0x08002efc                EXTI0_IRQHandler
                0x08002efc                I2C2_EV_IRQHandler
                0x08002efc                FPU_IRQHandler
                0x08002efc                TIM1_UP_TIM16_IRQHandler
                0x08002efc                ADC1_2_IRQHandler
                0x08002efc                SPI1_IRQHandler
                0x08002efc                CAN_SCE_IRQHandler
                0x08002efc                TIM6_DAC_IRQHandler
                0x08002efc                TIM8_UP_IRQHandler
                0x08002efc                DMA2_Channel2_IRQHandler
                0x08002efc                DMA1_Channel4_IRQHandler
                0x08002efc                TIM20_TRG_COM_IRQHandler
                0x08002efc                USART3_IRQHandler
                0x08002efc                DMA1_Channel7_IRQHandler
                0x08002efc                UART5_IRQHandler
                0x08002efc                ADC3_IRQHandler
                0x08002efc                TIM4_IRQHandler
                0x08002efc                CAN_RX1_IRQHandler
                0x08002efc                DMA2_Channel1_IRQHandler
                0x08002efc                I2C1_EV_IRQHandler
                0x08002efc                DMA1_Channel6_IRQHandler
                0x08002efc                UART4_IRQHandler
                0x08002efc                DMA2_Channel4_IRQHandler
                0x08002efc                TIM3_IRQHandler
                0x08002efc                RCC_IRQHandler
                0x08002efc                TIM20_UP_IRQHandler
                0x08002efc                DMA1_Channel1_IRQHandler
                0x08002efc                Default_Handler
                0x08002efc                USBWakeUp_RMP_IRQHandler
                0x08002efc                EXTI15_10_IRQHandler
                0x08002efc                TIM7_IRQHandler
                0x08002efc                I2C3_EV_IRQHandler
                0x08002efc                EXTI9_5_IRQHandler
                0x08002efc                RTC_WKUP_IRQHandler
                0x08002efc                SPI2_IRQHandler
                0x08002efc                USB_LP_CAN_RX0_IRQHandler
                0x08002efc                DMA2_Channel5_IRQHandler
                0x08002efc                DMA1_Channel5_IRQHandler
                0x08002efc                USB_LP_IRQHandler
                0x08002efc                EXTI4_IRQHandler
                0x08002efc                TIM1_TRG_COM_TIM17_IRQHandler
                0x08002efc                DMA1_Channel3_IRQHandler
                0x08002efc                ADC4_IRQHandler
                0x08002efc                WWDG_IRQHandler
                0x08002efc                TIM2_IRQHandler
                0x08002efc                COMP7_IRQHandler
                0x08002efc                COMP1_2_3_IRQHandler
                0x08002efc                EXTI1_IRQHandler
                0x08002efc                USART2_IRQHandler
                0x08002efc                COMP4_5_6_IRQHandler
                0x08002efc                TIM20_BRK_IRQHandler
                0x08002efc                I2C2_ER_IRQHandler
                0x08002efc                DMA1_Channel2_IRQHandler
                0x08002efc                TIM8_BRK_IRQHandler
                0x08002efc                FLASH_IRQHandler
                0x08002efc                TIM20_CC_IRQHandler
                0x08002efc                USART1_IRQHandler
                0x08002efc                SPI3_IRQHandler
                0x08002efc                I2C1_ER_IRQHandler
                0x08002efc                FMC_IRQHandler
                0x08002efc                USBWakeUp_IRQHandler
                0x08002efc                DMA2_Channel3_IRQHandler
                0x08002efc                EXTI2_TSC_IRQHandler
                0x08002efc                TIM1_BRK_TIM15_IRQHandler
 *fill*         0x08002efe        0x2 
 .text.HAL_Init
                0x08002f00       0x2c ./Drivers/STM32F3xx_HAL_Driver/Src/stm32f3xx_hal.o
                0x08002f00                HAL_Init
 .text.HAL_InitTick
                0x08002f2c       0x60 ./Drivers/STM32F3xx_HAL_Driver/Src/stm32f3xx_hal.o
                0x08002f2c                HAL_InitTick
 .text.HAL_IncTick
                0x08002f8c       0x28 ./Drivers/STM32F3xx_HAL_Driver/Src/stm32f3xx_hal.o
                0x08002f8c                HAL_IncTick
 .text.HAL_GetTick
                0x08002fb4       0x18 ./Drivers/STM32F3xx_HAL_Driver/Src/stm32f3xx_hal.o
                0x08002fb4                HAL_GetTick
 .text.__NVIC_SetPriorityGrouping
                0x08002fcc       0x48 ./Drivers/STM32F3xx_HAL_Driver/Src/stm32f3xx_hal_cortex.o
 .text.__NVIC_GetPriorityGrouping
                0x08003014       0x1c ./Drivers/STM32F3xx_HAL_Driver/Src/stm32f3xx_hal_cortex.o
 .text.__NVIC_SetPriority
                0x08003030       0x54 ./Drivers/STM32F3xx_HAL_Driver/Src/stm32f3xx_hal_cortex.o
 .text.NVIC_EncodePriority
                0x08003084       0x66 ./Drivers/STM32F3xx_HAL_Driver/Src/stm32f3xx_hal_cortex.o
 *fill*         0x080030ea        0x2 
 .text.SysTick_Config
                0x080030ec       0x44 ./Drivers/STM32F3xx_HAL_Driver/Src/stm32f3xx_hal_cortex.o
 .text.HAL_NVIC_SetPriorityGrouping
                0x08003130       0x16 ./Drivers/STM32F3xx_HAL_Driver/Src/stm32f3xx_hal_cortex.o
                0x08003130                HAL_NVIC_SetPriorityGrouping
 .text.HAL_NVIC_SetPriority
                0x08003146       0x38 ./Drivers/STM32F3xx_HAL_Driver/Src/stm32f3xx_hal_cortex.o
                0x08003146                HAL_NVIC_SetPriority
 .text.HAL_SYSTICK_Config
                0x0800317e       0x18 ./Drivers/STM32F3xx_HAL_Driver/Src/stm32f3xx_hal_cortex.o
                0x0800317e                HAL_SYSTICK_Config
 *fill*         0x08003196        0x2 
 .text.HAL_SYSTICK_CLKSourceConfig
                0x08003198       0x38 ./Drivers/STM32F3xx_HAL_Driver/Src/stm32f3xx_hal_cortex.o
                0x08003198                HAL_SYSTICK_CLKSourceConfig
 .text.HAL_GPIO_Init
                0x080031d0      0x314 ./Drivers/STM32F3xx_HAL_Driver/Src/stm32f3xx_hal_gpio.o
                0x080031d0                HAL_GPIO_Init
 .text.HAL_GPIO_ReadPin
                0x080034e4       0x30 ./Drivers/STM32F3xx_HAL_Driver/Src/stm32f3xx_hal_gpio.o
                0x080034e4                HAL_GPIO_ReadPin
 .text.HAL_GPIO_WritePin
                0x08003514       0x30 ./Drivers/STM32F3xx_HAL_Driver/Src/stm32f3xx_hal_gpio.o
                0x08003514                HAL_GPIO_WritePin
 .text.HAL_RCC_OscConfig
                0x08003544     0x10a8 ./Drivers/STM32F3xx_HAL_Driver/Src/stm32f3xx_hal_rcc.o
                0x08003544                HAL_RCC_OscConfig
 .text.HAL_RCC_ClockConfig
                0x080045ec      0x2f8 ./Drivers/STM32F3xx_HAL_Driver/Src/stm32f3xx_hal_rcc.o
                0x080045ec                HAL_RCC_ClockConfig
 .text.HAL_RCC_GetSysClockFreq
                0x080048e4       0xa8 ./Drivers/STM32F3xx_HAL_Driver/Src/stm32f3xx_hal_rcc.o
                0x080048e4                HAL_RCC_GetSysClockFreq
 .text.memset   0x0800498c       0x10 C:/ST/STM32CubeIDE_1.17.0/STM32CubeIDE/plugins/com.st.stm32cube.ide.mcu.externaltools.gnu-tools-for-stm32.12.3.rel1.win32_1.1.0.202410251130/tools/bin/../lib/gcc/arm-none-eabi/12.3.1/../../../../arm-none-eabi/lib/thumb/v7e-m+fp/hard\libc_nano.a(libc_a-memset.o)
                0x0800498c                memset
 .text.__errno  0x0800499c        0xc C:/ST/STM32CubeIDE_1.17.0/STM32CubeIDE/plugins/com.st.stm32cube.ide.mcu.externaltools.gnu-tools-for-stm32.12.3.rel1.win32_1.1.0.202410251130/tools/bin/../lib/gcc/arm-none-eabi/12.3.1/../../../../arm-none-eabi/lib/thumb/v7e-m+fp/hard\libc_nano.a(libc_a-errno.o)
                0x0800499c                __errno
 .text.__libc_init_array
                0x080049a8       0x48 C:/ST/STM32CubeIDE_1.17.0/STM32CubeIDE/plugins/com.st.stm32cube.ide.mcu.externaltools.gnu-tools-for-stm32.12.3.rel1.win32_1.1.0.202410251130/tools/bin/../lib/gcc/arm-none-eabi/12.3.1/../../../../arm-none-eabi/lib/thumb/v7e-m+fp/hard\libc_nano.a(libc_a-init.o)
                0x080049a8                __libc_init_array
 .text.sqrt     0x080049f0       0x58 C:/ST/STM32CubeIDE_1.17.0/STM32CubeIDE/plugins/com.st.stm32cube.ide.mcu.externaltools.gnu-tools-for-stm32.12.3.rel1.win32_1.1.0.202410251130/tools/bin/../lib/gcc/arm-none-eabi/12.3.1/../../../../arm-none-eabi/lib/thumb/v7e-m+fp/hard\libm.a(libm_a-w_sqrt.o)
                0x080049f0                sqrt
 .text.__ieee754_sqrt
                0x08004a48      0x1b4 C:/ST/STM32CubeIDE_1.17.0/STM32CubeIDE/plugins/com.st.stm32cube.ide.mcu.externaltools.gnu-tools-for-stm32.12.3.rel1.win32_1.1.0.202410251130/tools/bin/../lib/gcc/arm-none-eabi/12.3.1/../../../../arm-none-eabi/lib/thumb/v7e-m+fp/hard\libm.a(libm_a-e_sqrt.o)
                0x08004a48                __ieee754_sqrt
 *(.glue_7)
 .glue_7        0x08004bfc        0x0 linker stubs
 *(.glue_7t)
 .glue_7t       0x08004bfc        0x0 linker stubs
 *(.eh_frame)
 .eh_frame      0x08004bfc        0x0 C:/ST/STM32CubeIDE_1.17.0/STM32CubeIDE/plugins/com.st.stm32cube.ide.mcu.externaltools.gnu-tools-for-stm32.12.3.rel1.win32_1.1.0.202410251130/tools/bin/../lib/gcc/arm-none-eabi/12.3.1/thumb/v7e-m+fp/hard/crtbegin.o
 *(.init)
 .init          0x08004bfc        0x4 C:/ST/STM32CubeIDE_1.17.0/STM32CubeIDE/plugins/com.st.stm32cube.ide.mcu.externaltools.gnu-tools-for-stm32.12.3.rel1.win32_1.1.0.202410251130/tools/bin/../lib/gcc/arm-none-eabi/12.3.1/thumb/v7e-m+fp/hard/crti.o
                0x08004bfc                _init
 .init          0x08004c00        0x8 C:/ST/STM32CubeIDE_1.17.0/STM32CubeIDE/plugins/com.st.stm32cube.ide.mcu.externaltools.gnu-tools-for-stm32.12.3.rel1.win32_1.1.0.202410251130/tools/bin/../lib/gcc/arm-none-eabi/12.3.1/thumb/v7e-m+fp/hard/crtn.o
 *(.fini)
 .fini          0x08004c08        0x4 C:/ST/STM32CubeIDE_1.17.0/STM32CubeIDE/plugins/com.st.stm32cube.ide.mcu.externaltools.gnu-tools-for-stm32.12.3.rel1.win32_1.1.0.202410251130/tools/bin/../lib/gcc/arm-none-eabi/12.3.1/thumb/v7e-m+fp/hard/crti.o
                0x08004c08                _fini
 .fini          0x08004c0c        0x8 C:/ST/STM32CubeIDE_1.17.0/STM32CubeIDE/plugins/com.st.stm32cube.ide.mcu.externaltools.gnu-tools-for-stm32.12.3.rel1.win32_1.1.0.202410251130/tools/bin/../lib/gcc/arm-none-eabi/12.3.1/thumb/v7e-m+fp/hard/crtn.o
                0x08004c14                        . = ALIGN (0x4)
                0x08004c14                        _etext = .

.vfp11_veneer   0x08004c14        0x0
 .vfp11_veneer  0x08004c14        0x0 linker stubs

.v4_bx          0x08004c14        0x0
 .v4_bx         0x08004c14        0x0 linker stubs

.iplt           0x08004c14        0x0
 .iplt          0x08004c14        0x0 C:/ST/STM32CubeIDE_1.17.0/STM32CubeIDE/plugins/com.st.stm32cube.ide.mcu.externaltools.gnu-tools-for-stm32.12.3.rel1.win32_1.1.0.202410251130/tools/bin/../lib/gcc/arm-none-eabi/12.3.1/thumb/v7e-m+fp/hard/crtbegin.o

.rodata         0x08004c14      0xc0c
                0x08004c14                        . = ALIGN (0x4)
 *(.rodata)
 .rodata        0x08004c14      0x150 ./Core/Src/XPT2046_driver.o
 .rodata        0x08004d64       0x28 ./Core/Src/test.o
 *(.rodata*)
 .rodata.asc2_1206
                0x08004d8c      0x474 ./Core/Src/ILI9341_paradriver.o
                0x08004d8c                asc2_1206
 .rodata.asc2_1608
                0x08005200      0x5f0 ./Core/Src/ILI9341_paradriver.o
                0x08005200                asc2_1608
 .rodata.AHBPrescTable
                0x080057f0       0x10 ./Core/Src/system_stm32f3xx.o
                0x080057f0                AHBPrescTable
 .rodata.aPLLMULFactorTable
                0x08005800       0x10 ./Drivers/STM32F3xx_HAL_Driver/Src/stm32f3xx_hal_rcc.o
 .rodata.aPredivFactorTable
                0x08005810       0x10 ./Drivers/STM32F3xx_HAL_Driver/Src/stm32f3xx_hal_rcc.o
                0x08005820                        . = ALIGN (0x4)

.ARM.extab      0x08005820        0x0
                0x08005820                        . = ALIGN (0x4)
 *(.ARM.extab* .gnu.linkonce.armextab.*)
                0x08005820                        . = ALIGN (0x4)

.ARM            0x08005820        0x8
                0x08005820                        . = ALIGN (0x4)
                0x08005820                        __exidx_start = .
 *(.ARM.exidx*)
 .ARM.exidx     0x08005820        0x8 C:/ST/STM32CubeIDE_1.17.0/STM32CubeIDE/plugins/com.st.stm32cube.ide.mcu.externaltools.gnu-tools-for-stm32.12.3.rel1.win32_1.1.0.202410251130/tools/bin/../lib/gcc/arm-none-eabi/12.3.1/../../../../arm-none-eabi/lib/thumb/v7e-m+fp/hard\libc_nano.a(libc_a-strlen.o)
                0x08005828                        __exidx_end = .
                0x08005828                        . = ALIGN (0x4)

.preinit_array  0x08005828        0x0
                0x08005828                        . = ALIGN (0x4)
                0x08005828                        PROVIDE (__preinit_array_start = .)
 *(.preinit_array*)
                0x08005828                        PROVIDE (__preinit_array_end = .)
                0x08005828                        . = ALIGN (0x4)

.init_array     0x08005828        0x4
                0x08005828                        . = ALIGN (0x4)
                0x08005828                        PROVIDE (__init_array_start = .)
 *(SORT_BY_NAME(.init_array.*))
 *(.init_array*)
 .init_array    0x08005828        0x4 C:/ST/STM32CubeIDE_1.17.0/STM32CubeIDE/plugins/com.st.stm32cube.ide.mcu.externaltools.gnu-tools-for-stm32.12.3.rel1.win32_1.1.0.202410251130/tools/bin/../lib/gcc/arm-none-eabi/12.3.1/thumb/v7e-m+fp/hard/crtbegin.o
                0x0800582c                        PROVIDE (__init_array_end = .)
                0x0800582c                        . = ALIGN (0x4)

.fini_array     0x0800582c        0x4
                0x0800582c                        . = ALIGN (0x4)
                [!provide]                        PROVIDE (__fini_array_start = .)
 *(SORT_BY_NAME(.fini_array.*))
 *(.fini_array*)
 .fini_array    0x0800582c        0x4 C:/ST/STM32CubeIDE_1.17.0/STM32CubeIDE/plugins/com.st.stm32cube.ide.mcu.externaltools.gnu-tools-for-stm32.12.3.rel1.win32_1.1.0.202410251130/tools/bin/../lib/gcc/arm-none-eabi/12.3.1/thumb/v7e-m+fp/hard/crtbegin.o
                [!provide]                        PROVIDE (__fini_array_end = .)
                0x08005830                        . = ALIGN (0x4)
                0x08005830                        _sidata = LOADADDR (.data)

.rel.dyn        0x08005830        0x0
 .rel.iplt      0x08005830        0x0 C:/ST/STM32CubeIDE_1.17.0/STM32CubeIDE/plugins/com.st.stm32cube.ide.mcu.externaltools.gnu-tools-for-stm32.12.3.rel1.win32_1.1.0.202410251130/tools/bin/../lib/gcc/arm-none-eabi/12.3.1/thumb/v7e-m+fp/hard/crtbegin.o

.data           0x20000000       0xa8 load address 0x08005830
                0x20000000                        . = ALIGN (0x4)
                0x20000000                        _sdata = .
 *(.data)
 *(.data*)
 .data.BACK_COLOR
                0x20000000        0x2 ./Core/Src/ILI9341_paradriver.o
                0x20000000                BACK_COLOR
 *fill*         0x20000002        0x2 
 .data.tp_dev   0x20000004       0x28 ./Core/Src/XPT2046_driver.o
                0x20000004                tp_dev
 .data.CMD_RDX  0x2000002c        0x1 ./Core/Src/XPT2046_driver.o
                0x2000002c                CMD_RDX
 .data.CMD_RDY  0x2000002d        0x1 ./Core/Src/XPT2046_driver.o
                0x2000002d                CMD_RDY
 *fill*         0x2000002e        0x2 
 .data.SystemCoreClock
                0x20000030        0x4 ./Core/Src/system_stm32f3xx.o
                0x20000030                SystemCoreClock
 .data.ColorTab
                0x20000034        0xa ./Core/Src/test.o
                0x20000034                ColorTab
 *fill*         0x2000003e        0x2 
 .data.uwTickPrio
                0x20000040        0x4 ./Drivers/STM32F3xx_HAL_Driver/Src/stm32f3xx_hal.o
                0x20000040                uwTickPrio
 .data.uwTickFreq
                0x20000044        0x1 ./Drivers/STM32F3xx_HAL_Driver/Src/stm32f3xx_hal.o
                0x20000044                uwTickFreq
 *fill*         0x20000045        0x3 
 .data._impure_ptr
                0x20000048        0x4 C:/ST/STM32CubeIDE_1.17.0/STM32CubeIDE/plugins/com.st.stm32cube.ide.mcu.externaltools.gnu-tools-for-stm32.12.3.rel1.win32_1.1.0.202410251130/tools/bin/../lib/gcc/arm-none-eabi/12.3.1/../../../../arm-none-eabi/lib/thumb/v7e-m+fp/hard\libc_nano.a(libc_a-impure.o)
                0x20000048                _impure_ptr
 .data._impure_data
                0x2000004c       0x4c C:/ST/STM32CubeIDE_1.17.0/STM32CubeIDE/plugins/com.st.stm32cube.ide.mcu.externaltools.gnu-tools-for-stm32.12.3.rel1.win32_1.1.0.202410251130/tools/bin/../lib/gcc/arm-none-eabi/12.3.1/../../../../arm-none-eabi/lib/thumb/v7e-m+fp/hard\libc_nano.a(libc_a-impure.o)
                0x2000004c                _impure_data
 .data.tiny     0x20000098        0x8 C:/ST/STM32CubeIDE_1.17.0/STM32CubeIDE/plugins/com.st.stm32cube.ide.mcu.externaltools.gnu-tools-for-stm32.12.3.rel1.win32_1.1.0.202410251130/tools/bin/../lib/gcc/arm-none-eabi/12.3.1/../../../../arm-none-eabi/lib/thumb/v7e-m+fp/hard\libm.a(libm_a-e_sqrt.o)
 .data.one      0x200000a0        0x8 C:/ST/STM32CubeIDE_1.17.0/STM32CubeIDE/plugins/com.st.stm32cube.ide.mcu.externaltools.gnu-tools-for-stm32.12.3.rel1.win32_1.1.0.202410251130/tools/bin/../lib/gcc/arm-none-eabi/12.3.1/../../../../arm-none-eabi/lib/thumb/v7e-m+fp/hard\libm.a(libm_a-e_sqrt.o)
 *(.RamFunc)
 *(.RamFunc*)
                0x200000a8                        . = ALIGN (0x4)
                0x200000a8                        _edata = .
                0x080058d8                        _siccmram = LOADADDR (.ccmram)

.igot.plt       0x200000a8        0x0 load address 0x080058d8
 .igot.plt      0x200000a8        0x0 C:/ST/STM32CubeIDE_1.17.0/STM32CubeIDE/plugins/com.st.stm32cube.ide.mcu.externaltools.gnu-tools-for-stm32.12.3.rel1.win32_1.1.0.202410251130/tools/bin/../lib/gcc/arm-none-eabi/12.3.1/thumb/v7e-m+fp/hard/crtbegin.o

.ccmram         0x10000000        0x0 load address 0x080058d8
                0x10000000                        . = ALIGN (0x4)
                0x10000000                        _sccmram = .
 *(.ccmram)
 *(.ccmram*)
                0x10000000                        . = ALIGN (0x4)
                0x10000000                        _eccmram = .
                0x10000000                        . = ALIGN (0x4)

.bss            0x200000a8      0x170
                0x200000a8                        _sbss = .
                0x200000a8                        __bss_start__ = _sbss
 *(.bss)
 .bss           0x200000a8       0x1c C:/ST/STM32CubeIDE_1.17.0/STM32CubeIDE/plugins/com.st.stm32cube.ide.mcu.externaltools.gnu-tools-for-stm32.12.3.rel1.win32_1.1.0.202410251130/tools/bin/../lib/gcc/arm-none-eabi/12.3.1/thumb/v7e-m+fp/hard/crtbegin.o
 *(.bss*)
 .bss.lcddev    0x200000c4       0x10 ./Core/Src/ILI9341_paradriver.o
                0x200000c4                lcddev
 .bss.POINT_COLOR
                0x200000d4        0x2 ./Core/Src/ILI9341_paradriver.o
                0x200000d4                POINT_COLOR
 *fill*         0x200000d6        0x2 
 .bss.fac_us    0x200000d8        0x4 ./Core/Src/delay.o
 .bss.uwTick    0x200000dc        0x4 ./Drivers/STM32F3xx_HAL_Driver/Src/stm32f3xx_hal.o
                0x200000dc                uwTick
 .bss.__sf      0x200000e0      0x138 C:/ST/STM32CubeIDE_1.17.0/STM32CubeIDE/plugins/com.st.stm32cube.ide.mcu.externaltools.gnu-tools-for-stm32.12.3.rel1.win32_1.1.0.202410251130/tools/bin/../lib/gcc/arm-none-eabi/12.3.1/../../../../arm-none-eabi/lib/thumb/v7e-m+fp/hard\libc_nano.a(libc_a-findfp.o)
                0x200000e0                __sf
 *(COMMON)
                0x20000218                        . = ALIGN (0x4)
                0x20000218                        _ebss = .
                0x20000218                        __bss_end__ = _ebss

._user_heap_stack
                0x20000218      0x600
                0x20000218                        . = ALIGN (0x8)
                [!provide]                        PROVIDE (end = .)
                0x20000218                        PROVIDE (_end = .)
                0x20000418                        . = (. + _Min_Heap_Size)
 *fill*         0x20000218      0x200 
                0x20000818                        . = (. + _Min_Stack_Size)
 *fill*         0x20000418      0x400 
                0x20000818                        . = ALIGN (0x8)

/DISCARD/
 libc.a(*)
 libm.a(*)
 libgcc.a(*)

.ARM.attributes
                0x00000000       0x30
 *(.ARM.attributes)
 .ARM.attributes
                0x00000000       0x22 C:/ST/STM32CubeIDE_1.17.0/STM32CubeIDE/plugins/com.st.stm32cube.ide.mcu.externaltools.gnu-tools-for-stm32.12.3.rel1.win32_1.1.0.202410251130/tools/bin/../lib/gcc/arm-none-eabi/12.3.1/thumb/v7e-m+fp/hard/crti.o
 .ARM.attributes
                0x00000022       0x34 C:/ST/STM32CubeIDE_1.17.0/STM32CubeIDE/plugins/com.st.stm32cube.ide.mcu.externaltools.gnu-tools-for-stm32.12.3.rel1.win32_1.1.0.202410251130/tools/bin/../lib/gcc/arm-none-eabi/12.3.1/thumb/v7e-m+fp/hard/crtbegin.o
 .ARM.attributes
                0x00000056       0x34 ./Core/Src/ILI9341_paradriver.o
 .ARM.attributes
                0x0000008a       0x34 ./Core/Src/XPT2046_driver.o
 .ARM.attributes
                0x000000be       0x34 ./Core/Src/delay.o
 .ARM.attributes
                0x000000f2       0x34 ./Core/Src/main.o
 .ARM.attributes
                0x00000126       0x34 ./Core/Src/stm32f3xx_hal_msp.o
 .ARM.attributes
                0x0000015a       0x34 ./Core/Src/stm32f3xx_it.o
 .ARM.attributes
                0x0000018e       0x34 ./Core/Src/system_stm32f3xx.o
 .ARM.attributes
                0x000001c2       0x34 ./Core/Src/test.o
 .ARM.attributes
                0x000001f6       0x21 ./Core/Startup/startup_stm32f303retx.o
 .ARM.attributes
                0x00000217       0x34 ./Drivers/STM32F3xx_HAL_Driver/Src/stm32f3xx_hal.o
 .ARM.attributes
                0x0000024b       0x34 ./Drivers/STM32F3xx_HAL_Driver/Src/stm32f3xx_hal_cortex.o
 .ARM.attributes
                0x0000027f       0x34 ./Drivers/STM32F3xx_HAL_Driver/Src/stm32f3xx_hal_gpio.o
 .ARM.attributes
                0x000002b3       0x34 ./Drivers/STM32F3xx_HAL_Driver/Src/stm32f3xx_hal_rcc.o
 .ARM.attributes
                0x000002e7       0x34 C:/ST/STM32CubeIDE_1.17.0/STM32CubeIDE/plugins/com.st.stm32cube.ide.mcu.externaltools.gnu-tools-for-stm32.12.3.rel1.win32_1.1.0.202410251130/tools/bin/../lib/gcc/arm-none-eabi/12.3.1/../../../../arm-none-eabi/lib/thumb/v7e-m+fp/hard\libc_nano.a(libc_a-findfp.o)
 .ARM.attributes
                0x0000031b       0x34 C:/ST/STM32CubeIDE_1.17.0/STM32CubeIDE/plugins/com.st.stm32cube.ide.mcu.externaltools.gnu-tools-for-stm32.12.3.rel1.win32_1.1.0.202410251130/tools/bin/../lib/gcc/arm-none-eabi/12.3.1/../../../../arm-none-eabi/lib/thumb/v7e-m+fp/hard\libc_nano.a(libc_a-memset.o)
 .ARM.attributes
                0x0000034f       0x34 C:/ST/STM32CubeIDE_1.17.0/STM32CubeIDE/plugins/com.st.stm32cube.ide.mcu.externaltools.gnu-tools-for-stm32.12.3.rel1.win32_1.1.0.202410251130/tools/bin/../lib/gcc/arm-none-eabi/12.3.1/../../../../arm-none-eabi/lib/thumb/v7e-m+fp/hard\libc_nano.a(libc_a-impure.o)
 .ARM.attributes
                0x00000383       0x34 C:/ST/STM32CubeIDE_1.17.0/STM32CubeIDE/plugins/com.st.stm32cube.ide.mcu.externaltools.gnu-tools-for-stm32.12.3.rel1.win32_1.1.0.202410251130/tools/bin/../lib/gcc/arm-none-eabi/12.3.1/../../../../arm-none-eabi/lib/thumb/v7e-m+fp/hard\libc_nano.a(libc_a-errno.o)
 .ARM.attributes
                0x000003b7       0x34 C:/ST/STM32CubeIDE_1.17.0/STM32CubeIDE/plugins/com.st.stm32cube.ide.mcu.externaltools.gnu-tools-for-stm32.12.3.rel1.win32_1.1.0.202410251130/tools/bin/../lib/gcc/arm-none-eabi/12.3.1/../../../../arm-none-eabi/lib/thumb/v7e-m+fp/hard\libc_nano.a(libc_a-init.o)
 .ARM.attributes
                0x000003eb       0x17 C:/ST/STM32CubeIDE_1.17.0/STM32CubeIDE/plugins/com.st.stm32cube.ide.mcu.externaltools.gnu-tools-for-stm32.12.3.rel1.win32_1.1.0.202410251130/tools/bin/../lib/gcc/arm-none-eabi/12.3.1/../../../../arm-none-eabi/lib/thumb/v7e-m+fp/hard\libc_nano.a(libc_a-strlen.o)
 .ARM.attributes
                0x00000402       0x34 C:/ST/STM32CubeIDE_1.17.0/STM32CubeIDE/plugins/com.st.stm32cube.ide.mcu.externaltools.gnu-tools-for-stm32.12.3.rel1.win32_1.1.0.202410251130/tools/bin/../lib/gcc/arm-none-eabi/12.3.1/../../../../arm-none-eabi/lib/thumb/v7e-m+fp/hard\libm.a(libm_a-w_sqrt.o)
 .ARM.attributes
                0x00000436       0x34 C:/ST/STM32CubeIDE_1.17.0/STM32CubeIDE/plugins/com.st.stm32cube.ide.mcu.externaltools.gnu-tools-for-stm32.12.3.rel1.win32_1.1.0.202410251130/tools/bin/../lib/gcc/arm-none-eabi/12.3.1/../../../../arm-none-eabi/lib/thumb/v7e-m+fp/hard\libm.a(libm_a-e_sqrt.o)
 .ARM.attributes
                0x0000046a       0x22 C:/ST/STM32CubeIDE_1.17.0/STM32CubeIDE/plugins/com.st.stm32cube.ide.mcu.externaltools.gnu-tools-for-stm32.12.3.rel1.win32_1.1.0.202410251130/tools/bin/../lib/gcc/arm-none-eabi/12.3.1/thumb/v7e-m+fp/hard\libgcc.a(_arm_addsubdf3.o)
 .ARM.attributes
                0x0000048c       0x22 C:/ST/STM32CubeIDE_1.17.0/STM32CubeIDE/plugins/com.st.stm32cube.ide.mcu.externaltools.gnu-tools-for-stm32.12.3.rel1.win32_1.1.0.202410251130/tools/bin/../lib/gcc/arm-none-eabi/12.3.1/thumb/v7e-m+fp/hard\libgcc.a(_arm_muldivdf3.o)
 .ARM.attributes
                0x000004ae       0x22 C:/ST/STM32CubeIDE_1.17.0/STM32CubeIDE/plugins/com.st.stm32cube.ide.mcu.externaltools.gnu-tools-for-stm32.12.3.rel1.win32_1.1.0.202410251130/tools/bin/../lib/gcc/arm-none-eabi/12.3.1/thumb/v7e-m+fp/hard\libgcc.a(_arm_cmpdf2.o)
 .ARM.attributes
                0x000004d0       0x22 C:/ST/STM32CubeIDE_1.17.0/STM32CubeIDE/plugins/com.st.stm32cube.ide.mcu.externaltools.gnu-tools-for-stm32.12.3.rel1.win32_1.1.0.202410251130/tools/bin/../lib/gcc/arm-none-eabi/12.3.1/thumb/v7e-m+fp/hard\libgcc.a(_arm_unorddf2.o)
 .ARM.attributes
                0x000004f2       0x22 C:/ST/STM32CubeIDE_1.17.0/STM32CubeIDE/plugins/com.st.stm32cube.ide.mcu.externaltools.gnu-tools-for-stm32.12.3.rel1.win32_1.1.0.202410251130/tools/bin/../lib/gcc/arm-none-eabi/12.3.1/thumb/v7e-m+fp/hard\libgcc.a(_arm_fixunsdfsi.o)
 .ARM.attributes
                0x00000514       0x22 C:/ST/STM32CubeIDE_1.17.0/STM32CubeIDE/plugins/com.st.stm32cube.ide.mcu.externaltools.gnu-tools-for-stm32.12.3.rel1.win32_1.1.0.202410251130/tools/bin/../lib/gcc/arm-none-eabi/12.3.1/thumb/v7e-m+fp/hard/crtn.o
OUTPUT(STM32_ILI9341_XPT2046_PARA_LCD_withoutLVGL.elf elf32-littlearm)
LOAD linker stubs
LOAD C:/ST/STM32CubeIDE_1.17.0/STM32CubeIDE/plugins/com.st.stm32cube.ide.mcu.externaltools.gnu-tools-for-stm32.12.3.rel1.win32_1.1.0.202410251130/tools/bin/../lib/gcc/arm-none-eabi/12.3.1/../../../../arm-none-eabi/lib/thumb/v7e-m+fp/hard\libc.a
LOAD C:/ST/STM32CubeIDE_1.17.0/STM32CubeIDE/plugins/com.st.stm32cube.ide.mcu.externaltools.gnu-tools-for-stm32.12.3.rel1.win32_1.1.0.202410251130/tools/bin/../lib/gcc/arm-none-eabi/12.3.1/../../../../arm-none-eabi/lib/thumb/v7e-m+fp/hard\libm.a
LOAD C:/ST/STM32CubeIDE_1.17.0/STM32CubeIDE/plugins/com.st.stm32cube.ide.mcu.externaltools.gnu-tools-for-stm32.12.3.rel1.win32_1.1.0.202410251130/tools/bin/../lib/gcc/arm-none-eabi/12.3.1/thumb/v7e-m+fp/hard\libgcc.a

.debug_info     0x00000000     0x5d9f
 .debug_info    0x00000000     0x10b9 ./Core/Src/ILI9341_paradriver.o
 .debug_info    0x000010b9      0x87a ./Core/Src/XPT2046_driver.o
 .debug_info    0x00001933      0x215 ./Core/Src/delay.o
 .debug_info    0x00001b48      0x5b8 ./Core/Src/main.o
 .debug_info    0x00002100      0x18d ./Core/Src/stm32f3xx_hal_msp.o
 .debug_info    0x0000228d      0x113 ./Core/Src/stm32f3xx_it.o
 .debug_info    0x000023a0      0x407 ./Core/Src/system_stm32f3xx.o
 .debug_info    0x000027a7      0x570 ./Core/Src/test.o
 .debug_info    0x00002d17       0x30 ./Core/Startup/startup_stm32f303retx.o
 .debug_info    0x00002d47      0x804 ./Drivers/STM32F3xx_HAL_Driver/Src/stm32f3xx_hal.o
 .debug_info    0x0000354b      0xd14 ./Drivers/STM32F3xx_HAL_Driver/Src/stm32f3xx_hal_cortex.o
 .debug_info    0x0000425f      0x6a6 ./Drivers/STM32F3xx_HAL_Driver/Src/stm32f3xx_hal_gpio.o
 .debug_info    0x00004905     0x149a ./Drivers/STM32F3xx_HAL_Driver/Src/stm32f3xx_hal_rcc.o

.debug_abbrev   0x00000000     0x1884
 .debug_abbrev  0x00000000      0x365 ./Core/Src/ILI9341_paradriver.o
 .debug_abbrev  0x00000365      0x2f6 ./Core/Src/XPT2046_driver.o
 .debug_abbrev  0x0000065b      0x14d ./Core/Src/delay.o
 .debug_abbrev  0x000007a8      0x227 ./Core/Src/main.o
 .debug_abbrev  0x000009cf       0xc6 ./Core/Src/stm32f3xx_hal_msp.o
 .debug_abbrev  0x00000a95       0x73 ./Core/Src/stm32f3xx_it.o
 .debug_abbrev  0x00000b08      0x11a ./Core/Src/system_stm32f3xx.o
 .debug_abbrev  0x00000c22      0x241 ./Core/Src/test.o
 .debug_abbrev  0x00000e63       0x24 ./Core/Startup/startup_stm32f303retx.o
 .debug_abbrev  0x00000e87      0x215 ./Drivers/STM32F3xx_HAL_Driver/Src/stm32f3xx_hal.o
 .debug_abbrev  0x0000109c      0x31e ./Drivers/STM32F3xx_HAL_Driver/Src/stm32f3xx_hal_cortex.o
 .debug_abbrev  0x000013ba      0x1ca ./Drivers/STM32F3xx_HAL_Driver/Src/stm32f3xx_hal_gpio.o
 .debug_abbrev  0x00001584      0x300 ./Drivers/STM32F3xx_HAL_Driver/Src/stm32f3xx_hal_rcc.o

.debug_aranges  0x00000000      0x668
 .debug_aranges
                0x00000000      0x150 ./Core/Src/ILI9341_paradriver.o
 .debug_aranges
                0x00000150       0x80 ./Core/Src/XPT2046_driver.o
 .debug_aranges
                0x000001d0       0x30 ./Core/Src/delay.o
 .debug_aranges
                0x00000200       0x38 ./Core/Src/main.o
 .debug_aranges
                0x00000238       0x20 ./Core/Src/stm32f3xx_hal_msp.o
 .debug_aranges
                0x00000258       0x60 ./Core/Src/stm32f3xx_it.o
 .debug_aranges
                0x000002b8       0x28 ./Core/Src/system_stm32f3xx.o
 .debug_aranges
                0x000002e0       0x78 ./Core/Src/test.o
 .debug_aranges
                0x00000358       0x28 ./Core/Startup/startup_stm32f303retx.o
 .debug_aranges
                0x00000380       0xe0 ./Drivers/STM32F3xx_HAL_Driver/Src/stm32f3xx_hal.o
 .debug_aranges
                0x00000460      0x128 ./Drivers/STM32F3xx_HAL_Driver/Src/stm32f3xx_hal_cortex.o
 .debug_aranges
                0x00000588       0x58 ./Drivers/STM32F3xx_HAL_Driver/Src/stm32f3xx_hal_gpio.o
 .debug_aranges
                0x000005e0       0x88 ./Drivers/STM32F3xx_HAL_Driver/Src/stm32f3xx_hal_rcc.o

.debug_rnglists
                0x00000000      0x4af
 .debug_rnglists
                0x00000000      0x106 ./Core/Src/ILI9341_paradriver.o
 .debug_rnglists
                0x00000106       0x62 ./Core/Src/XPT2046_driver.o
 .debug_rnglists
                0x00000168       0x1f ./Core/Src/delay.o
 .debug_rnglists
                0x00000187       0x26 ./Core/Src/main.o
 .debug_rnglists
                0x000001ad       0x13 ./Core/Src/stm32f3xx_hal_msp.o
 .debug_rnglists
                0x000001c0       0x43 ./Core/Src/stm32f3xx_it.o
 .debug_rnglists
                0x00000203       0x1a ./Core/Src/system_stm32f3xx.o
 .debug_rnglists
                0x0000021d       0x57 ./Core/Src/test.o
 .debug_rnglists
                0x00000274       0x19 ./Core/Startup/startup_stm32f303retx.o
 .debug_rnglists
                0x0000028d       0xa3 ./Drivers/STM32F3xx_HAL_Driver/Src/stm32f3xx_hal.o
 .debug_rnglists
                0x00000330       0xda ./Drivers/STM32F3xx_HAL_Driver/Src/stm32f3xx_hal_cortex.o
 .debug_rnglists
                0x0000040a       0x3f ./Drivers/STM32F3xx_HAL_Driver/Src/stm32f3xx_hal_gpio.o
 .debug_rnglists
                0x00000449       0x66 ./Drivers/STM32F3xx_HAL_Driver/Src/stm32f3xx_hal_rcc.o

.debug_macro    0x00000000     0x2853
 .debug_macro   0x00000000      0x2b1 ./Core/Src/ILI9341_paradriver.o
 .debug_macro   0x000002b1       0x2a ./Core/Src/ILI9341_paradriver.o
 .debug_macro   0x000002db       0x61 ./Core/Src/ILI9341_paradriver.o
 .debug_macro   0x0000033c       0x43 ./Core/Src/ILI9341_paradriver.o
 .debug_macro   0x0000037f       0x34 ./Core/Src/ILI9341_paradriver.o
 .debug_macro   0x000003b3       0x16 ./Core/Src/ILI9341_paradriver.o
 .debug_macro   0x000003c9       0x35 ./Core/Src/ILI9341_paradriver.o
 .debug_macro   0x000003fe       0x16 ./Core/Src/ILI9341_paradriver.o
 .debug_macro   0x00000414       0x43 ./Core/Src/ILI9341_paradriver.o
 .debug_macro   0x00000457       0x34 ./Core/Src/ILI9341_paradriver.o
 .debug_macro   0x0000048b       0x10 ./Core/Src/ILI9341_paradriver.o
 .debug_macro   0x0000049b       0x58 ./Core/Src/ILI9341_paradriver.o
 .debug_macro   0x000004f3       0x8e ./Core/Src/ILI9341_paradriver.o
 .debug_macro   0x00000581       0x1c ./Core/Src/ILI9341_paradriver.o
 .debug_macro   0x0000059d      0x177 ./Core/Src/ILI9341_paradriver.o
 .debug_macro   0x00000714      0x369 ./Core/Src/ILI9341_paradriver.o
 .debug_macro   0x00000a7d       0x16 ./Core/Src/ILI9341_paradriver.o
 .debug_macro   0x00000a93       0x29 ./Core/Src/ILI9341_paradriver.o
 .debug_macro   0x00000abc      0x12f ./Core/Src/ILI9341_paradriver.o
 .debug_macro   0x00000beb      0x2e5 ./Core/Src/XPT2046_driver.o
 .debug_macro   0x00000ed0       0x68 ./Core/Src/XPT2046_driver.o
 .debug_macro   0x00000f38      0x19b ./Core/Src/XPT2046_driver.o
 .debug_macro   0x000010d3      0x1c8 ./Core/Src/delay.o
 .debug_macro   0x0000129b      0x2bd ./Core/Src/main.o
 .debug_macro   0x00001558      0x12a ./Core/Src/main.o
 .debug_macro   0x00001682       0x6e ./Core/Src/main.o
 .debug_macro   0x000016f0       0x16 ./Core/Src/main.o
 .debug_macro   0x00001706      0x1b9 ./Core/Src/stm32f3xx_hal_msp.o
 .debug_macro   0x000018bf      0x1c3 ./Core/Src/stm32f3xx_it.o
 .debug_macro   0x00001a82      0x1af ./Core/Src/system_stm32f3xx.o
 .debug_macro   0x00001c31      0x2f3 ./Core/Src/test.o
 .debug_macro   0x00001f24       0x16 ./Core/Src/test.o
 .debug_macro   0x00001f3a       0x9e ./Core/Src/test.o
 .debug_macro   0x00001fd8      0x10b ./Core/Src/test.o
 .debug_macro   0x000020e3       0x16 ./Core/Src/test.o
 .debug_macro   0x000020f9       0x4f ./Core/Src/test.o
 .debug_macro   0x00002148      0x1d3 ./Drivers/STM32F3xx_HAL_Driver/Src/stm32f3xx_hal.o
 .debug_macro   0x0000231b      0x1af ./Drivers/STM32F3xx_HAL_Driver/Src/stm32f3xx_hal_cortex.o
 .debug_macro   0x000024ca      0x1b6 ./Drivers/STM32F3xx_HAL_Driver/Src/stm32f3xx_hal_gpio.o
 .debug_macro   0x00002680      0x1d3 ./Drivers/STM32F3xx_HAL_Driver/Src/stm32f3xx_hal_rcc.o

.debug_line     0x00000000     0x8a35
 .debug_line    0x00000000     0x12c7 ./Core/Src/ILI9341_paradriver.o
 .debug_line    0x000012c7      0xf9a ./Core/Src/XPT2046_driver.o
 .debug_line    0x00002261      0x799 ./Core/Src/delay.o
 .debug_line    0x000029fa      0x971 ./Core/Src/main.o
 .debug_line    0x0000336b      0x70d ./Core/Src/stm32f3xx_hal_msp.o
 .debug_line    0x00003a78      0x7d0 ./Core/Src/stm32f3xx_it.o
 .debug_line    0x00004248      0x78c ./Core/Src/system_stm32f3xx.o
 .debug_line    0x000049d4      0xab3 ./Core/Src/test.o
 .debug_line    0x00005487       0x7a ./Core/Startup/startup_stm32f303retx.o
 .debug_line    0x00005501      0x9bf ./Drivers/STM32F3xx_HAL_Driver/Src/stm32f3xx_hal.o
 .debug_line    0x00005ec0      0xcac ./Drivers/STM32F3xx_HAL_Driver/Src/stm32f3xx_hal_cortex.o
 .debug_line    0x00006b6c      0xb5e ./Drivers/STM32F3xx_HAL_Driver/Src/stm32f3xx_hal_gpio.o
 .debug_line    0x000076ca     0x136b ./Drivers/STM32F3xx_HAL_Driver/Src/stm32f3xx_hal_rcc.o

.debug_str      0x00000000    0xbc24d
 .debug_str     0x00000000    0xb9bcb ./Core/Src/ILI9341_paradriver.o
                              0xba29f (size before relaxing)
 .debug_str     0x000b9bcb      0xb8a ./Core/Src/XPT2046_driver.o
                              0xbaa98 (size before relaxing)
 .debug_str     0x000ba755       0x5a ./Core/Src/delay.o
                              0xb698b (size before relaxing)
 .debug_str     0x000ba7af      0x225 ./Core/Src/main.o
                              0xba311 (size before relaxing)
 .debug_str     0x000ba9d4       0x2c ./Core/Src/stm32f3xx_hal_msp.o
                              0xb62c4 (size before relaxing)
 .debug_str     0x000baa00       0xc9 ./Core/Src/stm32f3xx_it.o
                              0xb62f3 (size before relaxing)
 .debug_str     0x000baac9       0xe9 ./Core/Src/system_stm32f3xx.o
                              0xb6382 (size before relaxing)
 .debug_str     0x000babb2      0x6db ./Core/Src/test.o
                              0xba84e (size before relaxing)
 .debug_str     0x000bb28d       0x9b ./Core/Startup/startup_stm32f303retx.o
 .debug_str     0x000bb328      0x70f ./Drivers/STM32F3xx_HAL_Driver/Src/stm32f3xx_hal.o
                              0xb6c2b (size before relaxing)
 .debug_str     0x000bba37      0x3b2 ./Drivers/STM32F3xx_HAL_Driver/Src/stm32f3xx_hal_cortex.o
                              0xb6caf (size before relaxing)
 .debug_str     0x000bbde9      0x18e ./Drivers/STM32F3xx_HAL_Driver/Src/stm32f3xx_hal_gpio.o
                              0xb6567 (size before relaxing)
 .debug_str     0x000bbf77      0x2d6 ./Drivers/STM32F3xx_HAL_Driver/Src/stm32f3xx_hal_rcc.o
                              0xb6826 (size before relaxing)

.comment        0x00000000       0x43
 .comment       0x00000000       0x43 ./Core/Src/ILI9341_paradriver.o
                                 0x44 (size before relaxing)
 .comment       0x00000043       0x44 ./Core/Src/XPT2046_driver.o
 .comment       0x00000043       0x44 ./Core/Src/delay.o
 .comment       0x00000043       0x44 ./Core/Src/main.o
 .comment       0x00000043       0x44 ./Core/Src/stm32f3xx_hal_msp.o
 .comment       0x00000043       0x44 ./Core/Src/stm32f3xx_it.o
 .comment       0x00000043       0x44 ./Core/Src/system_stm32f3xx.o
 .comment       0x00000043       0x44 ./Core/Src/test.o
 .comment       0x00000043       0x44 ./Drivers/STM32F3xx_HAL_Driver/Src/stm32f3xx_hal.o
 .comment       0x00000043       0x44 ./Drivers/STM32F3xx_HAL_Driver/Src/stm32f3xx_hal_cortex.o
 .comment       0x00000043       0x44 ./Drivers/STM32F3xx_HAL_Driver/Src/stm32f3xx_hal_gpio.o
 .comment       0x00000043       0x44 ./Drivers/STM32F3xx_HAL_Driver/Src/stm32f3xx_hal_rcc.o

.debug_frame    0x00000000     0x1b78
 .debug_frame   0x00000000      0x5b0 ./Core/Src/ILI9341_paradriver.o
 .debug_frame   0x000005b0      0x1f0 ./Core/Src/XPT2046_driver.o
 .debug_frame   0x000007a0       0x80 ./Core/Src/delay.o
 .debug_frame   0x00000820       0x8c ./Core/Src/main.o
 .debug_frame   0x000008ac       0x38 ./Core/Src/stm32f3xx_hal_msp.o
 .debug_frame   0x000008e4      0x104 ./Core/Src/stm32f3xx_it.o
 .debug_frame   0x000009e8       0x58 ./Core/Src/system_stm32f3xx.o
 .debug_frame   0x00000a40      0x194 ./Core/Src/test.o
 .debug_frame   0x00000bd4      0x334 ./Drivers/STM32F3xx_HAL_Driver/Src/stm32f3xx_hal.o
 .debug_frame   0x00000f08      0x4e8 ./Drivers/STM32F3xx_HAL_Driver/Src/stm32f3xx_hal_cortex.o
 .debug_frame   0x000013f0      0x14c ./Drivers/STM32F3xx_HAL_Driver/Src/stm32f3xx_hal_gpio.o
 .debug_frame   0x0000153c      0x214 ./Drivers/STM32F3xx_HAL_Driver/Src/stm32f3xx_hal_rcc.o
 .debug_frame   0x00001750      0x144 C:/ST/STM32CubeIDE_1.17.0/STM32CubeIDE/plugins/com.st.stm32cube.ide.mcu.externaltools.gnu-tools-for-stm32.12.3.rel1.win32_1.1.0.202410251130/tools/bin/../lib/gcc/arm-none-eabi/12.3.1/../../../../arm-none-eabi/lib/thumb/v7e-m+fp/hard\libc_nano.a(libc_a-findfp.o)
 .debug_frame   0x00001894       0x20 C:/ST/STM32CubeIDE_1.17.0/STM32CubeIDE/plugins/com.st.stm32cube.ide.mcu.externaltools.gnu-tools-for-stm32.12.3.rel1.win32_1.1.0.202410251130/tools/bin/../lib/gcc/arm-none-eabi/12.3.1/../../../../arm-none-eabi/lib/thumb/v7e-m+fp/hard\libc_nano.a(libc_a-memset.o)
 .debug_frame   0x000018b4       0x20 C:/ST/STM32CubeIDE_1.17.0/STM32CubeIDE/plugins/com.st.stm32cube.ide.mcu.externaltools.gnu-tools-for-stm32.12.3.rel1.win32_1.1.0.202410251130/tools/bin/../lib/gcc/arm-none-eabi/12.3.1/../../../../arm-none-eabi/lib/thumb/v7e-m+fp/hard\libc_nano.a(libc_a-errno.o)
 .debug_frame   0x000018d4       0x2c C:/ST/STM32CubeIDE_1.17.0/STM32CubeIDE/plugins/com.st.stm32cube.ide.mcu.externaltools.gnu-tools-for-stm32.12.3.rel1.win32_1.1.0.202410251130/tools/bin/../lib/gcc/arm-none-eabi/12.3.1/../../../../arm-none-eabi/lib/thumb/v7e-m+fp/hard\libc_nano.a(libc_a-init.o)
 .debug_frame   0x00001900       0x3c C:/ST/STM32CubeIDE_1.17.0/STM32CubeIDE/plugins/com.st.stm32cube.ide.mcu.externaltools.gnu-tools-for-stm32.12.3.rel1.win32_1.1.0.202410251130/tools/bin/../lib/gcc/arm-none-eabi/12.3.1/../../../../arm-none-eabi/lib/thumb/v7e-m+fp/hard\libm.a(libm_a-w_sqrt.o)
 .debug_frame   0x0000193c       0x38 C:/ST/STM32CubeIDE_1.17.0/STM32CubeIDE/plugins/com.st.stm32cube.ide.mcu.externaltools.gnu-tools-for-stm32.12.3.rel1.win32_1.1.0.202410251130/tools/bin/../lib/gcc/arm-none-eabi/12.3.1/../../../../arm-none-eabi/lib/thumb/v7e-m+fp/hard\libm.a(libm_a-e_sqrt.o)
 .debug_frame   0x00001974       0xac C:/ST/STM32CubeIDE_1.17.0/STM32CubeIDE/plugins/com.st.stm32cube.ide.mcu.externaltools.gnu-tools-for-stm32.12.3.rel1.win32_1.1.0.202410251130/tools/bin/../lib/gcc/arm-none-eabi/12.3.1/thumb/v7e-m+fp/hard\libgcc.a(_arm_addsubdf3.o)
 .debug_frame   0x00001a20       0x50 C:/ST/STM32CubeIDE_1.17.0/STM32CubeIDE/plugins/com.st.stm32cube.ide.mcu.externaltools.gnu-tools-for-stm32.12.3.rel1.win32_1.1.0.202410251130/tools/bin/../lib/gcc/arm-none-eabi/12.3.1/thumb/v7e-m+fp/hard\libgcc.a(_arm_muldivdf3.o)
 .debug_frame   0x00001a70       0xc4 C:/ST/STM32CubeIDE_1.17.0/STM32CubeIDE/plugins/com.st.stm32cube.ide.mcu.externaltools.gnu-tools-for-stm32.12.3.rel1.win32_1.1.0.202410251130/tools/bin/../lib/gcc/arm-none-eabi/12.3.1/thumb/v7e-m+fp/hard\libgcc.a(_arm_cmpdf2.o)
 .debug_frame   0x00001b34       0x20 C:/ST/STM32CubeIDE_1.17.0/STM32CubeIDE/plugins/com.st.stm32cube.ide.mcu.externaltools.gnu-tools-for-stm32.12.3.rel1.win32_1.1.0.202410251130/tools/bin/../lib/gcc/arm-none-eabi/12.3.1/thumb/v7e-m+fp/hard\libgcc.a(_arm_unorddf2.o)
 .debug_frame   0x00001b54       0x24 C:/ST/STM32CubeIDE_1.17.0/STM32CubeIDE/plugins/com.st.stm32cube.ide.mcu.externaltools.gnu-tools-for-stm32.12.3.rel1.win32_1.1.0.202410251130/tools/bin/../lib/gcc/arm-none-eabi/12.3.1/thumb/v7e-m+fp/hard\libgcc.a(_arm_fixunsdfsi.o)

.debug_line_str
                0x00000000       0x7f
 .debug_line_str
                0x00000000       0x7f ./Core/Startup/startup_stm32f303retx.o
