Archive member included to satisfy reference by file (symbol)

C:/ST/STM32CubeIDE_1.17.0/STM32CubeIDE/plugins/com.st.stm32cube.ide.mcu.externaltools.gnu-tools-for-stm32.12.3.rel1.win32_1.1.0.202410251130/tools/bin/../lib/gcc/arm-none-eabi/12.3.1/../../../../arm-none-eabi/lib/thumb/v7e-m+fp/hard\libc_nano.a(libc_a-exit.o)
                              C:/ST/STM32CubeIDE_1.17.0/STM32CubeIDE/plugins/com.st.stm32cube.ide.mcu.externaltools.gnu-tools-for-stm32.12.3.rel1.win32_1.1.0.202410251130/tools/bin/../lib/gcc/arm-none-eabi/12.3.1/../../../../arm-none-eabi/lib/thumb/v7e-m+fp/hard/crt0.o (exit)
C:/ST/STM32CubeIDE_1.17.0/STM32CubeIDE/plugins/com.st.stm32cube.ide.mcu.externaltools.gnu-tools-for-stm32.12.3.rel1.win32_1.1.0.202410251130/tools/bin/../lib/gcc/arm-none-eabi/12.3.1/../../../../arm-none-eabi/lib/thumb/v7e-m+fp/hard\libc_nano.a(libc_a-findfp.o)
                              C:/ST/STM32CubeIDE_1.17.0/STM32CubeIDE/plugins/com.st.stm32cube.ide.mcu.externaltools.gnu-tools-for-stm32.12.3.rel1.win32_1.1.0.202410251130/tools/bin/../lib/gcc/arm-none-eabi/12.3.1/../../../../arm-none-eabi/lib/thumb/v7e-m+fp/hard\libc_nano.a(libc_a-exit.o) (__stdio_exit_handler)
C:/ST/STM32CubeIDE_1.17.0/STM32CubeIDE/plugins/com.st.stm32cube.ide.mcu.externaltools.gnu-tools-for-stm32.12.3.rel1.win32_1.1.0.202410251130/tools/bin/../lib/gcc/arm-none-eabi/12.3.1/../../../../arm-none-eabi/lib/thumb/v7e-m+fp/hard\libc_nano.a(libc_a-fwalk.o)
                              C:/ST/STM32CubeIDE_1.17.0/STM32CubeIDE/plugins/com.st.stm32cube.ide.mcu.externaltools.gnu-tools-for-stm32.12.3.rel1.win32_1.1.0.202410251130/tools/bin/../lib/gcc/arm-none-eabi/12.3.1/../../../../arm-none-eabi/lib/thumb/v7e-m+fp/hard\libc_nano.a(libc_a-findfp.o) (_fwalk_sglue)
C:/ST/STM32CubeIDE_1.17.0/STM32CubeIDE/plugins/com.st.stm32cube.ide.mcu.externaltools.gnu-tools-for-stm32.12.3.rel1.win32_1.1.0.202410251130/tools/bin/../lib/gcc/arm-none-eabi/12.3.1/../../../../arm-none-eabi/lib/thumb/v7e-m+fp/hard\libc_nano.a(libc_a-stdio.o)
                              C:/ST/STM32CubeIDE_1.17.0/STM32CubeIDE/plugins/com.st.stm32cube.ide.mcu.externaltools.gnu-tools-for-stm32.12.3.rel1.win32_1.1.0.202410251130/tools/bin/../lib/gcc/arm-none-eabi/12.3.1/../../../../arm-none-eabi/lib/thumb/v7e-m+fp/hard\libc_nano.a(libc_a-findfp.o) (__sread)
C:/ST/STM32CubeIDE_1.17.0/STM32CubeIDE/plugins/com.st.stm32cube.ide.mcu.externaltools.gnu-tools-for-stm32.12.3.rel1.win32_1.1.0.202410251130/tools/bin/../lib/gcc/arm-none-eabi/12.3.1/../../../../arm-none-eabi/lib/thumb/v7e-m+fp/hard\libc_nano.a(libc_a-memset.o)
                              C:/ST/STM32CubeIDE_1.17.0/STM32CubeIDE/plugins/com.st.stm32cube.ide.mcu.externaltools.gnu-tools-for-stm32.12.3.rel1.win32_1.1.0.202410251130/tools/bin/../lib/gcc/arm-none-eabi/12.3.1/../../../../arm-none-eabi/lib/thumb/v7e-m+fp/hard/crt0.o (memset)
C:/ST/STM32CubeIDE_1.17.0/STM32CubeIDE/plugins/com.st.stm32cube.ide.mcu.externaltools.gnu-tools-for-stm32.12.3.rel1.win32_1.1.0.202410251130/tools/bin/../lib/gcc/arm-none-eabi/12.3.1/../../../../arm-none-eabi/lib/thumb/v7e-m+fp/hard\libc_nano.a(libc_a-closer.o)
                              C:/ST/STM32CubeIDE_1.17.0/STM32CubeIDE/plugins/com.st.stm32cube.ide.mcu.externaltools.gnu-tools-for-stm32.12.3.rel1.win32_1.1.0.202410251130/tools/bin/../lib/gcc/arm-none-eabi/12.3.1/../../../../arm-none-eabi/lib/thumb/v7e-m+fp/hard\libc_nano.a(libc_a-stdio.o) (_close_r)
C:/ST/STM32CubeIDE_1.17.0/STM32CubeIDE/plugins/com.st.stm32cube.ide.mcu.externaltools.gnu-tools-for-stm32.12.3.rel1.win32_1.1.0.202410251130/tools/bin/../lib/gcc/arm-none-eabi/12.3.1/../../../../arm-none-eabi/lib/thumb/v7e-m+fp/hard\libc_nano.a(libc_a-reent.o)
                              C:/ST/STM32CubeIDE_1.17.0/STM32CubeIDE/plugins/com.st.stm32cube.ide.mcu.externaltools.gnu-tools-for-stm32.12.3.rel1.win32_1.1.0.202410251130/tools/bin/../lib/gcc/arm-none-eabi/12.3.1/../../../../arm-none-eabi/lib/thumb/v7e-m+fp/hard\libc_nano.a(libc_a-closer.o) (errno)
C:/ST/STM32CubeIDE_1.17.0/STM32CubeIDE/plugins/com.st.stm32cube.ide.mcu.externaltools.gnu-tools-for-stm32.12.3.rel1.win32_1.1.0.202410251130/tools/bin/../lib/gcc/arm-none-eabi/12.3.1/../../../../arm-none-eabi/lib/thumb/v7e-m+fp/hard\libc_nano.a(libc_a-impure.o)
                              C:/ST/STM32CubeIDE_1.17.0/STM32CubeIDE/plugins/com.st.stm32cube.ide.mcu.externaltools.gnu-tools-for-stm32.12.3.rel1.win32_1.1.0.202410251130/tools/bin/../lib/gcc/arm-none-eabi/12.3.1/../../../../arm-none-eabi/lib/thumb/v7e-m+fp/hard\libc_nano.a(libc_a-reent.o) (_impure_ptr)
C:/ST/STM32CubeIDE_1.17.0/STM32CubeIDE/plugins/com.st.stm32cube.ide.mcu.externaltools.gnu-tools-for-stm32.12.3.rel1.win32_1.1.0.202410251130/tools/bin/../lib/gcc/arm-none-eabi/12.3.1/../../../../arm-none-eabi/lib/thumb/v7e-m+fp/hard\libc_nano.a(libc_a-lseekr.o)
[...]
Memory Configuration

Name             Origin             Length             Attributes
CCMRAM           0x10000000         0x00004000         xrw
RAM              0x20000000         0x00010000         xrw
FLASH            0x08000000         0x00080000         xr
*default*        0x00000000         0xffffffff

Linker script and memory map

LOAD C:/ST/STM32CubeIDE_1.17.0/STM32CubeIDE/plugins/com.st.stm32cube.ide.mcu.externaltools.gnu-tools-for-stm32.12.3.rel1.win32_1.1.0.202410251130/tools/bin/../lib/gcc/arm-none-eabi/12.3.1/thumb/v7e-m+fp/hard/crti.o
LOAD C:/ST/STM32CubeIDE_1.17.0/STM32CubeIDE/plugins/com.st.stm32cube.ide.mcu.externaltools.gnu-tools-for-stm32.12.3.rel1.win32_1.1.0.202410251130/tools/bin/../lib/gcc/arm-none-eabi/12.3.1/thumb/v7e-m+fp/hard/crtbegin.o
LOAD C:/ST/STM32CubeIDE_1.17.0/STM32CubeIDE/plugins/com.st.stm32cube.ide.mcu.externaltools.gnu-tools-for-stm32.12.3.rel1.win32_1.1.0.202410251130/tools/bin/../lib/gcc/arm-none-eabi/12.3.1/../../../../arm-none-eabi/lib/thumb/v7e-m+fp/hard/crt0.o
LOAD ./Core/Src/24cxx.o
LOAD ./Core/Src/ILI9341_paradriver.o
LOAD ./Core/Src/XPT2046_driver.o
LOAD ./Core/Src/delay.o
LOAD ./Core/Src/dino.o
LOAD ./Core/Src/main.o
LOAD ./Core/Src/myiic.o
LOAD ./Core/Src/stm32f3xx_hal_msp.o
LOAD ./Core/Src/stm32f3xx_it.o
LOAD ./Core/Src/syscalls.o
LOAD ./Core/Src/sysmem.o
LOAD ./Core/Src/system_stm32f3xx.o
LOAD ./Core/Src/test.o
LOAD ./Core/Startup/startup_stm32f303retx.o
LOAD ./Drivers/STM32F3xx_HAL_Driver/Src/stm32f3xx_hal.o
LOAD ./Drivers/STM32F3xx_HAL_Driver/Src/stm32f3xx_hal_cortex.o
LOAD ./Drivers/STM32F3xx_HAL_Driver/Src/stm32f3xx_hal_dma.o
LOAD ./Drivers/STM32F3xx_HAL_Driver/Src/stm32f3xx_hal_exti.o
LOAD ./Drivers/STM32F3xx_HAL_Driver/Src/stm32f3xx_hal_flash.o
LOAD ./Drivers/STM32F3xx_HAL_Driver/Src/stm32f3xx_hal_flash_ex.o
LOAD ./Drivers/STM32F3xx_HAL_Driver/Src/stm32f3xx_hal_gpio.o
LOAD ./Drivers/STM32F3xx_HAL_Driver/Src/stm32f3xx_hal_i2c.o
LOAD ./Drivers/STM32F3xx_HAL_Driver/Src/stm32f3xx_hal_i2c_ex.o
LOAD ./Drivers/STM32F3xx_HAL_Driver/Src/stm32f3xx_hal_pwr.o
LOAD ./Drivers/STM32F3xx_HAL_Driver/Src/stm32f3xx_hal_pwr_ex.o
LOAD ./Drivers/STM32F3xx_HAL_Driver/Src/stm32f3xx_hal_rcc.o
LOAD ./Drivers/STM32F3xx_HAL_Driver/Src/stm32f3xx_hal_rcc_ex.o
LOAD ./Drivers/STM32F3xx_HAL_Driver/Src/stm32f3xx_hal_tim.o
LOAD ./Drivers/STM32F3xx_HAL_Driver/Src/stm32f3xx_hal_tim_ex.o
START GROUP
LOAD C:/ST/STM32CubeIDE_1.17.0/STM32CubeIDE/plugins/com.st.stm32cube.ide.mcu.externaltools.gnu-tools-for-stm32.12.3.rel1.win32_1.1.0.202410251130/tools/bin/../lib/gcc/arm-none-eabi/12.3.1/../../../../arm-none-eabi/lib/thumb/v7e-m+fp/hard\libc_nano.a
LOAD C:/ST/STM32CubeIDE_1.17.0/STM32CubeIDE/plugins/com.st.stm32cube.ide.mcu.externaltools.gnu-tools-for-stm32.12.3.rel1.win32_1.1.0.202410251130/tools/bin/../lib/gcc/arm-none-eabi/12.3.1/../../../../arm-none-eabi/lib/thumb/v7e-m+fp/hard\libm.a
END GROUP
START GROUP
LOAD C:/ST/STM32CubeIDE_1.17.0/STM32CubeIDE/plugins/com.st.stm32cube.ide.mcu.externaltools.gnu-tools-for-stm32.12.3.rel1.win32_1.1.0.202410251130/tools/bin/../lib/gcc/arm-none-eabi/12.3.1/thumb/v7e-m+fp/hard\libgcc.a
LOAD C:/ST/STM32CubeIDE_1.17.0/STM32CubeIDE/plugins/com.st.stm32cube.ide.mcu.externaltools.gnu-tools-for-stm32.12.3.rel1.win32_1.1.0.202410251130/tools/bin/../lib/gcc/arm-none-eabi/12.3.1/../../../../arm-none-eabi/lib/thumb/v7e-m+fp/hard\libc_nano.a
END GROUP
START GROUP
LOAD C:/ST/STM32CubeIDE_1.17.0/STM32CubeIDE/plugins/com.st.stm32cube.ide.mcu.externaltools.gnu-tools-for-stm32.12.3.rel1.win32_1.1.0.202410251130/tools/bin/../lib/gcc/arm-none-eabi/12.3.1/thumb/v7e-m+fp/hard\libgcc.a
LOAD C:/ST/STM32CubeIDE_1.17.0/STM32CubeIDE/plugins/com.st.stm32cube.ide.mcu.externaltools.gnu-tools-for-stm32.12.3.rel1.win32_1.1.0.202410251130/tools/bin/../lib/gcc/arm-none-eabi/12.3.1/../../../../arm-none-eabi/lib/thumb/v7e-m+fp/hard\libc_nano.a
LOAD C:/ST/STM32CubeIDE_1.17.0/STM32CubeIDE/plugins/com.st.stm32cube.ide.mcu.externaltools.gnu-tools-for-stm32.12.3.rel1.win32_1.1.0.202410251130/tools/bin/../lib/gcc/arm-none-eabi/12.3.1/../../../../arm-none-eabi/lib/thumb/v7e-m+fp/hard\libnosys.a
END GROUP
START GROUP
LOAD C:/ST/STM32CubeIDE_1.17.0/STM32CubeIDE/plugins/com.st.stm32cube.ide.mcu.externaltools.gnu-tools-for-stm32.12.3.rel1.win32_1.1.0.202410251130/tools/bin/../lib/gcc/arm-none-eabi/12.3.1/thumb/v7e-m+fp/hard\libgcc.a
LOAD C:/ST/STM32CubeIDE_1.17.0/STM32CubeIDE/plugins/com.st.stm32cube.ide.mcu.externaltools.gnu-tools-for-stm32.12.3.rel1.win32_1.1.0.202410251130/tools/bin/../lib/gcc/arm-none-eabi/12.3.1/../../../../arm-none-eabi/lib/thumb/v7e-m+fp/hard\libc_nano.a
LOAD C:/ST/STM32CubeIDE_1.17.0/STM32CubeIDE/plugins/com.st.stm32cube.ide.mcu.externaltools.gnu-tools-for-stm32.12.3.rel1.win32_1.1.0.202410251130/tools/bin/../lib/gcc/arm-none-eabi/12.3.1/../../../../arm-none-eabi/lib/thumb/v7e-m+fp/hard\libnosys.a
END GROUP
LOAD C:/ST/STM32CubeIDE_1.17.0/STM32CubeIDE/plugins/com.st.stm32cube.ide.mcu.externaltools.gnu-tools-for-stm32.12.3.rel1.win32_1.1.0.202410251130/tools/bin/../lib/gcc/arm-none-eabi/12.3.1/thumb/v7e-m+fp/hard/crtend.o
LOAD C:/ST/STM32CubeIDE_1.17.0/STM32CubeIDE/plugins/com.st.stm32cube.ide.mcu.externaltools.gnu-tools-for-stm32.12.3.rel1.win32_1.1.0.202410251130/tools/bin/../lib/gcc/arm-none-eabi/12.3.1/thumb/v7e-m+fp/hard/crtn.o
                0x20010000                        _estack = (ORIGIN (RAM) + LENGTH (RAM))
                0x00000200                        _Min_Heap_Size = 0x200
                0x00000400                        _Min_Stack_Size = 0x400

.isr_vector     0x08000000      0x194
                0x08000000                        . = ALIGN (0x4)
 *(.isr_vector)
 .isr_vector    0x08000000      0x194 ./Core/Startup/startup_stm32f303retx.o
                0x08000000                g_pfnVectors
                0x08000194                        . = ALIGN (0x4)

.text           0x08000198     0x6c04
                0x08000198                        . = ALIGN (0x4)
 *(.text)
 .text          0x08000198       0x40 C:/ST/STM32CubeIDE_1.17.0/STM32CubeIDE/plugins/com.st.stm32cube.ide.mcu.externaltools.gnu-tools-for-stm32.12.3.rel1.win32_1.1.0.202410251130/tools/bin/../lib/gcc/arm-none-eabi/12.3.1/thumb/v7e-m+fp/hard/crtbegin.o
 .text          0x080001d8      0x378 C:/ST/STM32CubeIDE_1.17.0/STM32CubeIDE/plugins/com.st.stm32cube.ide.mcu.externaltools.gnu-tools-for-stm32.12.3.rel1.win32_1.1.0.202410251130/tools/bin/../lib/gcc/arm-none-eabi/12.3.1/thumb/v7e-m+fp/hard\libgcc.a(_arm_addsubdf3.o)
                0x080001d8                __aeabi_drsub
                0x080001e0                __aeabi_dsub
                0x080001e0                __subdf3
                0x080001e4                __aeabi_dadd
                0x080001e4                __adddf3
                0x0800045c                __floatunsidf
                0x0800045c                __aeabi_ui2d
                0x0800047c                __floatsidf
                0x0800047c                __aeabi_i2d
                0x080004a0                __aeabi_f2d
                0x080004a0                __extendsfdf2
                0x080004e4                __floatundidf
                0x080004e4                __aeabi_ul2d
                0x080004f4                __floatdidf
                0x080004f4                __aeabi_l2d
 .text          0x08000550      0x424 C:/ST/STM32CubeIDE_1.17.0/STM32CubeIDE/plugins/com.st.stm32cube.ide.mcu.externaltools.gnu-tools-for-stm32.12.3.rel1.win32_1.1.0.202410251130/tools/bin/../lib/gcc/arm-none-eabi/12.3.1/thumb/v7e-m+fp/hard\libgcc.a(_arm_muldivdf3.o)
                0x08000550                __aeabi_dmul
                0x08000550                __muldf3
                0x080007a4                __divdf3
                0x080007a4                __aeabi_ddiv
 .text          0x08000974      0x110 C:/ST/STM32CubeIDE_1.17.0/STM32CubeIDE/plugins/com.st.stm32cube.ide.mcu.externaltools.gnu-tools-for-stm32.12.3.rel1.win32_1.1.0.202410251130/tools/bin/../lib/gcc/arm-none-eabi/12.3.1/thumb/v7e-m+fp/hard\libgcc.a(_arm_cmpdf2.o)
                0x08000974                __gtdf2
                0x08000974                __gedf2
                0x0800097c                __ltdf2
                0x0800097c                __ledf2
                0x08000984                __nedf2
                0x08000984                __eqdf2
                0x08000984                __cmpdf2
                0x08000a00                __aeabi_cdrcmple
                0x08000a10                __aeabi_cdcmpeq
                0x08000a10                __aeabi_cdcmple
                0x08000a20                __aeabi_dcmpeq
                0x08000a34                __aeabi_dcmplt
                0x08000a48                __aeabi_dcmple
                0x08000a5c                __aeabi_dcmpge
                0x08000a70                __aeabi_dcmpgt
 .text          0x08000a84       0x2c C:/ST/STM32CubeIDE_1.17.0/STM32CubeIDE/plugins/com.st.stm32cube.ide.mcu.externaltools.gnu-tools-for-stm32.12.3.rel1.win32_1.1.0.202410251130/tools/bin/../lib/gcc/arm-none-eabi/12.3.1/thumb/v7e-m+fp/hard\libgcc.a(_arm_unorddf2.o)
                0x08000a84                __unorddf2
                0x08000a84                __aeabi_dcmpun
 .text          0x08000ab0       0x40 C:/ST/STM32CubeIDE_1.17.0/STM32CubeIDE/plugins/com.st.stm32cube.ide.mcu.externaltools.gnu-tools-for-stm32.12.3.rel1.win32_1.1.0.202410251130/tools/bin/../lib/gcc/arm-none-eabi/12.3.1/thumb/v7e-m+fp/hard\libgcc.a(_arm_fixunsdfsi.o)
                0x08000ab0                __aeabi_d2uiz
                0x08000ab0                __fixunsdfsi
 *(.text*)
 .text.LCD_write
                0x08000af0       0x3c ./Core/Src/ILI9341_paradriver.o
                0x08000af0                LCD_write
 .text.LCD_WR_REG
                0x08000b2c       0x24 ./Core/Src/ILI9341_paradriver.o
                0x08000b2c                LCD_WR_REG
 .text.LCD_WriteReg
                0x08000b50       0x4c ./Core/Src/ILI9341_paradriver.o
                0x08000b50                LCD_WriteReg
 .text.LCD_WriteRAM_Prepare
                0x08000b9c       0x18 ./Core/Src/ILI9341_paradriver.o
                0x08000b9c                LCD_WriteRAM_Prepare
 .text.Lcd_WriteData_16Bit
                0x08000bb4       0x24 ./Core/Src/ILI9341_paradriver.o
                0x08000bb4                Lcd_WriteData_16Bit
 .text.LCD_DrawPoint
                0x08000bd8       0x34 ./Core/Src/ILI9341_paradriver.o
                0x08000bd8                LCD_DrawPoint
 .text.LCD_Clear
                0x08000c0c       0x5c ./Core/Src/ILI9341_paradriver.o
                0x08000c0c                LCD_Clear
 .text.LCD_RESET
                0x08000c68       0x24 ./Core/Src/ILI9341_paradriver.o
                0x08000c68                LCD_RESET
 .text.ILI9341_paradriver_Init
                0x08000c8c      0xa90 ./Core/Src/ILI9341_paradriver.o
                0x08000c8c                ILI9341_paradriver_Init
 .text.LCD_SetWindows
                0x0800171c      0x184 ./Core/Src/ILI9341_paradriver.o
                0x0800171c                LCD_SetWindows
 .text.LCD_SetCursor
                0x080018a0       0x24 ./Core/Src/ILI9341_paradriver.o
                0x080018a0                LCD_SetCursor
 .text.LCD_direction
                0x080018c4       0xb0 ./Core/Src/ILI9341_paradriver.o
                0x080018c4                LCD_direction
 .text.GUI_DrawPoint
                0x08001974       0x2e ./Core/Src/ILI9341_paradriver.o
                0x08001974                GUI_DrawPoint
 *fill*         0x080019a2        0x2 
 .text.LCD_Fill
                0x080019a4       0xb0 ./Core/Src/ILI9341_paradriver.o
                0x080019a4                LCD_Fill
 .text.LCD_DrawLine
                0x08001a54      0x108 ./Core/Src/ILI9341_paradriver.o
                0x08001a54                LCD_DrawLine
 .text._draw_circle_8
                0x08001b5c      0x116 ./Core/Src/ILI9341_paradriver.o
                0x08001b5c                _draw_circle_8
 .text.gui_circle
                0x08001c72       0xd8 ./Core/Src/ILI9341_paradriver.o
                0x08001c72                gui_circle
 *fill*         0x08001d4a        0x2 
 .text.LCD_ShowChar
                0x08001d4c      0x1b8 ./Core/Src/ILI9341_paradriver.o
                0x08001d4c                LCD_ShowChar
 .text.LCD_ShowString
                0x08001f04       0x88 ./Core/Src/ILI9341_paradriver.o
                0x08001f04                LCD_ShowString
 .text.mypow    0x08001f8c       0x38 ./Core/Src/ILI9341_paradriver.o
                0x08001f8c                mypow
 .text.LCD_ShowNum
                0x08001fc4      0x108 ./Core/Src/ILI9341_paradriver.o
                0x08001fc4                LCD_ShowNum
 .text.TP_Write_Byte
                0x080020cc       0x60 ./Core/Src/XPT2046_driver.o
                0x080020cc                TP_Write_Byte
 .text.TP_Read_AD
                0x0800212c       0xb8 ./Core/Src/XPT2046_driver.o
                0x0800212c                TP_Read_AD
 .text.TP_Read_XOY
                0x080021e4       0xf4 ./Core/Src/XPT2046_driver.o
                0x080021e4                TP_Read_XOY
 .text.TP_Read_XY
                0x080022d8       0x44 ./Core/Src/XPT2046_driver.o
                0x080022d8                TP_Read_XY
 .text.TP_Read_XY2
                0x0800231c       0xc4 ./Core/Src/XPT2046_driver.o
                0x0800231c                TP_Read_XY2
 .text.TP_Drow_Touch_Point
                0x080023e0       0xb0 ./Core/Src/XPT2046_driver.o
                0x080023e0                TP_Drow_Touch_Point
 .text.TP_Scan  0x08002490      0x11c ./Core/Src/XPT2046_driver.o
                0x08002490                TP_Scan
 .text.TP_Save_Adjdata
                0x080025ac        0xe ./Core/Src/XPT2046_driver.o
                0x080025ac                TP_Save_Adjdata
 .text.TP_Get_Adjdata
                0x080025ba       0x10 ./Core/Src/XPT2046_driver.o
                0x080025ba                TP_Get_Adjdata
 *fill*         0x080025ca        0x2 
 .text.TP_Adj_Info_Show
                0x080025cc      0x178 ./Core/Src/XPT2046_driver.o
                0x080025cc                TP_Adj_Info_Show
 *fill*         0x08002744        0x4 
 .text.TP_Adjust
                0x08002748      0x878 ./Core/Src/XPT2046_driver.o
                0x08002748                TP_Adjust
 .text.TP_Init  0x08002fc0       0x3c ./Core/Src/XPT2046_driver.o
                0x08002fc0                TP_Init
 .text.delay_init
                0x08002ffc       0x24 ./Core/Src/delay.o
                0x08002ffc                delay_init
 .text.delay_us
                0x08003020       0x7c ./Core/Src/delay.o
                0x08003020                delay_us
 .text.delay_ms
                0x0800309c       0x30 ./Core/Src/delay.o
                0x0800309c                delay_ms
 .text.DrawDino
                0x080030cc      0x64a ./Core/Src/dino.o
                0x080030cc                DrawDino
 *fill*         0x08003716        0x2 
 .text.DinoAnimation
                0x08003718      0x1f4 ./Core/Src/dino.o
                0x08003718                DinoAnimation
 .text.DrawObstacle3
                0x0800390c      0x48e ./Core/Src/dino.o
                0x0800390c                DrawObstacle3
 *fill*         0x08003d9a        0x2 
 .text.ObstacleAnimation
                0x08003d9c       0x48 ./Core/Src/dino.o
                0x08003d9c                ObstacleAnimation
 .text.GAME     0x08003de4       0x54 ./Core/Src/dino.o
                0x08003de4                GAME
 .text.main     0x08003e38       0x34 ./Core/Src/main.o
                0x08003e38                main
 .text.SystemClock_Config
                0x08003e6c       0xbe ./Core/Src/main.o
                0x08003e6c                SystemClock_Config
 *fill*         0x08003f2a        0x2 
 .text.MX_TIM2_Init
                0x08003f2c       0x9c ./Core/Src/main.o
 .text.MX_GPIO_Init
                0x08003fc8      0x120 ./Core/Src/main.o
 .text.Error_Handler
                0x080040e8        0xc ./Core/Src/main.o
                0x080040e8                Error_Handler
 .text.HAL_MspInit
                0x080040f4       0x48 ./Core/Src/stm32f3xx_hal_msp.o
                0x080040f4                HAL_MspInit
 .text.HAL_TIM_Base_MspInit
                0x0800413c       0x48 ./Core/Src/stm32f3xx_hal_msp.o
                0x0800413c                HAL_TIM_Base_MspInit
 .text.NMI_Handler
                0x08004184        0x8 ./Core/Src/stm32f3xx_it.o
                0x08004184                NMI_Handler
 .text.HardFault_Handler
                0x0800418c        0x8 ./Core/Src/stm32f3xx_it.o
                0x0800418c                HardFault_Handler
 .text.MemManage_Handler
                0x08004194        0x8 ./Core/Src/stm32f3xx_it.o
                0x08004194                MemManage_Handler
 .text.BusFault_Handler
                0x0800419c        0x8 ./Core/Src/stm32f3xx_it.o
                0x0800419c                BusFault_Handler
 .text.UsageFault_Handler
                0x080041a4        0x8 ./Core/Src/stm32f3xx_it.o
                0x080041a4                UsageFault_Handler
 .text.SVC_Handler
                0x080041ac        0xe ./Core/Src/stm32f3xx_it.o
                0x080041ac                SVC_Handler
 .text.DebugMon_Handler
                0x080041ba        0xe ./Core/Src/stm32f3xx_it.o
                0x080041ba                DebugMon_Handler
 .text.PendSV_Handler
                0x080041c8        0xe ./Core/Src/stm32f3xx_it.o
                0x080041c8                PendSV_Handler
 .text.SysTick_Handler
                0x080041d6        0xc ./Core/Src/stm32f3xx_it.o
                0x080041d6                SysTick_Handler
 *fill*         0x080041e2        0x2 
 .text.TIM2_IRQHandler
                0x080041e4       0x30 ./Core/Src/stm32f3xx_it.o
                0x080041e4                TIM2_IRQHandler
 .text.SystemInit
                0x08004214       0x24 ./Core/Src/system_stm32f3xx.o
                0x08004214                SystemInit
 .text.Reset_Handler
                0x08004238       0x50 ./Core/Startup/startup_stm32f303retx.o
                0x08004238                Reset_Handler
 .text.Default_Handler
                0x08004288        0x2 ./Core/Startup/startup_stm32f303retx.o
                0x08004288                RTC_Alarm_IRQHandler
                0x08004288                TIM8_TRG_COM_IRQHandler
                0x08004288                TIM8_CC_IRQHandler
                0x08004288                SPI4_IRQHandler
                0x08004288                TIM1_CC_IRQHandler
                0x08004288                USB_HP_IRQHandler
                0x08004288                PVD_IRQHandler
                0x08004288                TAMP_STAMP_IRQHandler
                0x08004288                EXTI3_IRQHandler
                0x08004288                I2C3_ER_IRQHandler
                0x08004288                USB_HP_CAN_TX_IRQHandler
                0x08004288                EXTI0_IRQHandler
                0x08004288                I2C2_EV_IRQHandler
                0x08004288                FPU_IRQHandler
                0x08004288                TIM1_UP_TIM16_IRQHandler
                0x08004288                ADC1_2_IRQHandler
                0x08004288                SPI1_IRQHandler
                0x08004288                CAN_SCE_IRQHandler
                0x08004288                TIM6_DAC_IRQHandler
                0x08004288                TIM8_UP_IRQHandler
                0x08004288                DMA2_Channel2_IRQHandler
                0x08004288                DMA1_Channel4_IRQHandler
                0x08004288                TIM20_TRG_COM_IRQHandler
                0x08004288                USART3_IRQHandler
                0x08004288                DMA1_Channel7_IRQHandler
                0x08004288                UART5_IRQHandler
                0x08004288                ADC3_IRQHandler
                0x08004288                TIM4_IRQHandler
                0x08004288                CAN_RX1_IRQHandler
                0x08004288                DMA2_Channel1_IRQHandler
                0x08004288                I2C1_EV_IRQHandler
                0x08004288                DMA1_Channel6_IRQHandler
                0x08004288                UART4_IRQHandler
                0x08004288                DMA2_Channel4_IRQHandler
                0x08004288                TIM3_IRQHandler
                0x08004288                RCC_IRQHandler
                0x08004288                TIM20_UP_IRQHandler
                0x08004288                DMA1_Channel1_IRQHandler
                0x08004288                Default_Handler
                0x08004288                USBWakeUp_RMP_IRQHandler
                0x08004288                EXTI15_10_IRQHandler
                0x08004288                TIM7_IRQHandler
                0x08004288                I2C3_EV_IRQHandler
                0x08004288                EXTI9_5_IRQHandler
                0x08004288                RTC_WKUP_IRQHandler
                0x08004288                SPI2_IRQHandler
                0x08004288                USB_LP_CAN_RX0_IRQHandler
                0x08004288                DMA2_Channel5_IRQHandler
                0x08004288                DMA1_Channel5_IRQHandler
                0x08004288                USB_LP_IRQHandler
                0x08004288                EXTI4_IRQHandler
                0x08004288                TIM1_TRG_COM_TIM17_IRQHandler
                0x08004288                DMA1_Channel3_IRQHandler
                0x08004288                ADC4_IRQHandler
                0x08004288                WWDG_IRQHandler
                0x08004288                COMP7_IRQHandler
                0x08004288                COMP1_2_3_IRQHandler
                0x08004288                EXTI1_IRQHandler
                0x08004288                USART2_IRQHandler
                0x08004288                COMP4_5_6_IRQHandler
                0x08004288                TIM20_BRK_IRQHandler
                0x08004288                I2C2_ER_IRQHandler
                0x08004288                DMA1_Channel2_IRQHandler
                0x08004288                TIM8_BRK_IRQHandler
                0x08004288                FLASH_IRQHandler
                0x08004288                TIM20_CC_IRQHandler
                0x08004288                USART1_IRQHandler
                0x08004288                SPI3_IRQHandler
                0x08004288                I2C1_ER_IRQHandler
                0x08004288                FMC_IRQHandler
                0x08004288                USBWakeUp_IRQHandler
                0x08004288                DMA2_Channel3_IRQHandler
                0x08004288                EXTI2_TSC_IRQHandler
                0x08004288                TIM1_BRK_TIM15_IRQHandler
 *fill*         0x0800428a        0x2 
 .text.HAL_Init
                0x0800428c       0x2c ./Drivers/STM32F3xx_HAL_Driver/Src/stm32f3xx_hal.o
                0x0800428c                HAL_Init
 .text.HAL_InitTick
                0x080042b8       0x60 ./Drivers/STM32F3xx_HAL_Driver/Src/stm32f3xx_hal.o
                0x080042b8                HAL_InitTick
 .text.HAL_IncTick
                0x08004318       0x28 ./Drivers/STM32F3xx_HAL_Driver/Src/stm32f3xx_hal.o
                0x08004318                HAL_IncTick
 .text.HAL_GetTick
                0x08004340       0x18 ./Drivers/STM32F3xx_HAL_Driver/Src/stm32f3xx_hal.o
                0x08004340                HAL_GetTick
 .text.__NVIC_SetPriorityGrouping
                0x08004358       0x48 ./Drivers/STM32F3xx_HAL_Driver/Src/stm32f3xx_hal_cortex.o
 .text.__NVIC_GetPriorityGrouping
                0x080043a0       0x1c ./Drivers/STM32F3xx_HAL_Driver/Src/stm32f3xx_hal_cortex.o
 .text.__NVIC_EnableIRQ
                0x080043bc       0x3c ./Drivers/STM32F3xx_HAL_Driver/Src/stm32f3xx_hal_cortex.o
 .text.__NVIC_SetPriority
                0x080043f8       0x54 ./Drivers/STM32F3xx_HAL_Driver/Src/stm32f3xx_hal_cortex.o
 .text.NVIC_EncodePriority
                0x0800444c       0x66 ./Drivers/STM32F3xx_HAL_Driver/Src/stm32f3xx_hal_cortex.o
 *fill*         0x080044b2        0x2 
 .text.SysTick_Config
                0x080044b4       0x44 ./Drivers/STM32F3xx_HAL_Driver/Src/stm32f3xx_hal_cortex.o
 .text.HAL_NVIC_SetPriorityGrouping
                0x080044f8       0x16 ./Drivers/STM32F3xx_HAL_Driver/Src/stm32f3xx_hal_cortex.o
                0x080044f8                HAL_NVIC_SetPriorityGrouping
 .text.HAL_NVIC_SetPriority
                0x0800450e       0x38 ./Drivers/STM32F3xx_HAL_Driver/Src/stm32f3xx_hal_cortex.o
                0x0800450e                HAL_NVIC_SetPriority
 .text.HAL_NVIC_EnableIRQ
                0x08004546       0x1c ./Drivers/STM32F3xx_HAL_Driver/Src/stm32f3xx_hal_cortex.o
                0x08004546                HAL_NVIC_EnableIRQ
 .text.HAL_SYSTICK_Config
                0x08004562       0x18 ./Drivers/STM32F3xx_HAL_Driver/Src/stm32f3xx_hal_cortex.o
                0x08004562                HAL_SYSTICK_Config
 *fill*         0x0800457a        0x2 
 .text.HAL_SYSTICK_CLKSourceConfig
                0x0800457c       0x38 ./Drivers/STM32F3xx_HAL_Driver/Src/stm32f3xx_hal_cortex.o
                0x0800457c                HAL_SYSTICK_CLKSourceConfig
 .text.HAL_GPIO_Init
                0x080045b4      0x314 ./Drivers/STM32F3xx_HAL_Driver/Src/stm32f3xx_hal_gpio.o
                0x080045b4                HAL_GPIO_Init
 .text.HAL_GPIO_ReadPin
                0x080048c8       0x30 ./Drivers/STM32F3xx_HAL_Driver/Src/stm32f3xx_hal_gpio.o
                0x080048c8                HAL_GPIO_ReadPin
 .text.HAL_GPIO_WritePin
                0x080048f8       0x30 ./Drivers/STM32F3xx_HAL_Driver/Src/stm32f3xx_hal_gpio.o
                0x080048f8                HAL_GPIO_WritePin
 .text.HAL_RCC_OscConfig
                0x08004928     0x10a8 ./Drivers/STM32F3xx_HAL_Driver/Src/stm32f3xx_hal_rcc.o
                0x08004928                HAL_RCC_OscConfig
 .text.HAL_RCC_ClockConfig
                0x080059d0      0x2f8 ./Drivers/STM32F3xx_HAL_Driver/Src/stm32f3xx_hal_rcc.o
                0x080059d0                HAL_RCC_ClockConfig
 .text.HAL_RCC_GetSysClockFreq
                0x08005cc8       0xa8 ./Drivers/STM32F3xx_HAL_Driver/Src/stm32f3xx_hal_rcc.o
                0x08005cc8                HAL_RCC_GetSysClockFreq
 .text.HAL_RCCEx_PeriphCLKConfig
                0x08005d70      0x43c ./Drivers/STM32F3xx_HAL_Driver/Src/stm32f3xx_hal_rcc_ex.o
                0x08005d70                HAL_RCCEx_PeriphCLKConfig
 .text.HAL_TIM_Base_Init
                0x080061ac       0xae ./Drivers/STM32F3xx_HAL_Driver/Src/stm32f3xx_hal_tim.o
                0x080061ac                HAL_TIM_Base_Init
 *fill*         0x0800625a        0x2 
 .text.HAL_TIM_Base_Start_IT
                0x0800625c       0xe0 ./Drivers/STM32F3xx_HAL_Driver/Src/stm32f3xx_hal_tim.o
                0x0800625c                HAL_TIM_Base_Start_IT
 .text.HAL_TIM_IRQHandler
                0x0800633c      0x204 ./Drivers/STM32F3xx_HAL_Driver/Src/stm32f3xx_hal_tim.o
                0x0800633c                HAL_TIM_IRQHandler
 .text.HAL_TIM_ConfigClockSource
                0x08006540      0x192 ./Drivers/STM32F3xx_HAL_Driver/Src/stm32f3xx_hal_tim.o
                0x08006540                HAL_TIM_ConfigClockSource
 .text.HAL_TIM_PeriodElapsedCallback
                0x080066d2       0x14 ./Drivers/STM32F3xx_HAL_Driver/Src/stm32f3xx_hal_tim.o
                0x080066d2                HAL_TIM_PeriodElapsedCallback
 .text.HAL_TIM_OC_DelayElapsedCallback
                0x080066e6       0x14 ./Drivers/STM32F3xx_HAL_Driver/Src/stm32f3xx_hal_tim.o
                0x080066e6                HAL_TIM_OC_DelayElapsedCallback
 .text.HAL_TIM_IC_CaptureCallback
                0x080066fa       0x14 ./Drivers/STM32F3xx_HAL_Driver/Src/stm32f3xx_hal_tim.o
                0x080066fa                HAL_TIM_IC_CaptureCallback
 .text.HAL_TIM_PWM_PulseFinishedCallback
                0x0800670e       0x14 ./Drivers/STM32F3xx_HAL_Driver/Src/stm32f3xx_hal_tim.o
                0x0800670e                HAL_TIM_PWM_PulseFinishedCallback
 .text.HAL_TIM_TriggerCallback
                0x08006722       0x14 ./Drivers/STM32F3xx_HAL_Driver/Src/stm32f3xx_hal_tim.o
                0x08006722                HAL_TIM_TriggerCallback
 *fill*         0x08006736        0x2 
 .text.TIM_Base_SetConfig
                0x08006738      0x154 ./Drivers/STM32F3xx_HAL_Driver/Src/stm32f3xx_hal_tim.o
                0x08006738                TIM_Base_SetConfig
 .text.TIM_TI1_ConfigInputStage
                0x0800688c       0x5e ./Drivers/STM32F3xx_HAL_Driver/Src/stm32f3xx_hal_tim.o
 .text.TIM_TI2_ConfigInputStage
                0x080068ea       0x60 ./Drivers/STM32F3xx_HAL_Driver/Src/stm32f3xx_hal_tim.o
 .text.TIM_ITRx_SetConfig
                0x0800694a       0x36 ./Drivers/STM32F3xx_HAL_Driver/Src/stm32f3xx_hal_tim.o
 .text.TIM_ETR_SetConfig
                0x08006980       0x40 ./Drivers/STM32F3xx_HAL_Driver/Src/stm32f3xx_hal_tim.o
                0x08006980                TIM_ETR_SetConfig
 .text.HAL_TIMEx_MasterConfigSynchronization
                0x080069c0      0x118 ./Drivers/STM32F3xx_HAL_Driver/Src/stm32f3xx_hal_tim_ex.o
                0x080069c0                HAL_TIMEx_MasterConfigSynchronization
 .text.HAL_TIMEx_CommutCallback
                0x08006ad8       0x14 ./Drivers/STM32F3xx_HAL_Driver/Src/stm32f3xx_hal_tim_ex.o
                0x08006ad8                HAL_TIMEx_CommutCallback
 .text.HAL_TIMEx_BreakCallback
                0x08006aec       0x14 ./Drivers/STM32F3xx_HAL_Driver/Src/stm32f3xx_hal_tim_ex.o
                0x08006aec                HAL_TIMEx_BreakCallback
 .text.HAL_TIMEx_Break2Callback
                0x08006b00       0x14 ./Drivers/STM32F3xx_HAL_Driver/Src/stm32f3xx_hal_tim_ex.o
                0x08006b00                HAL_TIMEx_Break2Callback
 .text.memset   0x08006b14       0x10 C:/ST/STM32CubeIDE_1.17.0/STM32CubeIDE/plugins/com.st.stm32cube.ide.mcu.externaltools.gnu-tools-for-stm32.12.3.rel1.win32_1.1.0.202410251130/tools/bin/../lib/gcc/arm-none-eabi/12.3.1/../../../../arm-none-eabi/lib/thumb/v7e-m+fp/hard\libc_nano.a(libc_a-memset.o)
                0x08006b14                memset
 .text.__errno  0x08006b24        0xc C:/ST/STM32CubeIDE_1.17.0/STM32CubeIDE/plugins/com.st.stm32cube.ide.mcu.externaltools.gnu-tools-for-stm32.12.3.rel1.win32_1.1.0.202410251130/tools/bin/../lib/gcc/arm-none-eabi/12.3.1/../../../../arm-none-eabi/lib/thumb/v7e-m+fp/hard\libc_nano.a(libc_a-errno.o)
                0x08006b24                __errno
 .text.__libc_init_array
                0x08006b30       0x48 C:/ST/STM32CubeIDE_1.17.0/STM32CubeIDE/plugins/com.st.stm32cube.ide.mcu.externaltools.gnu-tools-for-stm32.12.3.rel1.win32_1.1.0.202410251130/tools/bin/../lib/gcc/arm-none-eabi/12.3.1/../../../../arm-none-eabi/lib/thumb/v7e-m+fp/hard\libc_nano.a(libc_a-init.o)
                0x08006b30                __libc_init_array
 .text.sqrt     0x08006b78       0x58 C:/ST/STM32CubeIDE_1.17.0/STM32CubeIDE/plugins/com.st.stm32cube.ide.mcu.externaltools.gnu-tools-for-stm32.12.3.rel1.win32_1.1.0.202410251130/tools/bin/../lib/gcc/arm-none-eabi/12.3.1/../../../../arm-none-eabi/lib/thumb/v7e-m+fp/hard\libm.a(libm_a-w_sqrt.o)
                0x08006b78                sqrt
 .text.__ieee754_sqrt
                0x08006bd0      0x1b4 C:/ST/STM32CubeIDE_1.17.0/STM32CubeIDE/plugins/com.st.stm32cube.ide.mcu.externaltools.gnu-tools-for-stm32.12.3.rel1.win32_1.1.0.202410251130/tools/bin/../lib/gcc/arm-none-eabi/12.3.1/../../../../arm-none-eabi/lib/thumb/v7e-m+fp/hard\libm.a(libm_a-e_sqrt.o)
                0x08006bd0                __ieee754_sqrt
 *(.glue_7)
 .glue_7        0x08006d84        0x0 linker stubs
 *(.glue_7t)
 .glue_7t       0x08006d84        0x0 linker stubs
 *(.eh_frame)
 .eh_frame      0x08006d84        0x0 C:/ST/STM32CubeIDE_1.17.0/STM32CubeIDE/plugins/com.st.stm32cube.ide.mcu.externaltools.gnu-tools-for-stm32.12.3.rel1.win32_1.1.0.202410251130/tools/bin/../lib/gcc/arm-none-eabi/12.3.1/thumb/v7e-m+fp/hard/crtbegin.o
 *(.init)
 .init          0x08006d84        0x4 C:/ST/STM32CubeIDE_1.17.0/STM32CubeIDE/plugins/com.st.stm32cube.ide.mcu.externaltools.gnu-tools-for-stm32.12.3.rel1.win32_1.1.0.202410251130/tools/bin/../lib/gcc/arm-none-eabi/12.3.1/thumb/v7e-m+fp/hard/crti.o
                0x08006d84                _init
 .init          0x08006d88        0x8 C:/ST/STM32CubeIDE_1.17.0/STM32CubeIDE/plugins/com.st.stm32cube.ide.mcu.externaltools.gnu-tools-for-stm32.12.3.rel1.win32_1.1.0.202410251130/tools/bin/../lib/gcc/arm-none-eabi/12.3.1/thumb/v7e-m+fp/hard/crtn.o
 *(.fini)
 .fini          0x08006d90        0x4 C:/ST/STM32CubeIDE_1.17.0/STM32CubeIDE/plugins/com.st.stm32cube.ide.mcu.externaltools.gnu-tools-for-stm32.12.3.rel1.win32_1.1.0.202410251130/tools/bin/../lib/gcc/arm-none-eabi/12.3.1/thumb/v7e-m+fp/hard/crti.o
                0x08006d90                _fini
 .fini          0x08006d94        0x8 C:/ST/STM32CubeIDE_1.17.0/STM32CubeIDE/plugins/com.st.stm32cube.ide.mcu.externaltools.gnu-tools-for-stm32.12.3.rel1.win32_1.1.0.202410251130/tools/bin/../lib/gcc/arm-none-eabi/12.3.1/thumb/v7e-m+fp/hard/crtn.o
                0x08006d9c                        . = ALIGN (0x4)
                0x08006d9c                        _etext = .

.vfp11_veneer   0x08006d9c        0x0
 .vfp11_veneer  0x08006d9c        0x0 linker stubs

.v4_bx          0x08006d9c        0x0
 .v4_bx         0x08006d9c        0x0 linker stubs

.iplt           0x08006d9c        0x0
 .iplt          0x08006d9c        0x0 C:/ST/STM32CubeIDE_1.17.0/STM32CubeIDE/plugins/com.st.stm32cube.ide.mcu.externaltools.gnu-tools-for-stm32.12.3.rel1.win32_1.1.0.202410251130/tools/bin/../lib/gcc/arm-none-eabi/12.3.1/thumb/v7e-m+fp/hard/crtbegin.o

.rodata         0x08006d9c      0xbe4
                0x08006d9c                        . = ALIGN (0x4)
 *(.rodata)
 .rodata        0x08006d9c      0x150 ./Core/Src/XPT2046_driver.o
 *(.rodata*)
 .rodata.asc2_1206
                0x08006eec      0x474 ./Core/Src/ILI9341_paradriver.o
                0x08006eec                asc2_1206
 .rodata.asc2_1608
                0x08007360      0x5f0 ./Core/Src/ILI9341_paradriver.o
                0x08007360                asc2_1608
 .rodata.AHBPrescTable
                0x08007950       0x10 ./Core/Src/system_stm32f3xx.o
                0x08007950                AHBPrescTable
 .rodata.aPLLMULFactorTable
                0x08007960       0x10 ./Drivers/STM32F3xx_HAL_Driver/Src/stm32f3xx_hal_rcc.o
 .rodata.aPredivFactorTable
                0x08007970       0x10 ./Drivers/STM32F3xx_HAL_Driver/Src/stm32f3xx_hal_rcc.o
                0x08007980                        . = ALIGN (0x4)

.ARM.extab      0x08007980        0x0
                0x08007980                        . = ALIGN (0x4)
 *(.ARM.extab* .gnu.linkonce.armextab.*)
                0x08007980                        . = ALIGN (0x4)

.ARM            0x08007980        0x0
                0x08007980                        . = ALIGN (0x4)
                0x08007980                        __exidx_start = .
 *(.ARM.exidx*)
                0x08007980                        __exidx_end = .
                0x08007980                        . = ALIGN (0x4)

.preinit_array  0x08007980        0x0
                0x08007980                        . = ALIGN (0x4)
                0x08007980                        PROVIDE (__preinit_array_start = .)
 *(.preinit_array*)
                0x08007980                        PROVIDE (__preinit_array_end = .)
                0x08007980                        . = ALIGN (0x4)

.init_array     0x08007980        0x4
                0x08007980                        . = ALIGN (0x4)
                0x08007980                        PROVIDE (__init_array_start = .)
 *(SORT_BY_NAME(.init_array.*))
 *(.init_array*)
 .init_array    0x08007980        0x4 C:/ST/STM32CubeIDE_1.17.0/STM32CubeIDE/plugins/com.st.stm32cube.ide.mcu.externaltools.gnu-tools-for-stm32.12.3.rel1.win32_1.1.0.202410251130/tools/bin/../lib/gcc/arm-none-eabi/12.3.1/thumb/v7e-m+fp/hard/crtbegin.o
                0x08007984                        PROVIDE (__init_array_end = .)
                0x08007984                        . = ALIGN (0x4)

.fini_array     0x08007984        0x4
                0x08007984                        . = ALIGN (0x4)
                [!provide]                        PROVIDE (__fini_array_start = .)
 *(SORT_BY_NAME(.fini_array.*))
 *(.fini_array*)
 .fini_array    0x08007984        0x4 C:/ST/STM32CubeIDE_1.17.0/STM32CubeIDE/plugins/com.st.stm32cube.ide.mcu.externaltools.gnu-tools-for-stm32.12.3.rel1.win32_1.1.0.202410251130/tools/bin/../lib/gcc/arm-none-eabi/12.3.1/thumb/v7e-m+fp/hard/crtbegin.o
                [!provide]                        PROVIDE (__fini_array_end = .)
                0x08007988                        . = ALIGN (0x4)
                0x08007988                        _sidata = LOADADDR (.data)

.rel.dyn        0x08007988        0x0
 .rel.iplt      0x08007988        0x0 C:/ST/STM32CubeIDE_1.17.0/STM32CubeIDE/plugins/com.st.stm32cube.ide.mcu.externaltools.gnu-tools-for-stm32.12.3.rel1.win32_1.1.0.202410251130/tools/bin/../lib/gcc/arm-none-eabi/12.3.1/thumb/v7e-m+fp/hard/crtbegin.o

.data           0x20000000       0xa0 load address 0x08007988
                0x20000000                        . = ALIGN (0x4)
                0x20000000                        _sdata = .
 *(.data)
 *(.data*)
 .data.BACK_COLOR
                0x20000000        0x2 ./Core/Src/ILI9341_paradriver.o
                0x20000000                BACK_COLOR
 *fill*         0x20000002        0x2 
 .data.tp_dev   0x20000004       0x28 ./Core/Src/XPT2046_driver.o
                0x20000004                tp_dev
 .data.CMD_RDX  0x2000002c        0x1 ./Core/Src/XPT2046_driver.o
                0x2000002c                CMD_RDX
 .data.CMD_RDY  0x2000002d        0x1 ./Core/Src/XPT2046_driver.o
                0x2000002d                CMD_RDY
 *fill*         0x2000002e        0x2 
 .data.SystemCoreClock
                0x20000030        0x4 ./Core/Src/system_stm32f3xx.o
                0x20000030                SystemCoreClock
 .data.uwTickPrio
                0x20000034        0x4 ./Drivers/STM32F3xx_HAL_Driver/Src/stm32f3xx_hal.o
                0x20000034                uwTickPrio
 .data.uwTickFreq
                0x20000038        0x1 ./Drivers/STM32F3xx_HAL_Driver/Src/stm32f3xx_hal.o
                0x20000038                uwTickFreq
 *fill*         0x20000039        0x3 
 .data._impure_ptr
                0x2000003c        0x4 C:/ST/STM32CubeIDE_1.17.0/STM32CubeIDE/plugins/com.st.stm32cube.ide.mcu.externaltools.gnu-tools-for-stm32.12.3.rel1.win32_1.1.0.202410251130/tools/bin/../lib/gcc/arm-none-eabi/12.3.1/../../../../arm-none-eabi/lib/thumb/v7e-m+fp/hard\libc_nano.a(libc_a-impure.o)
                0x2000003c                _impure_ptr
 .data._impure_data
                0x20000040       0x4c C:/ST/STM32CubeIDE_1.17.0/STM32CubeIDE/plugins/com.st.stm32cube.ide.mcu.externaltools.gnu-tools-for-stm32.12.3.rel1.win32_1.1.0.202410251130/tools/bin/../lib/gcc/arm-none-eabi/12.3.1/../../../../arm-none-eabi/lib/thumb/v7e-m+fp/hard\libc_nano.a(libc_a-impure.o)
                0x20000040                _impure_data
 *fill*         0x2000008c        0x4 
 .data.tiny     0x20000090        0x8 C:/ST/STM32CubeIDE_1.17.0/STM32CubeIDE/plugins/com.st.stm32cube.ide.mcu.externaltools.gnu-tools-for-stm32.12.3.rel1.win32_1.1.0.202410251130/tools/bin/../lib/gcc/arm-none-eabi/12.3.1/../../../../arm-none-eabi/lib/thumb/v7e-m+fp/hard\libm.a(libm_a-e_sqrt.o)
 .data.one      0x20000098        0x8 C:/ST/STM32CubeIDE_1.17.0/STM32CubeIDE/plugins/com.st.stm32cube.ide.mcu.externaltools.gnu-tools-for-stm32.12.3.rel1.win32_1.1.0.202410251130/tools/bin/../lib/gcc/arm-none-eabi/12.3.1/../../../../arm-none-eabi/lib/thumb/v7e-m+fp/hard\libm.a(libm_a-e_sqrt.o)
 *(.RamFunc)
 *(.RamFunc*)
                0x200000a0                        . = ALIGN (0x4)
                0x200000a0                        _edata = .
                0x08007a28                        _siccmram = LOADADDR (.ccmram)

.igot.plt       0x200000a0        0x0 load address 0x08007a28
 .igot.plt      0x200000a0        0x0 C:/ST/STM32CubeIDE_1.17.0/STM32CubeIDE/plugins/com.st.stm32cube.ide.mcu.externaltools.gnu-tools-for-stm32.12.3.rel1.win32_1.1.0.202410251130/tools/bin/../lib/gcc/arm-none-eabi/12.3.1/thumb/v7e-m+fp/hard/crtbegin.o

.ccmram         0x10000000        0x0 load address 0x08007a28
                0x10000000                        . = ALIGN (0x4)
                0x10000000                        _sccmram = .
 *(.ccmram)
 *(.ccmram*)
                0x10000000                        . = ALIGN (0x4)
                0x10000000                        _eccmram = .
                0x10000000                        . = ALIGN (0x4)

.bss            0x200000a0      0x1cc
                0x200000a0                        _sbss = .
                0x200000a0                        __bss_start__ = _sbss
 *(.bss)
 .bss           0x200000a0       0x1c C:/ST/STM32CubeIDE_1.17.0/STM32CubeIDE/plugins/com.st.stm32cube.ide.mcu.externaltools.gnu-tools-for-stm32.12.3.rel1.win32_1.1.0.202410251130/tools/bin/../lib/gcc/arm-none-eabi/12.3.1/thumb/v7e-m+fp/hard/crtbegin.o
 *(.bss*)
 .bss.lcddev    0x200000bc       0x10 ./Core/Src/ILI9341_paradriver.o
                0x200000bc                lcddev
 .bss.POINT_COLOR
                0x200000cc        0x2 ./Core/Src/ILI9341_paradriver.o
                0x200000cc                POINT_COLOR
 *fill*         0x200000ce        0x2 
 .bss.fac_us    0x200000d0        0x4 ./Core/Src/delay.o
 .bss.jump_step
                0x200000d4        0x2 ./Core/Src/dino.o
                0x200000d4                jump_step
 .bss.jump      0x200000d6        0x2 ./Core/Src/dino.o
                0x200000d6                jump
 .bss.leg_step  0x200000d8        0x2 ./Core/Src/dino.o
                0x200000d8                leg_step
 .bss.dino_drawed
                0x200000da        0x1 ./Core/Src/dino.o
                0x200000da                dino_drawed
 .bss.obs_drawed
                0x200000db        0x1 ./Core/Src/dino.o
                0x200000db                obs_drawed
 .bss.velocity  0x200000dc        0x1 ./Core/Src/dino.o
                0x200000dc                velocity
 *fill*         0x200000dd        0x1 
 .bss.obs_step  0x200000de        0x2 ./Core/Src/dino.o
                0x200000de                obs_step
 .bss.htim2     0x200000e0       0x4c ./Core/Src/main.o
                0x200000e0                htim2
 .bss.refresh   0x2000012c        0x1 ./Core/Src/stm32f3xx_it.o
                0x2000012c                refresh
 *fill*         0x2000012d        0x3 
 .bss.uwTick    0x20000130        0x4 ./Drivers/STM32F3xx_HAL_Driver/Src/stm32f3xx_hal.o
                0x20000130                uwTick
 .bss.__sf      0x20000134      0x138 C:/ST/STM32CubeIDE_1.17.0/STM32CubeIDE/plugins/com.st.stm32cube.ide.mcu.externaltools.gnu-tools-for-stm32.12.3.rel1.win32_1.1.0.202410251130/tools/bin/../lib/gcc/arm-none-eabi/12.3.1/../../../../arm-none-eabi/lib/thumb/v7e-m+fp/hard\libc_nano.a(libc_a-findfp.o)
                0x20000134                __sf
 *(COMMON)
                0x2000026c                        . = ALIGN (0x4)
                0x2000026c                        _ebss = .
                0x2000026c                        __bss_end__ = _ebss

._user_heap_stack
                0x2000026c      0x604
                0x20000270                        . = ALIGN (0x8)
 *fill*         0x2000026c        0x4 
                [!provide]                        PROVIDE (end = .)
                0x20000270                        PROVIDE (_end = .)
                0x20000470                        . = (. + _Min_Heap_Size)
 *fill*         0x20000270      0x200 
                0x20000870                        . = (. + _Min_Stack_Size)
 *fill*         0x20000470      0x400 
                0x20000870                        . = ALIGN (0x8)

/DISCARD/
 libc.a(*)
 libm.a(*)
 libgcc.a(*)

.ARM.attributes
                0x00000000       0x30
 *(.ARM.attributes)
 .ARM.attributes
                0x00000000       0x22 C:/ST/STM32CubeIDE_1.17.0/STM32CubeIDE/plugins/com.st.stm32cube.ide.mcu.externaltools.gnu-tools-for-stm32.12.3.rel1.win32_1.1.0.202410251130/tools/bin/../lib/gcc/arm-none-eabi/12.3.1/thumb/v7e-m+fp/hard/crti.o
 .ARM.attributes
                0x00000022       0x34 C:/ST/STM32CubeIDE_1.17.0/STM32CubeIDE/plugins/com.st.stm32cube.ide.mcu.externaltools.gnu-tools-for-stm32.12.3.rel1.win32_1.1.0.202410251130/tools/bin/../lib/gcc/arm-none-eabi/12.3.1/thumb/v7e-m+fp/hard/crtbegin.o
 .ARM.attributes
                0x00000056       0x34 ./Core/Src/ILI9341_paradriver.o
 .ARM.attributes
                0x0000008a       0x34 ./Core/Src/XPT2046_driver.o
 .ARM.attributes
                0x000000be       0x34 ./Core/Src/delay.o
 .ARM.attributes
                0x000000f2       0x34 ./Core/Src/dino.o
 .ARM.attributes
                0x00000126       0x34 ./Core/Src/main.o
 .ARM.attributes
                0x0000015a       0x34 ./Core/Src/stm32f3xx_hal_msp.o
 .ARM.attributes
                0x0000018e       0x34 ./Core/Src/stm32f3xx_it.o
 .ARM.attributes
                0x000001c2       0x34 ./Core/Src/system_stm32f3xx.o
 .ARM.attributes
                0x000001f6       0x21 ./Core/Startup/startup_stm32f303retx.o
 .ARM.attributes
                0x00000217       0x34 ./Drivers/STM32F3xx_HAL_Driver/Src/stm32f3xx_hal.o
 .ARM.attributes
                0x0000024b       0x34 ./Drivers/STM32F3xx_HAL_Driver/Src/stm32f3xx_hal_cortex.o
 .ARM.attributes
                0x0000027f       0x34 ./Drivers/STM32F3xx_HAL_Driver/Src/stm32f3xx_hal_gpio.o
 .ARM.attributes
                0x000002b3       0x34 ./Drivers/STM32F3xx_HAL_Driver/Src/stm32f3xx_hal_rcc.o
 .ARM.attributes
                0x000002e7       0x34 ./Drivers/STM32F3xx_HAL_Driver/Src/stm32f3xx_hal_rcc_ex.o
 .ARM.attributes
                0x0000031b       0x34 ./Drivers/STM32F3xx_HAL_Driver/Src/stm32f3xx_hal_tim.o
 .ARM.attributes
                0x0000034f       0x34 ./Drivers/STM32F3xx_HAL_Driver/Src/stm32f3xx_hal_tim_ex.o
 .ARM.attributes
                0x00000383       0x34 C:/ST/STM32CubeIDE_1.17.0/STM32CubeIDE/plugins/com.st.stm32cube.ide.mcu.externaltools.gnu-tools-for-stm32.12.3.rel1.win32_1.1.0.202410251130/tools/bin/../lib/gcc/arm-none-eabi/12.3.1/../../../../arm-none-eabi/lib/thumb/v7e-m+fp/hard\libc_nano.a(libc_a-findfp.o)
 .ARM.attributes
                0x000003b7       0x34 C:/ST/STM32CubeIDE_1.17.0/STM32CubeIDE/plugins/com.st.stm32cube.ide.mcu.externaltools.gnu-tools-for-stm32.12.3.rel1.win32_1.1.0.202410251130/tools/bin/../lib/gcc/arm-none-eabi/12.3.1/../../../../arm-none-eabi/lib/thumb/v7e-m+fp/hard\libc_nano.a(libc_a-memset.o)
 .ARM.attributes
                0x000003eb       0x34 C:/ST/STM32CubeIDE_1.17.0/STM32CubeIDE/plugins/com.st.stm32cube.ide.mcu.externaltools.gnu-tools-for-stm32.12.3.rel1.win32_1.1.0.202410251130/tools/bin/../lib/gcc/arm-none-eabi/12.3.1/../../../../arm-none-eabi/lib/thumb/v7e-m+fp/hard\libc_nano.a(libc_a-impure.o)
 .ARM.attributes
                0x0000041f       0x34 C:/ST/STM32CubeIDE_1.17.0/STM32CubeIDE/plugins/com.st.stm32cube.ide.mcu.externaltools.gnu-tools-for-stm32.12.3.rel1.win32_1.1.0.202410251130/tools/bin/../lib/gcc/arm-none-eabi/12.3.1/../../../../arm-none-eabi/lib/thumb/v7e-m+fp/hard\libc_nano.a(libc_a-errno.o)
 .ARM.attributes
                0x00000453       0x34 C:/ST/STM32CubeIDE_1.17.0/STM32CubeIDE/plugins/com.st.stm32cube.ide.mcu.externaltools.gnu-tools-for-stm32.12.3.rel1.win32_1.1.0.202410251130/tools/bin/../lib/gcc/arm-none-eabi/12.3.1/../../../../arm-none-eabi/lib/thumb/v7e-m+fp/hard\libc_nano.a(libc_a-init.o)
 .ARM.attributes
                0x00000487       0x34 C:/ST/STM32CubeIDE_1.17.0/STM32CubeIDE/plugins/com.st.stm32cube.ide.mcu.externaltools.gnu-tools-for-stm32.12.3.rel1.win32_1.1.0.202410251130/tools/bin/../lib/gcc/arm-none-eabi/12.3.1/../../../../arm-none-eabi/lib/thumb/v7e-m+fp/hard\libm.a(libm_a-w_sqrt.o)
 .ARM.attributes
                0x000004bb       0x34 C:/ST/STM32CubeIDE_1.17.0/STM32CubeIDE/plugins/com.st.stm32cube.ide.mcu.externaltools.gnu-tools-for-stm32.12.3.rel1.win32_1.1.0.202410251130/tools/bin/../lib/gcc/arm-none-eabi/12.3.1/../../../../arm-none-eabi/lib/thumb/v7e-m+fp/hard\libm.a(libm_a-e_sqrt.o)
 .ARM.attributes
                0x000004ef       0x22 C:/ST/STM32CubeIDE_1.17.0/STM32CubeIDE/plugins/com.st.stm32cube.ide.mcu.externaltools.gnu-tools-for-stm32.12.3.rel1.win32_1.1.0.202410251130/tools/bin/../lib/gcc/arm-none-eabi/12.3.1/thumb/v7e-m+fp/hard\libgcc.a(_arm_addsubdf3.o)
 .ARM.attributes
                0x00000511       0x22 C:/ST/STM32CubeIDE_1.17.0/STM32CubeIDE/plugins/com.st.stm32cube.ide.mcu.externaltools.gnu-tools-for-stm32.12.3.rel1.win32_1.1.0.202410251130/tools/bin/../lib/gcc/arm-none-eabi/12.3.1/thumb/v7e-m+fp/hard\libgcc.a(_arm_muldivdf3.o)
 .ARM.attributes
                0x00000533       0x22 C:/ST/STM32CubeIDE_1.17.0/STM32CubeIDE/plugins/com.st.stm32cube.ide.mcu.externaltools.gnu-tools-for-stm32.12.3.rel1.win32_1.1.0.202410251130/tools/bin/../lib/gcc/arm-none-eabi/12.3.1/thumb/v7e-m+fp/hard\libgcc.a(_arm_cmpdf2.o)
 .ARM.attributes
                0x00000555       0x22 C:/ST/STM32CubeIDE_1.17.0/STM32CubeIDE/plugins/com.st.stm32cube.ide.mcu.externaltools.gnu-tools-for-stm32.12.3.rel1.win32_1.1.0.202410251130/tools/bin/../lib/gcc/arm-none-eabi/12.3.1/thumb/v7e-m+fp/hard\libgcc.a(_arm_unorddf2.o)
 .ARM.attributes
                0x00000577       0x22 C:/ST/STM32CubeIDE_1.17.0/STM32CubeIDE/plugins/com.st.stm32cube.ide.mcu.externaltools.gnu-tools-for-stm32.12.3.rel1.win32_1.1.0.202410251130/tools/bin/../lib/gcc/arm-none-eabi/12.3.1/thumb/v7e-m+fp/hard\libgcc.a(_arm_fixunsdfsi.o)
 .ARM.attributes
                0x00000599       0x22 C:/ST/STM32CubeIDE_1.17.0/STM32CubeIDE/plugins/com.st.stm32cube.ide.mcu.externaltools.gnu-tools-for-stm32.12.3.rel1.win32_1.1.0.202410251130/tools/bin/../lib/gcc/arm-none-eabi/12.3.1/thumb/v7e-m+fp/hard/crtn.o
OUTPUT(STM32_ILI9341_XPT2046_PARA_LCD_DINOCHROME.elf elf32-littlearm)
LOAD linker stubs
LOAD C:/ST/STM32CubeIDE_1.17.0/STM32CubeIDE/plugins/com.st.stm32cube.ide.mcu.externaltools.gnu-tools-for-stm32.12.3.rel1.win32_1.1.0.202410251130/tools/bin/../lib/gcc/arm-none-eabi/12.3.1/../../../../arm-none-eabi/lib/thumb/v7e-m+fp/hard\libc.a
LOAD C:/ST/STM32CubeIDE_1.17.0/STM32CubeIDE/plugins/com.st.stm32cube.ide.mcu.externaltools.gnu-tools-for-stm32.12.3.rel1.win32_1.1.0.202410251130/tools/bin/../lib/gcc/arm-none-eabi/12.3.1/../../../../arm-none-eabi/lib/thumb/v7e-m+fp/hard\libm.a
LOAD C:/ST/STM32CubeIDE_1.17.0/STM32CubeIDE/plugins/com.st.stm32cube.ide.mcu.externaltools.gnu-tools-for-stm32.12.3.rel1.win32_1.1.0.202410251130/tools/bin/../lib/gcc/arm-none-eabi/12.3.1/thumb/v7e-m+fp/hard\libgcc.a

.debug_info     0x00000000     0xb895
 .debug_info    0x00000000     0x10b4 ./Core/Src/ILI9341_paradriver.o
 .debug_info    0x000010b4      0x87a ./Core/Src/XPT2046_driver.o
 .debug_info    0x0000192e      0x215 ./Core/Src/delay.o
 .debug_info    0x00001b43      0x3ab ./Core/Src/dino.o
 .debug_info    0x00001eee      0xe4c ./Core/Src/main.o
 .debug_info    0x00002d3a      0x9cb ./Core/Src/stm32f3xx_hal_msp.o
 .debug_info    0x00003705      0x709 ./Core/Src/stm32f3xx_it.o
 .debug_info    0x00003e0e      0x407 ./Core/Src/system_stm32f3xx.o
 .debug_info    0x00004215       0x30 ./Core/Startup/startup_stm32f303retx.o
 .debug_info    0x00004245      0x804 ./Drivers/STM32F3xx_HAL_Driver/Src/stm32f3xx_hal.o
 .debug_info    0x00004a49      0xd14 ./Drivers/STM32F3xx_HAL_Driver/Src/stm32f3xx_hal_cortex.o
 .debug_info    0x0000575d      0x6a6 ./Drivers/STM32F3xx_HAL_Driver/Src/stm32f3xx_hal_gpio.o
 .debug_info    0x00005e03     0x149a ./Drivers/STM32F3xx_HAL_Driver/Src/stm32f3xx_hal_rcc.o
 .debug_info    0x0000729d      0x61b ./Drivers/STM32F3xx_HAL_Driver/Src/stm32f3xx_hal_rcc_ex.o
 .debug_info    0x000078b8     0x2a70 ./Drivers/STM32F3xx_HAL_Driver/Src/stm32f3xx_hal_tim.o
 .debug_info    0x0000a328     0x156d ./Drivers/STM32F3xx_HAL_Driver/Src/stm32f3xx_hal_tim_ex.o

.debug_abbrev   0x00000000     0x21a2
 .debug_abbrev  0x00000000      0x351 ./Core/Src/ILI9341_paradriver.o
 .debug_abbrev  0x00000351      0x2f6 ./Core/Src/XPT2046_driver.o
 .debug_abbrev  0x00000647      0x14d ./Core/Src/delay.o
 .debug_abbrev  0x00000794      0x1cc ./Core/Src/dino.o
 .debug_abbrev  0x00000960      0x298 ./Core/Src/main.o
 .debug_abbrev  0x00000bf8      0x1ae ./Core/Src/stm32f3xx_hal_msp.o
 .debug_abbrev  0x00000da6      0x1a5 ./Core/Src/stm32f3xx_it.o
 .debug_abbrev  0x00000f4b      0x11a ./Core/Src/system_stm32f3xx.o
 .debug_abbrev  0x00001065       0x24 ./Core/Startup/startup_stm32f303retx.o
 .debug_abbrev  0x00001089      0x215 ./Drivers/STM32F3xx_HAL_Driver/Src/stm32f3xx_hal.o
 .debug_abbrev  0x0000129e      0x31e ./Drivers/STM32F3xx_HAL_Driver/Src/stm32f3xx_hal_cortex.o
 .debug_abbrev  0x000015bc      0x1ca ./Drivers/STM32F3xx_HAL_Driver/Src/stm32f3xx_hal_gpio.o
 .debug_abbrev  0x00001786      0x300 ./Drivers/STM32F3xx_HAL_Driver/Src/stm32f3xx_hal_rcc.o
 .debug_abbrev  0x00001a86      0x221 ./Drivers/STM32F3xx_HAL_Driver/Src/stm32f3xx_hal_rcc_ex.o
 .debug_abbrev  0x00001ca7      0x278 ./Drivers/STM32F3xx_HAL_Driver/Src/stm32f3xx_hal_tim.o
 .debug_abbrev  0x00001f1f      0x283 ./Drivers/STM32F3xx_HAL_Driver/Src/stm32f3xx_hal_tim_ex.o

.debug_aranges  0x00000000      0xbe8
 .debug_aranges
                0x00000000      0x148 ./Core/Src/ILI9341_paradriver.o
 .debug_aranges
                0x00000148       0x80 ./Core/Src/XPT2046_driver.o
 .debug_aranges
                0x000001c8       0x30 ./Core/Src/delay.o
 .debug_aranges
                0x000001f8       0x50 ./Core/Src/dino.o
 .debug_aranges
                0x00000248       0x40 ./Core/Src/main.o
 .debug_aranges
                0x00000288       0x30 ./Core/Src/stm32f3xx_hal_msp.o
 .debug_aranges
                0x000002b8       0x68 ./Core/Src/stm32f3xx_it.o
 .debug_aranges
                0x00000320       0x28 ./Core/Src/system_stm32f3xx.o
 .debug_aranges
                0x00000348       0x28 ./Core/Startup/startup_stm32f303retx.o
 .debug_aranges
                0x00000370       0xe0 ./Drivers/STM32F3xx_HAL_Driver/Src/stm32f3xx_hal.o
 .debug_aranges
                0x00000450      0x128 ./Drivers/STM32F3xx_HAL_Driver/Src/stm32f3xx_hal_cortex.o
 .debug_aranges
                0x00000578       0x58 ./Drivers/STM32F3xx_HAL_Driver/Src/stm32f3xx_hal_gpio.o
 .debug_aranges
                0x000005d0       0x88 ./Drivers/STM32F3xx_HAL_Driver/Src/stm32f3xx_hal_rcc.o
 .debug_aranges
                0x00000658       0x38 ./Drivers/STM32F3xx_HAL_Driver/Src/stm32f3xx_hal_rcc_ex.o
 .debug_aranges
                0x00000690      0x3e0 ./Drivers/STM32F3xx_HAL_Driver/Src/stm32f3xx_hal_tim.o
 .debug_aranges
                0x00000a70      0x178 ./Drivers/STM32F3xx_HAL_Driver/Src/stm32f3xx_hal_tim_ex.o

.debug_rnglists
                0x00000000      0x92a
 .debug_rnglists
                0x00000000      0x100 ./Core/Src/ILI9341_paradriver.o
 .debug_rnglists
                0x00000100       0x62 ./Core/Src/XPT2046_driver.o
 .debug_rnglists
                0x00000162       0x1f ./Core/Src/delay.o
 .debug_rnglists
                0x00000181       0x3c ./Core/Src/dino.o
 .debug_rnglists
                0x000001bd       0x2e ./Core/Src/main.o
 .debug_rnglists
                0x000001eb       0x1f ./Core/Src/stm32f3xx_hal_msp.o
 .debug_rnglists
                0x0000020a       0x49 ./Core/Src/stm32f3xx_it.o
 .debug_rnglists
                0x00000253       0x1a ./Core/Src/system_stm32f3xx.o
 .debug_rnglists
                0x0000026d       0x19 ./Core/Startup/startup_stm32f303retx.o
 .debug_rnglists
                0x00000286       0xa3 ./Drivers/STM32F3xx_HAL_Driver/Src/stm32f3xx_hal.o
 .debug_rnglists
                0x00000329       0xda ./Drivers/STM32F3xx_HAL_Driver/Src/stm32f3xx_hal_cortex.o
 .debug_rnglists
                0x00000403       0x3f ./Drivers/STM32F3xx_HAL_Driver/Src/stm32f3xx_hal_gpio.o
 .debug_rnglists
                0x00000442       0x66 ./Drivers/STM32F3xx_HAL_Driver/Src/stm32f3xx_hal_rcc.o
 .debug_rnglists
                0x000004a8       0x29 ./Drivers/STM32F3xx_HAL_Driver/Src/stm32f3xx_hal_rcc_ex.o
 .debug_rnglists
                0x000004d1      0x328 ./Drivers/STM32F3xx_HAL_Driver/Src/stm32f3xx_hal_tim.o
 .debug_rnglists
                0x000007f9      0x131 ./Drivers/STM32F3xx_HAL_Driver/Src/stm32f3xx_hal_tim_ex.o

.debug_macro    0x00000000     0x2c37
 .debug_macro   0x00000000      0x2c5 ./Core/Src/ILI9341_paradriver.o
 .debug_macro   0x000002c5       0x2a ./Core/Src/ILI9341_paradriver.o
 .debug_macro   0x000002ef       0x61 ./Core/Src/ILI9341_paradriver.o
 .debug_macro   0x00000350       0x43 ./Core/Src/ILI9341_paradriver.o
 .debug_macro   0x00000393       0x34 ./Core/Src/ILI9341_paradriver.o
 .debug_macro   0x000003c7       0x16 ./Core/Src/ILI9341_paradriver.o
 .debug_macro   0x000003dd       0x35 ./Core/Src/ILI9341_paradriver.o
 .debug_macro   0x00000412       0x16 ./Core/Src/ILI9341_paradriver.o
 .debug_macro   0x00000428       0x43 ./Core/Src/ILI9341_paradriver.o
 .debug_macro   0x0000046b       0x34 ./Core/Src/ILI9341_paradriver.o
 .debug_macro   0x0000049f       0x10 ./Core/Src/ILI9341_paradriver.o
 .debug_macro   0x000004af       0x58 ./Core/Src/ILI9341_paradriver.o
 .debug_macro   0x00000507       0x8e ./Core/Src/ILI9341_paradriver.o
 .debug_macro   0x00000595       0x1c ./Core/Src/ILI9341_paradriver.o
 .debug_macro   0x000005b1      0x177 ./Core/Src/ILI9341_paradriver.o
 .debug_macro   0x00000728      0x369 ./Core/Src/ILI9341_paradriver.o
 .debug_macro   0x00000a91       0x16 ./Core/Src/ILI9341_paradriver.o
 .debug_macro   0x00000aa7       0x29 ./Core/Src/ILI9341_paradriver.o
 .debug_macro   0x00000ad0      0x136 ./Core/Src/ILI9341_paradriver.o
 .debug_macro   0x00000c06      0x2f9 ./Core/Src/XPT2046_driver.o
 .debug_macro   0x00000eff       0x68 ./Core/Src/XPT2046_driver.o
 .debug_macro   0x00000f67      0x19b ./Core/Src/XPT2046_driver.o
 .debug_macro   0x00001102      0x1dc ./Core/Src/delay.o
 .debug_macro   0x000012de      0x2c4 ./Core/Src/dino.o
 .debug_macro   0x000015a2       0x6e ./Core/Src/dino.o
 .debug_macro   0x00001610      0x2db ./Core/Src/main.o
 .debug_macro   0x000018eb      0x12a ./Core/Src/main.o
 .debug_macro   0x00001a15       0x16 ./Core/Src/main.o
 .debug_macro   0x00001a2b      0x1cd ./Core/Src/stm32f3xx_hal_msp.o
 .debug_macro   0x00001bf8      0x1d7 ./Core/Src/stm32f3xx_it.o
 .debug_macro   0x00001dcf      0x1c3 ./Core/Src/system_stm32f3xx.o
 .debug_macro   0x00001f92      0x1e7 ./Drivers/STM32F3xx_HAL_Driver/Src/stm32f3xx_hal.o
 .debug_macro   0x00002179      0x1c3 ./Drivers/STM32F3xx_HAL_Driver/Src/stm32f3xx_hal_cortex.o
 .debug_macro   0x0000233c      0x1ca ./Drivers/STM32F3xx_HAL_Driver/Src/stm32f3xx_hal_gpio.o
 .debug_macro   0x00002506      0x1e7 ./Drivers/STM32F3xx_HAL_Driver/Src/stm32f3xx_hal_rcc.o
 .debug_macro   0x000026ed      0x1c3 ./Drivers/STM32F3xx_HAL_Driver/Src/stm32f3xx_hal_rcc_ex.o
 .debug_macro   0x000028b0      0x1c4 ./Drivers/STM32F3xx_HAL_Driver/Src/stm32f3xx_hal_tim.o
 .debug_macro   0x00002a74      0x1c3 ./Drivers/STM32F3xx_HAL_Driver/Src/stm32f3xx_hal_tim_ex.o

.debug_line     0x00000000     0xf912
 .debug_line    0x00000000     0x1339 ./Core/Src/ILI9341_paradriver.o
 .debug_line    0x00001339      0xfcb ./Core/Src/XPT2046_driver.o
 .debug_line    0x00002304      0x7ca ./Core/Src/delay.o
 .debug_line    0x00002ace      0xd90 ./Core/Src/dino.o
 .debug_line    0x0000385e      0xa18 ./Core/Src/main.o
 .debug_line    0x00004276      0x779 ./Core/Src/stm32f3xx_hal_msp.o
 .debug_line    0x000049ef      0x827 ./Core/Src/stm32f3xx_it.o
 .debug_line    0x00005216      0x7bd ./Core/Src/system_stm32f3xx.o
 .debug_line    0x000059d3       0x7a ./Core/Startup/startup_stm32f303retx.o
 .debug_line    0x00005a4d      0x9f0 ./Drivers/STM32F3xx_HAL_Driver/Src/stm32f3xx_hal.o
 .debug_line    0x0000643d      0xcdd ./Drivers/STM32F3xx_HAL_Driver/Src/stm32f3xx_hal_cortex.o
 .debug_line    0x0000711a      0xb8f ./Drivers/STM32F3xx_HAL_Driver/Src/stm32f3xx_hal_gpio.o
 .debug_line    0x00007ca9     0x139c ./Drivers/STM32F3xx_HAL_Driver/Src/stm32f3xx_hal_rcc.o
 .debug_line    0x00009045      0xf05 ./Drivers/STM32F3xx_HAL_Driver/Src/stm32f3xx_hal_rcc_ex.o
 .debug_line    0x00009f4a     0x3eba ./Drivers/STM32F3xx_HAL_Driver/Src/stm32f3xx_hal_tim.o
 .debug_line    0x0000de04     0x1b0e ./Drivers/STM32F3xx_HAL_Driver/Src/stm32f3xx_hal_tim_ex.o

.debug_str      0x00000000    0xc6204
 .debug_str     0x00000000    0xc25fb ./Core/Src/ILI9341_paradriver.o
                              0xc2cd6 (size before relaxing)
 .debug_str     0x000c25fb      0xb85 ./Core/Src/XPT2046_driver.o
                              0xc34c9 (size before relaxing)
 .debug_str     0x000c3180       0x53 ./Core/Src/delay.o
                              0xbf35b (size before relaxing)
 .debug_str     0x000c31d3       0xdf ./Core/Src/dino.o
                              0xc2b79 (size before relaxing)
 .debug_str     0x000c32b2      0x98d ./Core/Src/main.o
                              0xc3572 (size before relaxing)
 .debug_str     0x000c3c3f      0x40f ./Core/Src/stm32f3xx_hal_msp.o
                              0xbf6a3 (size before relaxing)
 .debug_str     0x000c404e       0xec ./Core/Src/stm32f3xx_it.o
                              0xbf210 (size before relaxing)
 .debug_str     0x000c413a       0xe9 ./Core/Src/system_stm32f3xx.o
                              0xbed52 (size before relaxing)
 .debug_str     0x000c4223       0x9b ./Core/Startup/startup_stm32f303retx.o
 .debug_str     0x000c42be      0x389 ./Drivers/STM32F3xx_HAL_Driver/Src/stm32f3xx_hal.o
                              0xbf5fb (size before relaxing)
 .debug_str     0x000c4647      0x37f ./Drivers/STM32F3xx_HAL_Driver/Src/stm32f3xx_hal_cortex.o
                              0xbf67f (size before relaxing)
 .debug_str     0x000c49c6      0x18e ./Drivers/STM32F3xx_HAL_Driver/Src/stm32f3xx_hal_gpio.o
                              0xbef37 (size before relaxing)
 .debug_str     0x000c4b54      0x2d6 ./Drivers/STM32F3xx_HAL_Driver/Src/stm32f3xx_hal_rcc.o
                              0xbf1f6 (size before relaxing)
 .debug_str     0x000c4e2a       0xbe ./Drivers/STM32F3xx_HAL_Driver/Src/stm32f3xx_hal_rcc_ex.o
                              0xbf040 (size before relaxing)
 .debug_str     0x000c4ee8      0xe40 ./Drivers/STM32F3xx_HAL_Driver/Src/stm32f3xx_hal_tim.o
                              0xc0189 (size before relaxing)
 .debug_str     0x000c5d28      0x4dc ./Drivers/STM32F3xx_HAL_Driver/Src/stm32f3xx_hal_tim_ex.o
                              0xbf9cf (size before relaxing)

.comment        0x00000000       0x43
 .comment       0x00000000       0x43 ./Core/Src/ILI9341_paradriver.o
                                 0x44 (size before relaxing)
 .comment       0x00000043       0x44 ./Core/Src/XPT2046_driver.o
 .comment       0x00000043       0x44 ./Core/Src/delay.o
 .comment       0x00000043       0x44 ./Core/Src/dino.o
 .comment       0x00000043       0x44 ./Core/Src/main.o
 .comment       0x00000043       0x44 ./Core/Src/stm32f3xx_hal_msp.o
 .comment       0x00000043       0x44 ./Core/Src/stm32f3xx_it.o
 .comment       0x00000043       0x44 ./Core/Src/system_stm32f3xx.o
 .comment       0x00000043       0x44 ./Drivers/STM32F3xx_HAL_Driver/Src/stm32f3xx_hal.o
 .comment       0x00000043       0x44 ./Drivers/STM32F3xx_HAL_Driver/Src/stm32f3xx_hal_cortex.o
 .comment       0x00000043       0x44 ./Drivers/STM32F3xx_HAL_Driver/Src/stm32f3xx_hal_gpio.o
 .comment       0x00000043       0x44 ./Drivers/STM32F3xx_HAL_Driver/Src/stm32f3xx_hal_rcc.o
 .comment       0x00000043       0x44 ./Drivers/STM32F3xx_HAL_Driver/Src/stm32f3xx_hal_rcc_ex.o
 .comment       0x00000043       0x44 ./Drivers/STM32F3xx_HAL_Driver/Src/stm32f3xx_hal_tim.o
 .comment       0x00000043       0x44 ./Drivers/STM32F3xx_HAL_Driver/Src/stm32f3xx_hal_tim_ex.o

.debug_frame    0x00000000     0x34a0
 .debug_frame   0x00000000      0x58c ./Core/Src/ILI9341_paradriver.o
 .debug_frame   0x0000058c      0x1f0 ./Core/Src/XPT2046_driver.o
 .debug_frame   0x0000077c       0x80 ./Core/Src/delay.o
 .debug_frame   0x000007fc      0x104 ./Core/Src/dino.o
 .debug_frame   0x00000900       0xb4 ./Core/Src/main.o
 .debug_frame   0x000009b4       0x80 ./Core/Src/stm32f3xx_hal_msp.o
 .debug_frame   0x00000a34      0x120 ./Core/Src/stm32f3xx_it.o
 .debug_frame   0x00000b54       0x58 ./Core/Src/system_stm32f3xx.o
 .debug_frame   0x00000bac      0x334 ./Drivers/STM32F3xx_HAL_Driver/Src/stm32f3xx_hal.o
 .debug_frame   0x00000ee0      0x4e8 ./Drivers/STM32F3xx_HAL_Driver/Src/stm32f3xx_hal_cortex.o
 .debug_frame   0x000013c8      0x14c ./Drivers/STM32F3xx_HAL_Driver/Src/stm32f3xx_hal_gpio.o
 .debug_frame   0x00001514      0x214 ./Drivers/STM32F3xx_HAL_Driver/Src/stm32f3xx_hal_rcc.o
 .debug_frame   0x00001728       0xb0 ./Drivers/STM32F3xx_HAL_Driver/Src/stm32f3xx_hal_rcc_ex.o
 .debug_frame   0x000017d8     0x1218 ./Drivers/STM32F3xx_HAL_Driver/Src/stm32f3xx_hal_tim.o
 .debug_frame   0x000029f0      0x688 ./Drivers/STM32F3xx_HAL_Driver/Src/stm32f3xx_hal_tim_ex.o
 .debug_frame   0x00003078      0x144 C:/ST/STM32CubeIDE_1.17.0/STM32CubeIDE/plugins/com.st.stm32cube.ide.mcu.externaltools.gnu-tools-for-stm32.12.3.rel1.win32_1.1.0.202410251130/tools/bin/../lib/gcc/arm-none-eabi/12.3.1/../../../../arm-none-eabi/lib/thumb/v7e-m+fp/hard\libc_nano.a(libc_a-findfp.o)
 .debug_frame   0x000031bc       0x20 C:/ST/STM32CubeIDE_1.17.0/STM32CubeIDE/plugins/com.st.stm32cube.ide.mcu.externaltools.gnu-tools-for-stm32.12.3.rel1.win32_1.1.0.202410251130/tools/bin/../lib/gcc/arm-none-eabi/12.3.1/../../../../arm-none-eabi/lib/thumb/v7e-m+fp/hard\libc_nano.a(libc_a-memset.o)
 .debug_frame   0x000031dc       0x20 C:/ST/STM32CubeIDE_1.17.0/STM32CubeIDE/plugins/com.st.stm32cube.ide.mcu.externaltools.gnu-tools-for-stm32.12.3.rel1.win32_1.1.0.202410251130/tools/bin/../lib/gcc/arm-none-eabi/12.3.1/../../../../arm-none-eabi/lib/thumb/v7e-m+fp/hard\libc_nano.a(libc_a-errno.o)
 .debug_frame   0x000031fc       0x2c C:/ST/STM32CubeIDE_1.17.0/STM32CubeIDE/plugins/com.st.stm32cube.ide.mcu.externaltools.gnu-tools-for-stm32.12.3.rel1.win32_1.1.0.202410251130/tools/bin/../lib/gcc/arm-none-eabi/12.3.1/../../../../arm-none-eabi/lib/thumb/v7e-m+fp/hard\libc_nano.a(libc_a-init.o)
 .debug_frame   0x00003228       0x3c C:/ST/STM32CubeIDE_1.17.0/STM32CubeIDE/plugins/com.st.stm32cube.ide.mcu.externaltools.gnu-tools-for-stm32.12.3.rel1.win32_1.1.0.202410251130/tools/bin/../lib/gcc/arm-none-eabi/12.3.1/../../../../arm-none-eabi/lib/thumb/v7e-m+fp/hard\libm.a(libm_a-w_sqrt.o)
 .debug_frame   0x00003264       0x38 C:/ST/STM32CubeIDE_1.17.0/STM32CubeIDE/plugins/com.st.stm32cube.ide.mcu.externaltools.gnu-tools-for-stm32.12.3.rel1.win32_1.1.0.202410251130/tools/bin/../lib/gcc/arm-none-eabi/12.3.1/../../../../arm-none-eabi/lib/thumb/v7e-m+fp/hard\libm.a(libm_a-e_sqrt.o)
 .debug_frame   0x0000329c       0xac C:/ST/STM32CubeIDE_1.17.0/STM32CubeIDE/plugins/com.st.stm32cube.ide.mcu.externaltools.gnu-tools-for-stm32.12.3.rel1.win32_1.1.0.202410251130/tools/bin/../lib/gcc/arm-none-eabi/12.3.1/thumb/v7e-m+fp/hard\libgcc.a(_arm_addsubdf3.o)
 .debug_frame   0x00003348       0x50 C:/ST/STM32CubeIDE_1.17.0/STM32CubeIDE/plugins/com.st.stm32cube.ide.mcu.externaltools.gnu-tools-for-stm32.12.3.rel1.win32_1.1.0.202410251130/tools/bin/../lib/gcc/arm-none-eabi/12.3.1/thumb/v7e-m+fp/hard\libgcc.a(_arm_muldivdf3.o)
 .debug_frame   0x00003398       0xc4 C:/ST/STM32CubeIDE_1.17.0/STM32CubeIDE/plugins/com.st.stm32cube.ide.mcu.externaltools.gnu-tools-for-stm32.12.3.rel1.win32_1.1.0.202410251130/tools/bin/../lib/gcc/arm-none-eabi/12.3.1/thumb/v7e-m+fp/hard\libgcc.a(_arm_cmpdf2.o)
 .debug_frame   0x0000345c       0x20 C:/ST/STM32CubeIDE_1.17.0/STM32CubeIDE/plugins/com.st.stm32cube.ide.mcu.externaltools.gnu-tools-for-stm32.12.3.rel1.win32_1.1.0.202410251130/tools/bin/../lib/gcc/arm-none-eabi/12.3.1/thumb/v7e-m+fp/hard\libgcc.a(_arm_unorddf2.o)
 .debug_frame   0x0000347c       0x24 C:/ST/STM32CubeIDE_1.17.0/STM32CubeIDE/plugins/com.st.stm32cube.ide.mcu.externaltools.gnu-tools-for-stm32.12.3.rel1.win32_1.1.0.202410251130/tools/bin/../lib/gcc/arm-none-eabi/12.3.1/thumb/v7e-m+fp/hard\libgcc.a(_arm_fixunsdfsi.o)

.debug_line_str
                0x00000000       0x7f
 .debug_line_str
                0x00000000       0x7f ./Core/Startup/startup_stm32f303retx.o
