Archive member included to satisfy reference by file (symbol)

C:/ST/STM32CubeIDE_1.17.0/STM32CubeIDE/plugins/com.st.stm32cube.ide.mcu.externaltools.gnu-tools-for-stm32.12.3.rel1.win32_1.1.0.202410251130/tools/bin/../lib/gcc/arm-none-eabi/12.3.1/../../../../arm-none-eabi/lib/thumb/v7e-m+fp/hard\libc_nano.a(libc_a-exit.o)
                              C:/ST/STM32CubeIDE_1.17.0/STM32CubeIDE/plugins/com.st.stm32cube.ide.mcu.externaltools.gnu-tools-for-stm32.12.3.rel1.win32_1.1.0.202410251130/tools/bin/../lib/gcc/arm-none-eabi/12.3.1/../../../../arm-none-eabi/lib/thumb/v7e-m+fp/hard/crt0.o (exit)
C:/ST/STM32CubeIDE_1.17.0/STM32CubeIDE/plugins/com.st.stm32cube.ide.mcu.externaltools.gnu-tools-for-stm32.12.3.rel1.win32_1.1.0.202410251130/tools/bin/../lib/gcc/arm-none-eabi/12.3.1/../../../../arm-none-eabi/lib/thumb/v7e-m+fp/hard\libc_nano.a(libc_a-findfp.o)
                              C:/ST/STM32CubeIDE_1.17.0/STM32CubeIDE/plugins/com.st.stm32cube.ide.mcu.externaltools.gnu-tools-for-stm32.12.3.rel1.win32_1.1.0.202410251130/tools/bin/../lib/gcc/arm-none-eabi/12.3.1/../../../../arm-none-eabi/lib/thumb/v7e-m+fp/hard\libc_nano.a(libc_a-exit.o) (__stdio_exit_handler)
C:/ST/STM32CubeIDE_1.17.0/STM32CubeIDE/plugins/com.st.stm32cube.ide.mcu.externaltools.gnu-tools-for-stm32.12.3.rel1.win32_1.1.0.202410251130/tools/bin/../lib/gcc/arm-none-eabi/12.3.1/../../../../arm-none-eabi/lib/thumb/v7e-m+fp/hard\libc_nano.a(libc_a-fwalk.o)
                              C:/ST/STM32CubeIDE_1.17.0/STM32CubeIDE/plugins/com.st.stm32cube.ide.mcu.externaltools.gnu-tools-for-stm32.12.3.rel1.win32_1.1.0.202410251130/tools/bin/../lib/gcc/arm-none-eabi/12.3.1/../../../../arm-none-eabi/lib/thumb/v7e-m+fp/hard\libc_nano.a(libc_a-findfp.o) (_fwalk_sglue)
C:/ST/STM32CubeIDE_1.17.0/STM32CubeIDE/plugins/com.st.stm32cube.ide.mcu.externaltools.gnu-tools-for-stm32.12.3.rel1.win32_1.1.0.202410251130/tools/bin/../lib/gcc/arm-none-eabi/12.3.1/../../../../arm-none-eabi/lib/thumb/v7e-m+fp/hard\libc_nano.a(libc_a-sprintf.o)
                              ./Core/Src/dino.o (sprintf)
C:/ST/STM32CubeIDE_1.17.0/STM32CubeIDE/plugins/com.st.stm32cube.ide.mcu.externaltools.gnu-tools-for-stm32.12.3.rel1.win32_1.1.0.202410251130/tools/bin/../lib/gcc/arm-none-eabi/12.3.1/../../../../arm-none-eabi/lib/thumb/v7e-m+fp/hard\libc_nano.a(libc_a-stdio.o)
                              C:/ST/STM32CubeIDE_1.17.0/STM32CubeIDE/plugins/com.st.stm32cube.ide.mcu.externaltools.gnu-tools-for-stm32.12.3.rel1.win32_1.1.0.202410251130/tools/bin/../lib/gcc/arm-none-eabi/12.3.1/../../../../arm-none-eabi/lib/thumb/v7e-m+fp/hard\libc_nano.a(libc_a-findfp.o) (__sread)
C:/ST/STM32CubeIDE_1.17.0/STM32CubeIDE/plugins/com.st.stm32cube.ide.mcu.externaltools.gnu-tools-for-stm32.12.3.rel1.win32_1.1.0.202410251130/tools/bin/../lib/gcc/arm-none-eabi/12.3.1/../../../../arm-none-eabi/lib/thumb/v7e-m+fp/hard\libc_nano.a(libc_a-memset.o)
                              C:/ST/STM32CubeIDE_1.17.0/STM32CubeIDE/plugins/com.st.stm32cube.ide.mcu.externaltools.gnu-tools-for-stm32.12.3.rel1.win32_1.1.0.202410251130/tools/bin/../lib/gcc/arm-none-eabi/12.3.1/../../../../arm-none-eabi/lib/thumb/v7e-m+fp/hard/crt0.o (memset)
C:/ST/STM32CubeIDE_1.17.0/STM32CubeIDE/plugins/com.st.stm32cube.ide.mcu.externaltools.gnu-tools-for-stm32.12.3.rel1.win32_1.1.0.202410251130/tools/bin/../lib/gcc/arm-none-eabi/12.3.1/../../../../arm-none-eabi/lib/thumb/v7e-m+fp/hard\libc_nano.a(libc_a-closer.o)
                              C:/ST/STM32CubeIDE_1.17.0/STM32CubeIDE/plugins/com.st.stm32cube.ide.mcu.externaltools.gnu-tools-for-stm32.12.3.rel1.win32_1.1.0.202410251130/tools/bin/../lib/gcc/arm-none-eabi/12.3.1/../../../../arm-none-eabi/lib/thumb/v7e-m+fp/hard\libc_nano.a(libc_a-stdio.o) (_close_r)
C:/ST/STM32CubeIDE_1.17.0/STM32CubeIDE/plugins/com.st.stm32cube.ide.mcu.externaltools.gnu-tools-for-stm32.12.3.rel1.win32_1.1.0.202410251130/tools/bin/../lib/gcc/arm-none-eabi/12.3.1/../../../../arm-none-eabi/lib/thumb/v7e-m+fp/hard\libc_nano.a(libc_a-reent.o)
                              C:/ST/STM32CubeIDE_1.17.0/STM32CubeIDE/plugins/com.st.stm32cube.ide.mcu.externaltools.gnu-tools-for-stm32.12.3.rel1.win32_1.1.0.202410251130/tools/bin/../lib/gcc/arm-none-eabi/12.3.1/../../../../arm-none-eabi/lib/thumb/v7e-m+fp/hard\libc_nano.a(libc_a-closer.o) (errno)
C:/ST/STM32CubeIDE_1.17.0/STM32CubeIDE/plugins/com.st.stm32cube.ide.mcu.externaltools.gnu-tools-for-stm32.12.3.rel1.win32_1.1.0.202410251130/tools/bin/../lib/gcc/arm-none-eabi/12.3.1/../../../../arm-none-eabi/lib/thumb/v7e-m+fp/hard\libc_nano.a(libc_a-impure.o)
                              C:/ST/STM32CubeIDE_1.17.0/STM32CubeIDE/plugins/com.st.stm32cube.ide.mcu.externaltools.gnu-tools-for-stm32.12.3.rel1.win32_1.1.0.202410251130/tools/bin/../lib/gcc/arm-none-eabi/12.3.1/../../../../arm-none-eabi/lib/thumb/v7e-m+fp/hard\libc_nano.a(libc_a-sprintf.o) (_impure_ptr)
[...]
Memory Configuration

Name             Origin             Length             Attributes
CCMRAM           0x10000000         0x00004000         xrw
RAM              0x20000000         0x00010000         xrw
FLASH            0x08000000         0x00080000         xr
*default*        0x00000000         0xffffffff

Linker script and memory map

LOAD C:/ST/STM32CubeIDE_1.17.0/STM32CubeIDE/plugins/com.st.stm32cube.ide.mcu.externaltools.gnu-tools-for-stm32.12.3.rel1.win32_1.1.0.202410251130/tools/bin/../lib/gcc/arm-none-eabi/12.3.1/thumb/v7e-m+fp/hard/crti.o
LOAD C:/ST/STM32CubeIDE_1.17.0/STM32CubeIDE/plugins/com.st.stm32cube.ide.mcu.externaltools.gnu-tools-for-stm32.12.3.rel1.win32_1.1.0.202410251130/tools/bin/../lib/gcc/arm-none-eabi/12.3.1/thumb/v7e-m+fp/hard/crtbegin.o
LOAD C:/ST/STM32CubeIDE_1.17.0/STM32CubeIDE/plugins/com.st.stm32cube.ide.mcu.externaltools.gnu-tools-for-stm32.12.3.rel1.win32_1.1.0.202410251130/tools/bin/../lib/gcc/arm-none-eabi/12.3.1/../../../../arm-none-eabi/lib/thumb/v7e-m+fp/hard/crt0.o
LOAD ./Core/Src/ILI9341_paradriver.o
LOAD ./Core/Src/delay.o
LOAD ./Core/Src/detector.o
LOAD ./Core/Src/dino.o
LOAD ./Core/Src/figures.o
LOAD ./Core/Src/main.o
LOAD ./Core/Src/stm32f3xx_hal_msp.o
LOAD ./Core/Src/stm32f3xx_it.o
LOAD ./Core/Src/syscalls.o
LOAD ./Core/Src/sysmem.o
LOAD ./Core/Src/system_stm32f3xx.o
LOAD ./Core/Startup/startup_stm32f303retx.o
LOAD ./Drivers/STM32F3xx_HAL_Driver/Src/stm32f3xx_hal.o
LOAD ./Drivers/STM32F3xx_HAL_Driver/Src/stm32f3xx_hal_adc.o
LOAD ./Drivers/STM32F3xx_HAL_Driver/Src/stm32f3xx_hal_adc_ex.o
LOAD ./Drivers/STM32F3xx_HAL_Driver/Src/stm32f3xx_hal_cortex.o
LOAD ./Drivers/STM32F3xx_HAL_Driver/Src/stm32f3xx_hal_dma.o
LOAD ./Drivers/STM32F3xx_HAL_Driver/Src/stm32f3xx_hal_exti.o
LOAD ./Drivers/STM32F3xx_HAL_Driver/Src/stm32f3xx_hal_flash.o
LOAD ./Drivers/STM32F3xx_HAL_Driver/Src/stm32f3xx_hal_flash_ex.o
LOAD ./Drivers/STM32F3xx_HAL_Driver/Src/stm32f3xx_hal_gpio.o
LOAD ./Drivers/STM32F3xx_HAL_Driver/Src/stm32f3xx_hal_i2c.o
LOAD ./Drivers/STM32F3xx_HAL_Driver/Src/stm32f3xx_hal_i2c_ex.o
LOAD ./Drivers/STM32F3xx_HAL_Driver/Src/stm32f3xx_hal_pwr.o
LOAD ./Drivers/STM32F3xx_HAL_Driver/Src/stm32f3xx_hal_pwr_ex.o
LOAD ./Drivers/STM32F3xx_HAL_Driver/Src/stm32f3xx_hal_rcc.o
LOAD ./Drivers/STM32F3xx_HAL_Driver/Src/stm32f3xx_hal_rcc_ex.o
LOAD ./Drivers/STM32F3xx_HAL_Driver/Src/stm32f3xx_hal_tim.o
LOAD ./Drivers/STM32F3xx_HAL_Driver/Src/stm32f3xx_hal_tim_ex.o
START GROUP
LOAD C:/ST/STM32CubeIDE_1.17.0/STM32CubeIDE/plugins/com.st.stm32cube.ide.mcu.externaltools.gnu-tools-for-stm32.12.3.rel1.win32_1.1.0.202410251130/tools/bin/../lib/gcc/arm-none-eabi/12.3.1/../../../../arm-none-eabi/lib/thumb/v7e-m+fp/hard\libc_nano.a
LOAD C:/ST/STM32CubeIDE_1.17.0/STM32CubeIDE/plugins/com.st.stm32cube.ide.mcu.externaltools.gnu-tools-for-stm32.12.3.rel1.win32_1.1.0.202410251130/tools/bin/../lib/gcc/arm-none-eabi/12.3.1/../../../../arm-none-eabi/lib/thumb/v7e-m+fp/hard\libm.a
END GROUP
START GROUP
LOAD C:/ST/STM32CubeIDE_1.17.0/STM32CubeIDE/plugins/com.st.stm32cube.ide.mcu.externaltools.gnu-tools-for-stm32.12.3.rel1.win32_1.1.0.202410251130/tools/bin/../lib/gcc/arm-none-eabi/12.3.1/thumb/v7e-m+fp/hard\libgcc.a
LOAD C:/ST/STM32CubeIDE_1.17.0/STM32CubeIDE/plugins/com.st.stm32cube.ide.mcu.externaltools.gnu-tools-for-stm32.12.3.rel1.win32_1.1.0.202410251130/tools/bin/../lib/gcc/arm-none-eabi/12.3.1/../../../../arm-none-eabi/lib/thumb/v7e-m+fp/hard\libc_nano.a
END GROUP
START GROUP
LOAD C:/ST/STM32CubeIDE_1.17.0/STM32CubeIDE/plugins/com.st.stm32cube.ide.mcu.externaltools.gnu-tools-for-stm32.12.3.rel1.win32_1.1.0.202410251130/tools/bin/../lib/gcc/arm-none-eabi/12.3.1/thumb/v7e-m+fp/hard\libgcc.a
LOAD C:/ST/STM32CubeIDE_1.17.0/STM32CubeIDE/plugins/com.st.stm32cube.ide.mcu.externaltools.gnu-tools-for-stm32.12.3.rel1.win32_1.1.0.202410251130/tools/bin/../lib/gcc/arm-none-eabi/12.3.1/../../../../arm-none-eabi/lib/thumb/v7e-m+fp/hard\libc_nano.a
LOAD C:/ST/STM32CubeIDE_1.17.0/STM32CubeIDE/plugins/com.st.stm32cube.ide.mcu.externaltools.gnu-tools-for-stm32.12.3.rel1.win32_1.1.0.202410251130/tools/bin/../lib/gcc/arm-none-eabi/12.3.1/../../../../arm-none-eabi/lib/thumb/v7e-m+fp/hard\libnosys.a
END GROUP
START GROUP
LOAD C:/ST/STM32CubeIDE_1.17.0/STM32CubeIDE/plugins/com.st.stm32cube.ide.mcu.externaltools.gnu-tools-for-stm32.12.3.rel1.win32_1.1.0.202410251130/tools/bin/../lib/gcc/arm-none-eabi/12.3.1/thumb/v7e-m+fp/hard\libgcc.a
LOAD C:/ST/STM32CubeIDE_1.17.0/STM32CubeIDE/plugins/com.st.stm32cube.ide.mcu.externaltools.gnu-tools-for-stm32.12.3.rel1.win32_1.1.0.202410251130/tools/bin/../lib/gcc/arm-none-eabi/12.3.1/../../../../arm-none-eabi/lib/thumb/v7e-m+fp/hard\libc_nano.a
LOAD C:/ST/STM32CubeIDE_1.17.0/STM32CubeIDE/plugins/com.st.stm32cube.ide.mcu.externaltools.gnu-tools-for-stm32.12.3.rel1.win32_1.1.0.202410251130/tools/bin/../lib/gcc/arm-none-eabi/12.3.1/../../../../arm-none-eabi/lib/thumb/v7e-m+fp/hard\libnosys.a
END GROUP
LOAD C:/ST/STM32CubeIDE_1.17.0/STM32CubeIDE/plugins/com.st.stm32cube.ide.mcu.externaltools.gnu-tools-for-stm32.12.3.rel1.win32_1.1.0.202410251130/tools/bin/../lib/gcc/arm-none-eabi/12.3.1/thumb/v7e-m+fp/hard/crtend.o
LOAD C:/ST/STM32CubeIDE_1.17.0/STM32CubeIDE/plugins/com.st.stm32cube.ide.mcu.externaltools.gnu-tools-for-stm32.12.3.rel1.win32_1.1.0.202410251130/tools/bin/../lib/gcc/arm-none-eabi/12.3.1/thumb/v7e-m+fp/hard/crtn.o
                0x20010000                        _estack = (ORIGIN (RAM) + LENGTH (RAM))
                0x00000200                        _Min_Heap_Size = 0x200
                0x00000400                        _Min_Stack_Size = 0x400

.isr_vector     0x08000000      0x194
                0x08000000                        . = ALIGN (0x4)
 *(.isr_vector)
 .isr_vector    0x08000000      0x194 ./Core/Startup/startup_stm32f303retx.o
                0x08000000                g_pfnVectors
                0x08000194                        . = ALIGN (0x4)

.text           0x080001a0     0x7e0c
                0x080001a0                        . = ALIGN (0x4)
 *(.text)
 .text          0x080001a0       0x40 C:/ST/STM32CubeIDE_1.17.0/STM32CubeIDE/plugins/com.st.stm32cube.ide.mcu.externaltools.gnu-tools-for-stm32.12.3.rel1.win32_1.1.0.202410251130/tools/bin/../lib/gcc/arm-none-eabi/12.3.1/thumb/v7e-m+fp/hard/crtbegin.o
 .text          0x080001e0       0xa0 C:/ST/STM32CubeIDE_1.17.0/STM32CubeIDE/plugins/com.st.stm32cube.ide.mcu.externaltools.gnu-tools-for-stm32.12.3.rel1.win32_1.1.0.202410251130/tools/bin/../lib/gcc/arm-none-eabi/12.3.1/../../../../arm-none-eabi/lib/thumb/v7e-m+fp/hard\libc_nano.a(libc_a-memchr.o)
                0x080001e0                memchr
 *(.text*)
 .text.LCD_write
                0x08000280       0x3c ./Core/Src/ILI9341_paradriver.o
                0x08000280                LCD_write
 .text.LCD_WR_REG
                0x080002bc       0x24 ./Core/Src/ILI9341_paradriver.o
                0x080002bc                LCD_WR_REG
 .text.LCD_WriteReg
                0x080002e0       0x4c ./Core/Src/ILI9341_paradriver.o
                0x080002e0                LCD_WriteReg
 .text.LCD_WriteRAM_Prepare
                0x0800032c       0x18 ./Core/Src/ILI9341_paradriver.o
                0x0800032c                LCD_WriteRAM_Prepare
 .text.Lcd_WriteData_16Bit
                0x08000344       0x24 ./Core/Src/ILI9341_paradriver.o
                0x08000344                Lcd_WriteData_16Bit
 .text.LCD_DrawPoint
                0x08000368       0x34 ./Core/Src/ILI9341_paradriver.o
                0x08000368                LCD_DrawPoint
 .text.LCD_Clear
                0x0800039c       0x5c ./Core/Src/ILI9341_paradriver.o
                0x0800039c                LCD_Clear
 .text.LCD_RESET
                0x080003f8       0x24 ./Core/Src/ILI9341_paradriver.o
                0x080003f8                LCD_RESET
 .text.ILI9341_paradriver_Init
                0x0800041c      0xa90 ./Core/Src/ILI9341_paradriver.o
                0x0800041c                ILI9341_paradriver_Init
 .text.LCD_SetWindows
                0x08000eac      0x184 ./Core/Src/ILI9341_paradriver.o
                0x08000eac                LCD_SetWindows
 .text.LCD_SetCursor
                0x08001030       0x24 ./Core/Src/ILI9341_paradriver.o
                0x08001030                LCD_SetCursor
 .text.LCD_direction
                0x08001054       0xb0 ./Core/Src/ILI9341_paradriver.o
                0x08001054                LCD_direction
 .text.LCD_Fill
                0x08001104       0xb0 ./Core/Src/ILI9341_paradriver.o
                0x08001104                LCD_Fill
 .text.LCD_DrawLine
                0x080011b4      0x108 ./Core/Src/ILI9341_paradriver.o
                0x080011b4                LCD_DrawLine
 .text.LCD_ShowChar
                0x080012bc      0x1b8 ./Core/Src/ILI9341_paradriver.o
                0x080012bc                LCD_ShowChar
 .text.Show_Str
                0x08001474      0x104 ./Core/Src/ILI9341_paradriver.o
                0x08001474                Show_Str
 .text.delay_init
                0x08001578       0x24 ./Core/Src/delay.o
                0x08001578                delay_init
 .text.delay_us
                0x0800159c       0x7c ./Core/Src/delay.o
                0x0800159c                delay_us
 .text.delay_ms
                0x08001618       0x30 ./Core/Src/delay.o
                0x08001618                delay_ms
 .text.DinoDetector
                0x08001648       0x38 ./Core/Src/detector.o
                0x08001648                DinoDetector
 .text.ObsDetector
                0x08001680       0xec ./Core/Src/detector.o
                0x08001680                ObsDetector
 .text.CollisionDetector
                0x0800176c      0x114 ./Core/Src/detector.o
                0x0800176c                CollisionDetector
 .text.DinoAnimation
                0x08001880      0x1a8 ./Core/Src/dino.o
                0x08001880                DinoAnimation
 .text.ObstacleRandomizer
                0x08001a28       0x54 ./Core/Src/dino.o
                0x08001a28                ObstacleRandomizer
 .text.ObstacleAnimation
                0x08001a7c      0x27c ./Core/Src/dino.o
                0x08001a7c                ObstacleAnimation
 .text.StartGame
                0x08001cf8       0xfc ./Core/Src/dino.o
                0x08001cf8                StartGame
 .text.EndGame  0x08001df4       0xf4 ./Core/Src/dino.o
                0x08001df4                EndGame
 .text.GAME     0x08001ee8      0x298 ./Core/Src/dino.o
                0x08001ee8                GAME
 .text.DrawDino
                0x08002180      0x7f4 ./Core/Src/figures.o
                0x08002180                DrawDino
 .text.DrawObstacle1
                0x08002974      0x256 ./Core/Src/figures.o
                0x08002974                DrawObstacle1
 .text.DrawObstacle2
                0x08002bca      0x256 ./Core/Src/figures.o
                0x08002bca                DrawObstacle2
 .text.DrawObstacle3
                0x08002e20      0x492 ./Core/Src/figures.o
                0x08002e20                DrawObstacle3
 .text.GameOverText
                0x080032b2      0x24c ./Core/Src/figures.o
                0x080032b2                GameOverText
 .text.GameStartText
                0x080034fe       0xf6 ./Core/Src/figures.o
                0x080034fe                GameStartText
 .text.RandomNumbers
                0x080035f4       0x38 ./Core/Src/main.o
                0x080035f4                RandomNumbers
 .text.main     0x0800362c       0x34 ./Core/Src/main.o
                0x0800362c                main
 .text.SystemClock_Config
                0x08003660       0xc8 ./Core/Src/main.o
                0x08003660                SystemClock_Config
 .text.MX_ADC2_Init
                0x08003728       0xbc ./Core/Src/main.o
 .text.MX_TIM2_Init
                0x080037e4       0x9c ./Core/Src/main.o
 .text.MX_GPIO_Init
                0x08003880      0x120 ./Core/Src/main.o
 .text.Error_Handler
                0x080039a0        0xc ./Core/Src/main.o
                0x080039a0                Error_Handler
 .text.HAL_MspInit
                0x080039ac       0x48 ./Core/Src/stm32f3xx_hal_msp.o
                0x080039ac                HAL_MspInit
 .text.HAL_ADC_MspInit
                0x080039f4       0x7c ./Core/Src/stm32f3xx_hal_msp.o
                0x080039f4                HAL_ADC_MspInit
 .text.HAL_TIM_Base_MspInit
                0x08003a70       0x48 ./Core/Src/stm32f3xx_hal_msp.o
                0x08003a70                HAL_TIM_Base_MspInit
 .text.NMI_Handler
                0x08003ab8        0x8 ./Core/Src/stm32f3xx_it.o
                0x08003ab8                NMI_Handler
 .text.HardFault_Handler
                0x08003ac0        0x8 ./Core/Src/stm32f3xx_it.o
                0x08003ac0                HardFault_Handler
 .text.MemManage_Handler
                0x08003ac8        0x8 ./Core/Src/stm32f3xx_it.o
                0x08003ac8                MemManage_Handler
 .text.BusFault_Handler
                0x08003ad0        0x8 ./Core/Src/stm32f3xx_it.o
                0x08003ad0                BusFault_Handler
 .text.UsageFault_Handler
                0x08003ad8        0x8 ./Core/Src/stm32f3xx_it.o
                0x08003ad8                UsageFault_Handler
 .text.SVC_Handler
                0x08003ae0        0xe ./Core/Src/stm32f3xx_it.o
                0x08003ae0                SVC_Handler
 .text.DebugMon_Handler
                0x08003aee        0xe ./Core/Src/stm32f3xx_it.o
                0x08003aee                DebugMon_Handler
 .text.PendSV_Handler
                0x08003afc        0xe ./Core/Src/stm32f3xx_it.o
                0x08003afc                PendSV_Handler
 .text.SysTick_Handler
                0x08003b0a        0xc ./Core/Src/stm32f3xx_it.o
                0x08003b0a                SysTick_Handler
 *fill*         0x08003b16        0x2 
 .text.TIM2_IRQHandler
                0x08003b18       0x50 ./Core/Src/stm32f3xx_it.o
                0x08003b18                TIM2_IRQHandler
 .text._sbrk    0x08003b68       0x6c ./Core/Src/sysmem.o
                0x08003b68                _sbrk
 .text.SystemInit
                0x08003bd4       0x24 ./Core/Src/system_stm32f3xx.o
                0x08003bd4                SystemInit
 .text.Reset_Handler
                0x08003bf8       0x50 ./Core/Startup/startup_stm32f303retx.o
                0x08003bf8                Reset_Handler
 .text.Default_Handler
                0x08003c48        0x2 ./Core/Startup/startup_stm32f303retx.o
                0x08003c48                RTC_Alarm_IRQHandler
                0x08003c48                TIM8_TRG_COM_IRQHandler
                0x08003c48                TIM8_CC_IRQHandler
                0x08003c48                SPI4_IRQHandler
                0x08003c48                TIM1_CC_IRQHandler
                0x08003c48                USB_HP_IRQHandler
                0x08003c48                PVD_IRQHandler
                0x08003c48                TAMP_STAMP_IRQHandler
                0x08003c48                EXTI3_IRQHandler
                0x08003c48                I2C3_ER_IRQHandler
                0x08003c48                USB_HP_CAN_TX_IRQHandler
                0x08003c48                EXTI0_IRQHandler
                0x08003c48                I2C2_EV_IRQHandler
                0x08003c48                FPU_IRQHandler
                0x08003c48                TIM1_UP_TIM16_IRQHandler
                0x08003c48                ADC1_2_IRQHandler
                0x08003c48                SPI1_IRQHandler
                0x08003c48                CAN_SCE_IRQHandler
                0x08003c48                TIM6_DAC_IRQHandler
                0x08003c48                TIM8_UP_IRQHandler
                0x08003c48                DMA2_Channel2_IRQHandler
                0x08003c48                DMA1_Channel4_IRQHandler
                0x08003c48                TIM20_TRG_COM_IRQHandler
                0x08003c48                USART3_IRQHandler
                0x08003c48                DMA1_Channel7_IRQHandler
                0x08003c48                UART5_IRQHandler
                0x08003c48                ADC3_IRQHandler
                0x08003c48                TIM4_IRQHandler
                0x08003c48                CAN_RX1_IRQHandler
                0x08003c48                DMA2_Channel1_IRQHandler
                0x08003c48                I2C1_EV_IRQHandler
                0x08003c48                DMA1_Channel6_IRQHandler
                0x08003c48                UART4_IRQHandler
                0x08003c48                DMA2_Channel4_IRQHandler
                0x08003c48                TIM3_IRQHandler
                0x08003c48                RCC_IRQHandler
                0x08003c48                TIM20_UP_IRQHandler
                0x08003c48                DMA1_Channel1_IRQHandler
                0x08003c48                Default_Handler
                0x08003c48                USBWakeUp_RMP_IRQHandler
                0x08003c48                EXTI15_10_IRQHandler
                0x08003c48                TIM7_IRQHandler
                0x08003c48                I2C3_EV_IRQHandler
                0x08003c48                EXTI9_5_IRQHandler
                0x08003c48                RTC_WKUP_IRQHandler
                0x08003c48                SPI2_IRQHandler
                0x08003c48                USB_LP_CAN_RX0_IRQHandler
                0x08003c48                DMA2_Channel5_IRQHandler
                0x08003c48                DMA1_Channel5_IRQHandler
                0x08003c48                USB_LP_IRQHandler
                0x08003c48                EXTI4_IRQHandler
                0x08003c48                TIM1_TRG_COM_TIM17_IRQHandler
                0x08003c48                DMA1_Channel3_IRQHandler
                0x08003c48                ADC4_IRQHandler
                0x08003c48                WWDG_IRQHandler
                0x08003c48                COMP7_IRQHandler
                0x08003c48                COMP1_2_3_IRQHandler
                0x08003c48                EXTI1_IRQHandler
                0x08003c48                USART2_IRQHandler
                0x08003c48                COMP4_5_6_IRQHandler
                0x08003c48                TIM20_BRK_IRQHandler
                0x08003c48                I2C2_ER_IRQHandler
                0x08003c48                DMA1_Channel2_IRQHandler
                0x08003c48                TIM8_BRK_IRQHandler
                0x08003c48                FLASH_IRQHandler
                0x08003c48                TIM20_CC_IRQHandler
                0x08003c48                USART1_IRQHandler
                0x08003c48                SPI3_IRQHandler
                0x08003c48                I2C1_ER_IRQHandler
                0x08003c48                FMC_IRQHandler
                0x08003c48                USBWakeUp_IRQHandler
                0x08003c48                DMA2_Channel3_IRQHandler
                0x08003c48                EXTI2_TSC_IRQHandler
                0x08003c48                TIM1_BRK_TIM15_IRQHandler
 *fill*         0x08003c4a        0x2 
 .text.HAL_Init
                0x08003c4c       0x2c ./Drivers/STM32F3xx_HAL_Driver/Src/stm32f3xx_hal.o
                0x08003c4c                HAL_Init
 .text.HAL_InitTick
                0x08003c78       0x60 ./Drivers/STM32F3xx_HAL_Driver/Src/stm32f3xx_hal.o
                0x08003c78                HAL_InitTick
 .text.HAL_IncTick
                0x08003cd8       0x28 ./Drivers/STM32F3xx_HAL_Driver/Src/stm32f3xx_hal.o
                0x08003cd8                HAL_IncTick
 .text.HAL_GetTick
                0x08003d00       0x18 ./Drivers/STM32F3xx_HAL_Driver/Src/stm32f3xx_hal.o
                0x08003d00                HAL_GetTick
 .text.HAL_ADC_Init
                0x08003d18      0x3f4 ./Drivers/STM32F3xx_HAL_Driver/Src/stm32f3xx_hal_adc_ex.o
                0x08003d18                HAL_ADC_Init
 .text.HAL_ADC_Start
                0x0800410c      0x22c ./Drivers/STM32F3xx_HAL_Driver/Src/stm32f3xx_hal_adc_ex.o
                0x0800410c                HAL_ADC_Start
 .text.HAL_ADC_Stop
                0x08004338       0x6a ./Drivers/STM32F3xx_HAL_Driver/Src/stm32f3xx_hal_adc_ex.o
                0x08004338                HAL_ADC_Stop
 *fill*         0x080043a2        0x2 
 .text.HAL_ADC_PollForConversion
                0x080043a4      0x204 ./Drivers/STM32F3xx_HAL_Driver/Src/stm32f3xx_hal_adc_ex.o
                0x080043a4                HAL_ADC_PollForConversion
 .text.HAL_ADC_GetValue
                0x080045a8       0x1a ./Drivers/STM32F3xx_HAL_Driver/Src/stm32f3xx_hal_adc_ex.o
                0x080045a8                HAL_ADC_GetValue
 *fill*         0x080045c2        0x2 
 .text.HAL_ADC_ConfigChannel
                0x080045c4      0x5d4 ./Drivers/STM32F3xx_HAL_Driver/Src/stm32f3xx_hal_adc_ex.o
                0x080045c4                HAL_ADC_ConfigChannel
 .text.ADC_Enable
                0x08004b98       0xc8 ./Drivers/STM32F3xx_HAL_Driver/Src/stm32f3xx_hal_adc_ex.o
 .text.ADC_Disable
                0x08004c60       0xcc ./Drivers/STM32F3xx_HAL_Driver/Src/stm32f3xx_hal_adc_ex.o
 .text.ADC_ConversionStop
                0x08004d2c      0x16c ./Drivers/STM32F3xx_HAL_Driver/Src/stm32f3xx_hal_adc_ex.o
 .text.__NVIC_SetPriorityGrouping
                0x08004e98       0x48 ./Drivers/STM32F3xx_HAL_Driver/Src/stm32f3xx_hal_cortex.o
 .text.__NVIC_GetPriorityGrouping
                0x08004ee0       0x1c ./Drivers/STM32F3xx_HAL_Driver/Src/stm32f3xx_hal_cortex.o
 .text.__NVIC_EnableIRQ
                0x08004efc       0x3c ./Drivers/STM32F3xx_HAL_Driver/Src/stm32f3xx_hal_cortex.o
 .text.__NVIC_SetPriority
                0x08004f38       0x54 ./Drivers/STM32F3xx_HAL_Driver/Src/stm32f3xx_hal_cortex.o
 .text.NVIC_EncodePriority
                0x08004f8c       0x66 ./Drivers/STM32F3xx_HAL_Driver/Src/stm32f3xx_hal_cortex.o
 *fill*         0x08004ff2        0x2 
 .text.SysTick_Config
                0x08004ff4       0x44 ./Drivers/STM32F3xx_HAL_Driver/Src/stm32f3xx_hal_cortex.o
 .text.HAL_NVIC_SetPriorityGrouping
                0x08005038       0x16 ./Drivers/STM32F3xx_HAL_Driver/Src/stm32f3xx_hal_cortex.o
                0x08005038                HAL_NVIC_SetPriorityGrouping
 .text.HAL_NVIC_SetPriority
                0x0800504e       0x38 ./Drivers/STM32F3xx_HAL_Driver/Src/stm32f3xx_hal_cortex.o
                0x0800504e                HAL_NVIC_SetPriority
 .text.HAL_NVIC_EnableIRQ
                0x08005086       0x1c ./Drivers/STM32F3xx_HAL_Driver/Src/stm32f3xx_hal_cortex.o
                0x08005086                HAL_NVIC_EnableIRQ
 .text.HAL_SYSTICK_Config
                0x080050a2       0x18 ./Drivers/STM32F3xx_HAL_Driver/Src/stm32f3xx_hal_cortex.o
                0x080050a2                HAL_SYSTICK_Config
 *fill*         0x080050ba        0x2 
 .text.HAL_SYSTICK_CLKSourceConfig
                0x080050bc       0x38 ./Drivers/STM32F3xx_HAL_Driver/Src/stm32f3xx_hal_cortex.o
                0x080050bc                HAL_SYSTICK_CLKSourceConfig
 .text.HAL_GPIO_Init
                0x080050f4      0x314 ./Drivers/STM32F3xx_HAL_Driver/Src/stm32f3xx_hal_gpio.o
                0x080050f4                HAL_GPIO_Init
 .text.HAL_GPIO_ReadPin
                0x08005408       0x30 ./Drivers/STM32F3xx_HAL_Driver/Src/stm32f3xx_hal_gpio.o
                0x08005408                HAL_GPIO_ReadPin
 .text.HAL_GPIO_WritePin
                0x08005438       0x30 ./Drivers/STM32F3xx_HAL_Driver/Src/stm32f3xx_hal_gpio.o
                0x08005438                HAL_GPIO_WritePin
 .text.HAL_RCC_OscConfig
                0x08005468     0x10a8 ./Drivers/STM32F3xx_HAL_Driver/Src/stm32f3xx_hal_rcc.o
                0x08005468                HAL_RCC_OscConfig
 .text.HAL_RCC_ClockConfig
                0x08006510      0x2f8 ./Drivers/STM32F3xx_HAL_Driver/Src/stm32f3xx_hal_rcc.o
                0x08006510                HAL_RCC_ClockConfig
 .text.HAL_RCC_GetSysClockFreq
                0x08006808       0xa8 ./Drivers/STM32F3xx_HAL_Driver/Src/stm32f3xx_hal_rcc.o
                0x08006808                HAL_RCC_GetSysClockFreq
 .text.HAL_RCCEx_PeriphCLKConfig
                0x080068b0      0x43c ./Drivers/STM32F3xx_HAL_Driver/Src/stm32f3xx_hal_rcc_ex.o
                0x080068b0                HAL_RCCEx_PeriphCLKConfig
 .text.HAL_TIM_Base_Init
                0x08006cec       0xae ./Drivers/STM32F3xx_HAL_Driver/Src/stm32f3xx_hal_tim.o
                0x08006cec                HAL_TIM_Base_Init
 *fill*         0x08006d9a        0x2 
 .text.HAL_TIM_Base_Start_IT
                0x08006d9c       0xe0 ./Drivers/STM32F3xx_HAL_Driver/Src/stm32f3xx_hal_tim.o
                0x08006d9c                HAL_TIM_Base_Start_IT
 .text.HAL_TIM_IRQHandler
                0x08006e7c      0x204 ./Drivers/STM32F3xx_HAL_Driver/Src/stm32f3xx_hal_tim.o
                0x08006e7c                HAL_TIM_IRQHandler
 .text.HAL_TIM_ConfigClockSource
                0x08007080      0x192 ./Drivers/STM32F3xx_HAL_Driver/Src/stm32f3xx_hal_tim.o
                0x08007080                HAL_TIM_ConfigClockSource
 .text.HAL_TIM_PeriodElapsedCallback
                0x08007212       0x14 ./Drivers/STM32F3xx_HAL_Driver/Src/stm32f3xx_hal_tim.o
                0x08007212                HAL_TIM_PeriodElapsedCallback
 .text.HAL_TIM_OC_DelayElapsedCallback
                0x08007226       0x14 ./Drivers/STM32F3xx_HAL_Driver/Src/stm32f3xx_hal_tim.o
                0x08007226                HAL_TIM_OC_DelayElapsedCallback
 .text.HAL_TIM_IC_CaptureCallback
                0x0800723a       0x14 ./Drivers/STM32F3xx_HAL_Driver/Src/stm32f3xx_hal_tim.o
                0x0800723a                HAL_TIM_IC_CaptureCallback
 .text.HAL_TIM_PWM_PulseFinishedCallback
                0x0800724e       0x14 ./Drivers/STM32F3xx_HAL_Driver/Src/stm32f3xx_hal_tim.o
                0x0800724e                HAL_TIM_PWM_PulseFinishedCallback
 .text.HAL_TIM_TriggerCallback
                0x08007262       0x14 ./Drivers/STM32F3xx_HAL_Driver/Src/stm32f3xx_hal_tim.o
                0x08007262                HAL_TIM_TriggerCallback
 *fill*         0x08007276        0x2 
 .text.TIM_Base_SetConfig
                0x08007278      0x154 ./Drivers/STM32F3xx_HAL_Driver/Src/stm32f3xx_hal_tim.o
                0x08007278                TIM_Base_SetConfig
 .text.TIM_TI1_ConfigInputStage
                0x080073cc       0x5e ./Drivers/STM32F3xx_HAL_Driver/Src/stm32f3xx_hal_tim.o
 .text.TIM_TI2_ConfigInputStage
                0x0800742a       0x60 ./Drivers/STM32F3xx_HAL_Driver/Src/stm32f3xx_hal_tim.o
 .text.TIM_ITRx_SetConfig
                0x0800748a       0x36 ./Drivers/STM32F3xx_HAL_Driver/Src/stm32f3xx_hal_tim.o
 .text.TIM_ETR_SetConfig
                0x080074c0       0x40 ./Drivers/STM32F3xx_HAL_Driver/Src/stm32f3xx_hal_tim.o
                0x080074c0                TIM_ETR_SetConfig
 .text.HAL_TIMEx_MasterConfigSynchronization
                0x08007500      0x118 ./Drivers/STM32F3xx_HAL_Driver/Src/stm32f3xx_hal_tim_ex.o
                0x08007500                HAL_TIMEx_MasterConfigSynchronization
 .text.HAL_TIMEx_CommutCallback
                0x08007618       0x14 ./Drivers/STM32F3xx_HAL_Driver/Src/stm32f3xx_hal_tim_ex.o
                0x08007618                HAL_TIMEx_CommutCallback
 .text.HAL_TIMEx_BreakCallback
                0x0800762c       0x14 ./Drivers/STM32F3xx_HAL_Driver/Src/stm32f3xx_hal_tim_ex.o
                0x0800762c                HAL_TIMEx_BreakCallback
 .text.HAL_TIMEx_Break2Callback
                0x08007640       0x14 ./Drivers/STM32F3xx_HAL_Driver/Src/stm32f3xx_hal_tim_ex.o
                0x08007640                HAL_TIMEx_Break2Callback
 .text.sprintf  0x08007654       0x40 C:/ST/STM32CubeIDE_1.17.0/STM32CubeIDE/plugins/com.st.stm32cube.ide.mcu.externaltools.gnu-tools-for-stm32.12.3.rel1.win32_1.1.0.202410251130/tools/bin/../lib/gcc/arm-none-eabi/12.3.1/../../../../arm-none-eabi/lib/thumb/v7e-m+fp/hard\libc_nano.a(libc_a-sprintf.o)
                0x08007654                siprintf
                0x08007654                sprintf
 .text.memset   0x08007694       0x10 C:/ST/STM32CubeIDE_1.17.0/STM32CubeIDE/plugins/com.st.stm32cube.ide.mcu.externaltools.gnu-tools-for-stm32.12.3.rel1.win32_1.1.0.202410251130/tools/bin/../lib/gcc/arm-none-eabi/12.3.1/../../../../arm-none-eabi/lib/thumb/v7e-m+fp/hard\libc_nano.a(libc_a-memset.o)
                0x08007694                memset
 .text.__errno  0x080076a4        0xc C:/ST/STM32CubeIDE_1.17.0/STM32CubeIDE/plugins/com.st.stm32cube.ide.mcu.externaltools.gnu-tools-for-stm32.12.3.rel1.win32_1.1.0.202410251130/tools/bin/../lib/gcc/arm-none-eabi/12.3.1/../../../../arm-none-eabi/lib/thumb/v7e-m+fp/hard\libc_nano.a(libc_a-errno.o)
                0x080076a4                __errno
 .text.__libc_init_array
                0x080076b0       0x48 C:/ST/STM32CubeIDE_1.17.0/STM32CubeIDE/plugins/com.st.stm32cube.ide.mcu.externaltools.gnu-tools-for-stm32.12.3.rel1.win32_1.1.0.202410251130/tools/bin/../lib/gcc/arm-none-eabi/12.3.1/../../../../arm-none-eabi/lib/thumb/v7e-m+fp/hard\libc_nano.a(libc_a-init.o)
                0x080076b0                __libc_init_array
 .text.__retarget_lock_acquire_recursive
                0x080076f8        0x2 C:/ST/STM32CubeIDE_1.17.0/STM32CubeIDE/plugins/com.st.stm32cube.ide.mcu.externaltools.gnu-tools-for-stm32.12.3.rel1.win32_1.1.0.202410251130/tools/bin/../lib/gcc/arm-none-eabi/12.3.1/../../../../arm-none-eabi/lib/thumb/v7e-m+fp/hard\libc_nano.a(libc_a-lock.o)
                0x080076f8                __retarget_lock_acquire_recursive
 .text.__retarget_lock_release_recursive
                0x080076fa        0x2 C:/ST/STM32CubeIDE_1.17.0/STM32CubeIDE/plugins/com.st.stm32cube.ide.mcu.externaltools.gnu-tools-for-stm32.12.3.rel1.win32_1.1.0.202410251130/tools/bin/../lib/gcc/arm-none-eabi/12.3.1/../../../../arm-none-eabi/lib/thumb/v7e-m+fp/hard\libc_nano.a(libc_a-lock.o)
                0x080076fa                __retarget_lock_release_recursive
 .text._free_r  0x080076fc       0x94 C:/ST/STM32CubeIDE_1.17.0/STM32CubeIDE/plugins/com.st.stm32cube.ide.mcu.externaltools.gnu-tools-for-stm32.12.3.rel1.win32_1.1.0.202410251130/tools/bin/../lib/gcc/arm-none-eabi/12.3.1/../../../../arm-none-eabi/lib/thumb/v7e-m+fp/hard\libc_nano.a(libc_a-freer.o)
                0x080076fc                _free_r
 .text.sbrk_aligned
                0x08007790       0x44 C:/ST/STM32CubeIDE_1.17.0/STM32CubeIDE/plugins/com.st.stm32cube.ide.mcu.externaltools.gnu-tools-for-stm32.12.3.rel1.win32_1.1.0.202410251130/tools/bin/../lib/gcc/arm-none-eabi/12.3.1/../../../../arm-none-eabi/lib/thumb/v7e-m+fp/hard\libc_nano.a(libc_a-mallocr.o)
 .text._malloc_r
                0x080077d4      0x100 C:/ST/STM32CubeIDE_1.17.0/STM32CubeIDE/plugins/com.st.stm32cube.ide.mcu.externaltools.gnu-tools-for-stm32.12.3.rel1.win32_1.1.0.202410251130/tools/bin/../lib/gcc/arm-none-eabi/12.3.1/../../../../arm-none-eabi/lib/thumb/v7e-m+fp/hard\libc_nano.a(libc_a-mallocr.o)
                0x080077d4                _malloc_r
 .text.__malloc_lock
                0x080078d4        0xc C:/ST/STM32CubeIDE_1.17.0/STM32CubeIDE/plugins/com.st.stm32cube.ide.mcu.externaltools.gnu-tools-for-stm32.12.3.rel1.win32_1.1.0.202410251130/tools/bin/../lib/gcc/arm-none-eabi/12.3.1/../../../../arm-none-eabi/lib/thumb/v7e-m+fp/hard\libc_nano.a(libc_a-mlock.o)
                0x080078d4                __malloc_lock
 .text.__malloc_unlock
                0x080078e0        0xc C:/ST/STM32CubeIDE_1.17.0/STM32CubeIDE/plugins/com.st.stm32cube.ide.mcu.externaltools.gnu-tools-for-stm32.12.3.rel1.win32_1.1.0.202410251130/tools/bin/../lib/gcc/arm-none-eabi/12.3.1/../../../../arm-none-eabi/lib/thumb/v7e-m+fp/hard\libc_nano.a(libc_a-mlock.o)
                0x080078e0                __malloc_unlock
 .text.__ssputs_r
                0x080078ec       0xb6 C:/ST/STM32CubeIDE_1.17.0/STM32CubeIDE/plugins/com.st.stm32cube.ide.mcu.externaltools.gnu-tools-for-stm32.12.3.rel1.win32_1.1.0.202410251130/tools/bin/../lib/gcc/arm-none-eabi/12.3.1/../../../../arm-none-eabi/lib/thumb/v7e-m+fp/hard\libc_nano.a(libc_a-nano-svfprintf.o)
                0x080078ec                __ssputs_r
 *fill*         0x080079a2        0x2 
 .text._svfprintf_r
                0x080079a4      0x1f8 C:/ST/STM32CubeIDE_1.17.0/STM32CubeIDE/plugins/com.st.stm32cube.ide.mcu.externaltools.gnu-tools-for-stm32.12.3.rel1.win32_1.1.0.202410251130/tools/bin/../lib/gcc/arm-none-eabi/12.3.1/../../../../arm-none-eabi/lib/thumb/v7e-m+fp/hard\libc_nano.a(libc_a-nano-svfprintf.o)
                0x080079a4                _svfiprintf_r
                0x080079a4                _svfprintf_r
 .text._printf_common
                0x08007b9c       0xda C:/ST/STM32CubeIDE_1.17.0/STM32CubeIDE/plugins/com.st.stm32cube.ide.mcu.externaltools.gnu-tools-for-stm32.12.3.rel1.win32_1.1.0.202410251130/tools/bin/../lib/gcc/arm-none-eabi/12.3.1/../../../../arm-none-eabi/lib/thumb/v7e-m+fp/hard\libc_nano.a(libc_a-nano-vfprintf_i.o)
                0x08007b9c                _printf_common
 *fill*         0x08007c76        0x2 
 .text._printf_i
                0x08007c78      0x240 C:/ST/STM32CubeIDE_1.17.0/STM32CubeIDE/plugins/com.st.stm32cube.ide.mcu.externaltools.gnu-tools-for-stm32.12.3.rel1.win32_1.1.0.202410251130/tools/bin/../lib/gcc/arm-none-eabi/12.3.1/../../../../arm-none-eabi/lib/thumb/v7e-m+fp/hard\libc_nano.a(libc_a-nano-vfprintf_i.o)
                0x08007c78                _printf_i
 .text.memmove  0x08007eb8       0x34 C:/ST/STM32CubeIDE_1.17.0/STM32CubeIDE/plugins/com.st.stm32cube.ide.mcu.externaltools.gnu-tools-for-stm32.12.3.rel1.win32_1.1.0.202410251130/tools/bin/../lib/gcc/arm-none-eabi/12.3.1/../../../../arm-none-eabi/lib/thumb/v7e-m+fp/hard\libc_nano.a(libc_a-memmove.o)
                0x08007eb8                memmove
 .text._sbrk_r  0x08007eec       0x20 C:/ST/STM32CubeIDE_1.17.0/STM32CubeIDE/plugins/com.st.stm32cube.ide.mcu.externaltools.gnu-tools-for-stm32.12.3.rel1.win32_1.1.0.202410251130/tools/bin/../lib/gcc/arm-none-eabi/12.3.1/../../../../arm-none-eabi/lib/thumb/v7e-m+fp/hard\libc_nano.a(libc_a-sbrkr.o)
                0x08007eec                _sbrk_r
 .text.memcpy   0x08007f0c       0x1c C:/ST/STM32CubeIDE_1.17.0/STM32CubeIDE/plugins/com.st.stm32cube.ide.mcu.externaltools.gnu-tools-for-stm32.12.3.rel1.win32_1.1.0.202410251130/tools/bin/../lib/gcc/arm-none-eabi/12.3.1/../../../../arm-none-eabi/lib/thumb/v7e-m+fp/hard\libc_nano.a(libc_a-memcpy-stub.o)
                0x08007f0c                memcpy
 .text._realloc_r
                0x08007f28       0x5c C:/ST/STM32CubeIDE_1.17.0/STM32CubeIDE/plugins/com.st.stm32cube.ide.mcu.externaltools.gnu-tools-for-stm32.12.3.rel1.win32_1.1.0.202410251130/tools/bin/../lib/gcc/arm-none-eabi/12.3.1/../../../../arm-none-eabi/lib/thumb/v7e-m+fp/hard\libc_nano.a(libc_a-reallocr.o)
                0x08007f28                _realloc_r
 .text._malloc_usable_size_r
                0x08007f84       0x10 C:/ST/STM32CubeIDE_1.17.0/STM32CubeIDE/plugins/com.st.stm32cube.ide.mcu.externaltools.gnu-tools-for-stm32.12.3.rel1.win32_1.1.0.202410251130/tools/bin/../lib/gcc/arm-none-eabi/12.3.1/../../../../arm-none-eabi/lib/thumb/v7e-m+fp/hard\libc_nano.a(libc_a-msizer.o)
                0x08007f84                _malloc_usable_size_r
 *(.glue_7)
 .glue_7        0x08007f94        0x0 linker stubs
 *(.glue_7t)
 .glue_7t       0x08007f94        0x0 linker stubs
 *(.eh_frame)
 .eh_frame      0x08007f94        0x0 C:/ST/STM32CubeIDE_1.17.0/STM32CubeIDE/plugins/com.st.stm32cube.ide.mcu.externaltools.gnu-tools-for-stm32.12.3.rel1.win32_1.1.0.202410251130/tools/bin/../lib/gcc/arm-none-eabi/12.3.1/thumb/v7e-m+fp/hard/crtbegin.o
 *(.init)
 .init          0x08007f94        0x4 C:/ST/STM32CubeIDE_1.17.0/STM32CubeIDE/plugins/com.st.stm32cube.ide.mcu.externaltools.gnu-tools-for-stm32.12.3.rel1.win32_1.1.0.202410251130/tools/bin/../lib/gcc/arm-none-eabi/12.3.1/thumb/v7e-m+fp/hard/crti.o
                0x08007f94                _init
 .init          0x08007f98        0x8 C:/ST/STM32CubeIDE_1.17.0/STM32CubeIDE/plugins/com.st.stm32cube.ide.mcu.externaltools.gnu-tools-for-stm32.12.3.rel1.win32_1.1.0.202410251130/tools/bin/../lib/gcc/arm-none-eabi/12.3.1/thumb/v7e-m+fp/hard/crtn.o
 *(.fini)
 .fini          0x08007fa0        0x4 C:/ST/STM32CubeIDE_1.17.0/STM32CubeIDE/plugins/com.st.stm32cube.ide.mcu.externaltools.gnu-tools-for-stm32.12.3.rel1.win32_1.1.0.202410251130/tools/bin/../lib/gcc/arm-none-eabi/12.3.1/thumb/v7e-m+fp/hard/crti.o
                0x08007fa0                _fini
 .fini          0x08007fa4        0x8 C:/ST/STM32CubeIDE_1.17.0/STM32CubeIDE/plugins/com.st.stm32cube.ide.mcu.externaltools.gnu-tools-for-stm32.12.3.rel1.win32_1.1.0.202410251130/tools/bin/../lib/gcc/arm-none-eabi/12.3.1/thumb/v7e-m+fp/hard/crtn.o
                0x08007fac                        . = ALIGN (0x4)
                0x08007fac                        _etext = .

.vfp11_veneer   0x08007fac        0x0
 .vfp11_veneer  0x08007fac        0x0 linker stubs

.v4_bx          0x08007fac        0x0
 .v4_bx         0x08007fac        0x0 linker stubs

.iplt           0x08007fac        0x0
 .iplt          0x08007fac        0x0 C:/ST/STM32CubeIDE_1.17.0/STM32CubeIDE/plugins/com.st.stm32cube.ide.mcu.externaltools.gnu-tools-for-stm32.12.3.rel1.win32_1.1.0.202410251130/tools/bin/../lib/gcc/arm-none-eabi/12.3.1/thumb/v7e-m+fp/hard/crtbegin.o

.rodata         0x08007fac      0xb00
                0x08007fac                        . = ALIGN (0x4)
 *(.rodata)
 .rodata        0x08007fac       0x37 ./Core/Src/dino.o
 *(.rodata*)
 *fill*         0x08007fe3        0x1 
 .rodata.asc2_1206
                0x08007fe4      0x474 ./Core/Src/ILI9341_paradriver.o
                0x08007fe4                asc2_1206
 .rodata.asc2_1608
                0x08008458      0x5f0 ./Core/Src/ILI9341_paradriver.o
                0x08008458                asc2_1608
 .rodata.AHBPrescTable
                0x08008a48       0x10 ./Core/Src/system_stm32f3xx.o
                0x08008a48                AHBPrescTable
 .rodata.aPLLMULFactorTable
                0x08008a58       0x10 ./Drivers/STM32F3xx_HAL_Driver/Src/stm32f3xx_hal_rcc.o
 .rodata.aPredivFactorTable
                0x08008a68       0x10 ./Drivers/STM32F3xx_HAL_Driver/Src/stm32f3xx_hal_rcc.o
 .rodata._svfprintf_r.str1.1
                0x08008a78       0x11 C:/ST/STM32CubeIDE_1.17.0/STM32CubeIDE/plugins/com.st.stm32cube.ide.mcu.externaltools.gnu-tools-for-stm32.12.3.rel1.win32_1.1.0.202410251130/tools/bin/../lib/gcc/arm-none-eabi/12.3.1/../../../../arm-none-eabi/lib/thumb/v7e-m+fp/hard\libc_nano.a(libc_a-nano-svfprintf.o)
 .rodata._printf_i.str1.1
                0x08008a89       0x22 C:/ST/STM32CubeIDE_1.17.0/STM32CubeIDE/plugins/com.st.stm32cube.ide.mcu.externaltools.gnu-tools-for-stm32.12.3.rel1.win32_1.1.0.202410251130/tools/bin/../lib/gcc/arm-none-eabi/12.3.1/../../../../arm-none-eabi/lib/thumb/v7e-m+fp/hard\libc_nano.a(libc_a-nano-vfprintf_i.o)
                0x08008aac                        . = ALIGN (0x4)
 *fill*         0x08008aab        0x1 

.ARM.extab      0x08008aac        0x0
                0x08008aac                        . = ALIGN (0x4)
 *(.ARM.extab* .gnu.linkonce.armextab.*)
                0x08008aac                        . = ALIGN (0x4)

.ARM            0x08008aac        0x8
                0x08008aac                        . = ALIGN (0x4)
                0x08008aac                        __exidx_start = .
 *(.ARM.exidx*)
 .ARM.exidx     0x08008aac        0x8 C:/ST/STM32CubeIDE_1.17.0/STM32CubeIDE/plugins/com.st.stm32cube.ide.mcu.externaltools.gnu-tools-for-stm32.12.3.rel1.win32_1.1.0.202410251130/tools/bin/../lib/gcc/arm-none-eabi/12.3.1/../../../../arm-none-eabi/lib/thumb/v7e-m+fp/hard\libc_nano.a(libc_a-memchr.o)
                0x08008ab4                        __exidx_end = .
                0x08008ab4                        . = ALIGN (0x4)

.preinit_array  0x08008ab4        0x0
                0x08008ab4                        . = ALIGN (0x4)
                0x08008ab4                        PROVIDE (__preinit_array_start = .)
 *(.preinit_array*)
                0x08008ab4                        PROVIDE (__preinit_array_end = .)
                0x08008ab4                        . = ALIGN (0x4)

.init_array     0x08008ab4        0x4
                0x08008ab4                        . = ALIGN (0x4)
                0x08008ab4                        PROVIDE (__init_array_start = .)
 *(SORT_BY_NAME(.init_array.*))
 *(.init_array*)
 .init_array    0x08008ab4        0x4 C:/ST/STM32CubeIDE_1.17.0/STM32CubeIDE/plugins/com.st.stm32cube.ide.mcu.externaltools.gnu-tools-for-stm32.12.3.rel1.win32_1.1.0.202410251130/tools/bin/../lib/gcc/arm-none-eabi/12.3.1/thumb/v7e-m+fp/hard/crtbegin.o
                0x08008ab8                        PROVIDE (__init_array_end = .)
                0x08008ab8                        . = ALIGN (0x4)

.fini_array     0x08008ab8        0x4
                0x08008ab8                        . = ALIGN (0x4)
                [!provide]                        PROVIDE (__fini_array_start = .)
 *(SORT_BY_NAME(.fini_array.*))
 *(.fini_array*)
 .fini_array    0x08008ab8        0x4 C:/ST/STM32CubeIDE_1.17.0/STM32CubeIDE/plugins/com.st.stm32cube.ide.mcu.externaltools.gnu-tools-for-stm32.12.3.rel1.win32_1.1.0.202410251130/tools/bin/../lib/gcc/arm-none-eabi/12.3.1/thumb/v7e-m+fp/hard/crtbegin.o
                [!provide]                        PROVIDE (__fini_array_end = .)
                0x08008abc                        . = ALIGN (0x4)
                0x08008abc                        _sidata = LOADADDR (.data)

.rel.dyn        0x08008abc        0x0
 .rel.iplt      0x08008abc        0x0 C:/ST/STM32CubeIDE_1.17.0/STM32CubeIDE/plugins/com.st.stm32cube.ide.mcu.externaltools.gnu-tools-for-stm32.12.3.rel1.win32_1.1.0.202410251130/tools/bin/../lib/gcc/arm-none-eabi/12.3.1/thumb/v7e-m+fp/hard/crtbegin.o

.data           0x20000000       0x68 load address 0x08008abc
                0x20000000                        . = ALIGN (0x4)
                0x20000000                        _sdata = .
 *(.data)
 *(.data*)
 .data.dino_x1  0x20000000        0x2 ./Core/Src/detector.o
 .data.dino_y1  0x20000002        0x2 ./Core/Src/detector.o
 .data.dino_x2  0x20000004        0x2 ./Core/Src/detector.o
 .data.dino_y2  0x20000006        0x2 ./Core/Src/detector.o
 .data.obstacle_type
                0x20000008        0x1 ./Core/Src/dino.o
                0x20000008                obstacle_type
 .data.spd      0x20000009        0x1 ./Core/Src/dino.o
 .data.slicer   0x2000000a        0x1 ./Core/Src/dino.o
                0x2000000a                slicer
 *fill*         0x2000000b        0x1 
 .data.SystemCoreClock
                0x2000000c        0x4 ./Core/Src/system_stm32f3xx.o
                0x2000000c                SystemCoreClock
 .data.uwTickPrio
                0x20000010        0x4 ./Drivers/STM32F3xx_HAL_Driver/Src/stm32f3xx_hal.o
                0x20000010                uwTickPrio
 .data.uwTickFreq
                0x20000014        0x1 ./Drivers/STM32F3xx_HAL_Driver/Src/stm32f3xx_hal.o
                0x20000014                uwTickFreq
 *fill*         0x20000015        0x3 
 .data._impure_ptr
                0x20000018        0x4 C:/ST/STM32CubeIDE_1.17.0/STM32CubeIDE/plugins/com.st.stm32cube.ide.mcu.externaltools.gnu-tools-for-stm32.12.3.rel1.win32_1.1.0.202410251130/tools/bin/../lib/gcc/arm-none-eabi/12.3.1/../../../../arm-none-eabi/lib/thumb/v7e-m+fp/hard\libc_nano.a(libc_a-impure.o)
                0x20000018                _impure_ptr
 .data._impure_data
                0x2000001c       0x4c C:/ST/STM32CubeIDE_1.17.0/STM32CubeIDE/plugins/com.st.stm32cube.ide.mcu.externaltools.gnu-tools-for-stm32.12.3.rel1.win32_1.1.0.202410251130/tools/bin/../lib/gcc/arm-none-eabi/12.3.1/../../../../arm-none-eabi/lib/thumb/v7e-m+fp/hard\libc_nano.a(libc_a-impure.o)
                0x2000001c                _impure_data
 *(.RamFunc)
 *(.RamFunc*)
                0x20000068                        . = ALIGN (0x4)
                0x20000068                        _edata = .
                0x08008b24                        _siccmram = LOADADDR (.ccmram)

.igot.plt       0x20000068        0x0 load address 0x08008b24
 .igot.plt      0x20000068        0x0 C:/ST/STM32CubeIDE_1.17.0/STM32CubeIDE/plugins/com.st.stm32cube.ide.mcu.externaltools.gnu-tools-for-stm32.12.3.rel1.win32_1.1.0.202410251130/tools/bin/../lib/gcc/arm-none-eabi/12.3.1/thumb/v7e-m+fp/hard/crtbegin.o

.ccmram         0x10000000        0x0 load address 0x08008b24
                0x10000000                        . = ALIGN (0x4)
                0x10000000                        _sccmram = .
 *(.ccmram)
 *(.ccmram*)
                0x10000000                        . = ALIGN (0x4)
                0x10000000                        _eccmram = .
                0x10000000                        . = ALIGN (0x4)

.bss            0x20000068      0x25c
                0x20000068                        _sbss = .
                0x20000068                        __bss_start__ = _sbss
 *(.bss)
 .bss           0x20000068       0x1c C:/ST/STM32CubeIDE_1.17.0/STM32CubeIDE/plugins/com.st.stm32cube.ide.mcu.externaltools.gnu-tools-for-stm32.12.3.rel1.win32_1.1.0.202410251130/tools/bin/../lib/gcc/arm-none-eabi/12.3.1/thumb/v7e-m+fp/hard/crtbegin.o
 *(.bss*)
 .bss.lcddev    0x20000084       0x10 ./Core/Src/ILI9341_paradriver.o
                0x20000084                lcddev
 .bss.POINT_COLOR
                0x20000094        0x2 ./Core/Src/ILI9341_paradriver.o
                0x20000094                POINT_COLOR
 *fill*         0x20000096        0x2 
 .bss.fac_us    0x20000098        0x4 ./Core/Src/delay.o
 .bss.obs_x1    0x2000009c        0x2 ./Core/Src/detector.o
 .bss.obs_y1    0x2000009e        0x2 ./Core/Src/detector.o
 .bss.obs_x2    0x200000a0        0x2 ./Core/Src/detector.o
 .bss.obs_y2    0x200000a2        0x2 ./Core/Src/detector.o
 .bss.obs_x1s   0x200000a4        0x2 ./Core/Src/detector.o
 .bss.obs_y1s   0x200000a6        0x2 ./Core/Src/detector.o
 .bss.obs_x2s   0x200000a8        0x2 ./Core/Src/detector.o
 .bss.obs_y2s   0x200000aa        0x2 ./Core/Src/detector.o
 .bss.jump_step
                0x200000ac        0x2 ./Core/Src/dino.o
                0x200000ac                jump_step
 .bss.jump_pos  0x200000ae        0x2 ./Core/Src/dino.o
                0x200000ae                jump_pos
 .bss.velocity  0x200000b0        0x1 ./Core/Src/dino.o
                0x200000b0                velocity
 .bss.walk_step
                0x200000b1        0x1 ./Core/Src/dino.o
                0x200000b1                walk_step
 .bss.obs_step  0x200000b2        0x2 ./Core/Src/dino.o
 .bss.obs_pos   0x200000b4        0x2 ./Core/Src/dino.o
 .bss.obs_acc_temp
                0x200000b6        0x1 ./Core/Src/dino.o
 *fill*         0x200000b7        0x1 
 .bss.obs_passed
                0x200000b8        0x2 ./Core/Src/dino.o
 .bss.play      0x200000ba        0x1 ./Core/Src/dino.o
 *fill*         0x200000bb        0x1 
 .bss.score     0x200000bc        0x2 ./Core/Src/dino.o
 .bss.best_score
                0x200000be        0x2 ./Core/Src/dino.o
 .bss.score_char
                0x200000c0        0x6 ./Core/Src/dino.o
                0x200000c0                score_char
 *fill*         0x200000c6        0x2 
 .bss.best_score_char
                0x200000c8        0x6 ./Core/Src/dino.o
                0x200000c8                best_score_char
 *fill*         0x200000ce        0x2 
 .bss.hadc2     0x200000d0       0x50 ./Core/Src/main.o
                0x200000d0                hadc2
 .bss.htim2     0x20000120       0x4c ./Core/Src/main.o
                0x20000120                htim2
 .bss.adc_value
                0x2000016c        0x4 ./Core/Src/main.o
                0x2000016c                adc_value
 .bss.refresh   0x20000170        0x1 ./Core/Src/stm32f3xx_it.o
                0x20000170                refresh
 .bss.obs_refresh
                0x20000171        0x1 ./Core/Src/stm32f3xx_it.o
                0x20000171                obs_refresh
 *fill*         0x20000172        0x2 
 .bss.__sbrk_heap_end
                0x20000174        0x4 ./Core/Src/sysmem.o
 .bss.uwTick    0x20000178        0x4 ./Drivers/STM32F3xx_HAL_Driver/Src/stm32f3xx_hal.o
                0x20000178                uwTick
 .bss.__sf      0x2000017c      0x138 C:/ST/STM32CubeIDE_1.17.0/STM32CubeIDE/plugins/com.st.stm32cube.ide.mcu.externaltools.gnu-tools-for-stm32.12.3.rel1.win32_1.1.0.202410251130/tools/bin/../lib/gcc/arm-none-eabi/12.3.1/../../../../arm-none-eabi/lib/thumb/v7e-m+fp/hard\libc_nano.a(libc_a-findfp.o)
                0x2000017c                __sf
 .bss.errno     0x200002b4        0x4 C:/ST/STM32CubeIDE_1.17.0/STM32CubeIDE/plugins/com.st.stm32cube.ide.mcu.externaltools.gnu-tools-for-stm32.12.3.rel1.win32_1.1.0.202410251130/tools/bin/../lib/gcc/arm-none-eabi/12.3.1/../../../../arm-none-eabi/lib/thumb/v7e-m+fp/hard\libc_nano.a(libc_a-reent.o)
                0x200002b4                errno
 .bss.__lock___malloc_recursive_mutex
                0x200002b8        0x1 C:/ST/STM32CubeIDE_1.17.0/STM32CubeIDE/plugins/com.st.stm32cube.ide.mcu.externaltools.gnu-tools-for-stm32.12.3.rel1.win32_1.1.0.202410251130/tools/bin/../lib/gcc/arm-none-eabi/12.3.1/../../../../arm-none-eabi/lib/thumb/v7e-m+fp/hard\libc_nano.a(libc_a-lock.o)
                0x200002b8                __lock___malloc_recursive_mutex
 *fill*         0x200002b9        0x3 
 .bss.__malloc_sbrk_start
                0x200002bc        0x4 C:/ST/STM32CubeIDE_1.17.0/STM32CubeIDE/plugins/com.st.stm32cube.ide.mcu.externaltools.gnu-tools-for-stm32.12.3.rel1.win32_1.1.0.202410251130/tools/bin/../lib/gcc/arm-none-eabi/12.3.1/../../../../arm-none-eabi/lib/thumb/v7e-m+fp/hard\libc_nano.a(libc_a-mallocr.o)
                0x200002bc                __malloc_sbrk_start
 .bss.__malloc_free_list
                0x200002c0        0x4 C:/ST/STM32CubeIDE_1.17.0/STM32CubeIDE/plugins/com.st.stm32cube.ide.mcu.externaltools.gnu-tools-for-stm32.12.3.rel1.win32_1.1.0.202410251130/tools/bin/../lib/gcc/arm-none-eabi/12.3.1/../../../../arm-none-eabi/lib/thumb/v7e-m+fp/hard\libc_nano.a(libc_a-mallocr.o)
                0x200002c0                __malloc_free_list
 *(COMMON)
                0x200002c4                        . = ALIGN (0x4)
                0x200002c4                        _ebss = .
                0x200002c4                        __bss_end__ = _ebss

._user_heap_stack
                0x200002c4      0x604
                0x200002c8                        . = ALIGN (0x8)
 *fill*         0x200002c4        0x4 
                [!provide]                        PROVIDE (end = .)
                0x200002c8                        PROVIDE (_end = .)
                0x200004c8                        . = (. + _Min_Heap_Size)
 *fill*         0x200002c8      0x200 
                0x200008c8                        . = (. + _Min_Stack_Size)
 *fill*         0x200004c8      0x400 
                0x200008c8                        . = ALIGN (0x8)

/DISCARD/
 libc.a(*)
 libm.a(*)
 libgcc.a(*)

.ARM.attributes
                0x00000000       0x30
 *(.ARM.attributes)
 .ARM.attributes
                0x00000000       0x22 C:/ST/STM32CubeIDE_1.17.0/STM32CubeIDE/plugins/com.st.stm32cube.ide.mcu.externaltools.gnu-tools-for-stm32.12.3.rel1.win32_1.1.0.202410251130/tools/bin/../lib/gcc/arm-none-eabi/12.3.1/thumb/v7e-m+fp/hard/crti.o
 .ARM.attributes
                0x00000022       0x34 C:/ST/STM32CubeIDE_1.17.0/STM32CubeIDE/plugins/com.st.stm32cube.ide.mcu.externaltools.gnu-tools-for-stm32.12.3.rel1.win32_1.1.0.202410251130/tools/bin/../lib/gcc/arm-none-eabi/12.3.1/thumb/v7e-m+fp/hard/crtbegin.o
 .ARM.attributes
                0x00000056       0x34 ./Core/Src/ILI9341_paradriver.o
 .ARM.attributes
                0x0000008a       0x34 ./Core/Src/delay.o
 .ARM.attributes
                0x000000be       0x34 ./Core/Src/detector.o
 .ARM.attributes
                0x000000f2       0x34 ./Core/Src/dino.o
 .ARM.attributes
                0x00000126       0x34 ./Core/Src/figures.o
 .ARM.attributes
                0x0000015a       0x34 ./Core/Src/main.o
 .ARM.attributes
                0x0000018e       0x34 ./Core/Src/stm32f3xx_hal_msp.o
 .ARM.attributes
                0x000001c2       0x34 ./Core/Src/stm32f3xx_it.o
 .ARM.attributes
                0x000001f6       0x34 ./Core/Src/sysmem.o
 .ARM.attributes
                0x0000022a       0x34 ./Core/Src/system_stm32f3xx.o
 .ARM.attributes
                0x0000025e       0x21 ./Core/Startup/startup_stm32f303retx.o
 .ARM.attributes
                0x0000027f       0x34 ./Drivers/STM32F3xx_HAL_Driver/Src/stm32f3xx_hal.o
 .ARM.attributes
                0x000002b3       0x34 ./Drivers/STM32F3xx_HAL_Driver/Src/stm32f3xx_hal_adc_ex.o
 .ARM.attributes
                0x000002e7       0x34 ./Drivers/STM32F3xx_HAL_Driver/Src/stm32f3xx_hal_cortex.o
 .ARM.attributes
                0x0000031b       0x34 ./Drivers/STM32F3xx_HAL_Driver/Src/stm32f3xx_hal_gpio.o
 .ARM.attributes
                0x0000034f       0x34 ./Drivers/STM32F3xx_HAL_Driver/Src/stm32f3xx_hal_rcc.o
 .ARM.attributes
                0x00000383       0x34 ./Drivers/STM32F3xx_HAL_Driver/Src/stm32f3xx_hal_rcc_ex.o
 .ARM.attributes
                0x000003b7       0x34 ./Drivers/STM32F3xx_HAL_Driver/Src/stm32f3xx_hal_tim.o
 .ARM.attributes
                0x000003eb       0x34 ./Drivers/STM32F3xx_HAL_Driver/Src/stm32f3xx_hal_tim_ex.o
 .ARM.attributes
                0x0000041f       0x34 C:/ST/STM32CubeIDE_1.17.0/STM32CubeIDE/plugins/com.st.stm32cube.ide.mcu.externaltools.gnu-tools-for-stm32.12.3.rel1.win32_1.1.0.202410251130/tools/bin/../lib/gcc/arm-none-eabi/12.3.1/../../../../arm-none-eabi/lib/thumb/v7e-m+fp/hard\libc_nano.a(libc_a-findfp.o)
 .ARM.attributes
                0x00000453       0x34 C:/ST/STM32CubeIDE_1.17.0/STM32CubeIDE/plugins/com.st.stm32cube.ide.mcu.externaltools.gnu-tools-for-stm32.12.3.rel1.win32_1.1.0.202410251130/tools/bin/../lib/gcc/arm-none-eabi/12.3.1/../../../../arm-none-eabi/lib/thumb/v7e-m+fp/hard\libc_nano.a(libc_a-sprintf.o)
 .ARM.attributes
                0x00000487       0x34 C:/ST/STM32CubeIDE_1.17.0/STM32CubeIDE/plugins/com.st.stm32cube.ide.mcu.externaltools.gnu-tools-for-stm32.12.3.rel1.win32_1.1.0.202410251130/tools/bin/../lib/gcc/arm-none-eabi/12.3.1/../../../../arm-none-eabi/lib/thumb/v7e-m+fp/hard\libc_nano.a(libc_a-memset.o)
 .ARM.attributes
                0x000004bb       0x34 C:/ST/STM32CubeIDE_1.17.0/STM32CubeIDE/plugins/com.st.stm32cube.ide.mcu.externaltools.gnu-tools-for-stm32.12.3.rel1.win32_1.1.0.202410251130/tools/bin/../lib/gcc/arm-none-eabi/12.3.1/../../../../arm-none-eabi/lib/thumb/v7e-m+fp/hard\libc_nano.a(libc_a-reent.o)
 .ARM.attributes
                0x000004ef       0x34 C:/ST/STM32CubeIDE_1.17.0/STM32CubeIDE/plugins/com.st.stm32cube.ide.mcu.externaltools.gnu-tools-for-stm32.12.3.rel1.win32_1.1.0.202410251130/tools/bin/../lib/gcc/arm-none-eabi/12.3.1/../../../../arm-none-eabi/lib/thumb/v7e-m+fp/hard\libc_nano.a(libc_a-impure.o)
 .ARM.attributes
                0x00000523       0x34 C:/ST/STM32CubeIDE_1.17.0/STM32CubeIDE/plugins/com.st.stm32cube.ide.mcu.externaltools.gnu-tools-for-stm32.12.3.rel1.win32_1.1.0.202410251130/tools/bin/../lib/gcc/arm-none-eabi/12.3.1/../../../../arm-none-eabi/lib/thumb/v7e-m+fp/hard\libc_nano.a(libc_a-errno.o)
 .ARM.attributes
                0x00000557       0x34 C:/ST/STM32CubeIDE_1.17.0/STM32CubeIDE/plugins/com.st.stm32cube.ide.mcu.externaltools.gnu-tools-for-stm32.12.3.rel1.win32_1.1.0.202410251130/tools/bin/../lib/gcc/arm-none-eabi/12.3.1/../../../../arm-none-eabi/lib/thumb/v7e-m+fp/hard\libc_nano.a(libc_a-init.o)
 .ARM.attributes
                0x0000058b       0x34 C:/ST/STM32CubeIDE_1.17.0/STM32CubeIDE/plugins/com.st.stm32cube.ide.mcu.externaltools.gnu-tools-for-stm32.12.3.rel1.win32_1.1.0.202410251130/tools/bin/../lib/gcc/arm-none-eabi/12.3.1/../../../../arm-none-eabi/lib/thumb/v7e-m+fp/hard\libc_nano.a(libc_a-lock.o)
 .ARM.attributes
                0x000005bf       0x34 C:/ST/STM32CubeIDE_1.17.0/STM32CubeIDE/plugins/com.st.stm32cube.ide.mcu.externaltools.gnu-tools-for-stm32.12.3.rel1.win32_1.1.0.202410251130/tools/bin/../lib/gcc/arm-none-eabi/12.3.1/../../../../arm-none-eabi/lib/thumb/v7e-m+fp/hard\libc_nano.a(libc_a-freer.o)
 .ARM.attributes
                0x000005f3       0x34 C:/ST/STM32CubeIDE_1.17.0/STM32CubeIDE/plugins/com.st.stm32cube.ide.mcu.externaltools.gnu-tools-for-stm32.12.3.rel1.win32_1.1.0.202410251130/tools/bin/../lib/gcc/arm-none-eabi/12.3.1/../../../../arm-none-eabi/lib/thumb/v7e-m+fp/hard\libc_nano.a(libc_a-mallocr.o)
 .ARM.attributes
                0x00000627       0x34 C:/ST/STM32CubeIDE_1.17.0/STM32CubeIDE/plugins/com.st.stm32cube.ide.mcu.externaltools.gnu-tools-for-stm32.12.3.rel1.win32_1.1.0.202410251130/tools/bin/../lib/gcc/arm-none-eabi/12.3.1/../../../../arm-none-eabi/lib/thumb/v7e-m+fp/hard\libc_nano.a(libc_a-mlock.o)
 .ARM.attributes
                0x0000065b       0x34 C:/ST/STM32CubeIDE_1.17.0/STM32CubeIDE/plugins/com.st.stm32cube.ide.mcu.externaltools.gnu-tools-for-stm32.12.3.rel1.win32_1.1.0.202410251130/tools/bin/../lib/gcc/arm-none-eabi/12.3.1/../../../../arm-none-eabi/lib/thumb/v7e-m+fp/hard\libc_nano.a(libc_a-nano-svfprintf.o)
 .ARM.attributes
                0x0000068f       0x34 C:/ST/STM32CubeIDE_1.17.0/STM32CubeIDE/plugins/com.st.stm32cube.ide.mcu.externaltools.gnu-tools-for-stm32.12.3.rel1.win32_1.1.0.202410251130/tools/bin/../lib/gcc/arm-none-eabi/12.3.1/../../../../arm-none-eabi/lib/thumb/v7e-m+fp/hard\libc_nano.a(libc_a-nano-vfprintf_i.o)
 .ARM.attributes
                0x000006c3       0x34 C:/ST/STM32CubeIDE_1.17.0/STM32CubeIDE/plugins/com.st.stm32cube.ide.mcu.externaltools.gnu-tools-for-stm32.12.3.rel1.win32_1.1.0.202410251130/tools/bin/../lib/gcc/arm-none-eabi/12.3.1/../../../../arm-none-eabi/lib/thumb/v7e-m+fp/hard\libc_nano.a(libc_a-memmove.o)
 .ARM.attributes
                0x000006f7       0x34 C:/ST/STM32CubeIDE_1.17.0/STM32CubeIDE/plugins/com.st.stm32cube.ide.mcu.externaltools.gnu-tools-for-stm32.12.3.rel1.win32_1.1.0.202410251130/tools/bin/../lib/gcc/arm-none-eabi/12.3.1/../../../../arm-none-eabi/lib/thumb/v7e-m+fp/hard\libc_nano.a(libc_a-sbrkr.o)
 .ARM.attributes
                0x0000072b       0x1c C:/ST/STM32CubeIDE_1.17.0/STM32CubeIDE/plugins/com.st.stm32cube.ide.mcu.externaltools.gnu-tools-for-stm32.12.3.rel1.win32_1.1.0.202410251130/tools/bin/../lib/gcc/arm-none-eabi/12.3.1/../../../../arm-none-eabi/lib/thumb/v7e-m+fp/hard\libc_nano.a(libc_a-memchr.o)
 .ARM.attributes
                0x00000747       0x34 C:/ST/STM32CubeIDE_1.17.0/STM32CubeIDE/plugins/com.st.stm32cube.ide.mcu.externaltools.gnu-tools-for-stm32.12.3.rel1.win32_1.1.0.202410251130/tools/bin/../lib/gcc/arm-none-eabi/12.3.1/../../../../arm-none-eabi/lib/thumb/v7e-m+fp/hard\libc_nano.a(libc_a-memcpy-stub.o)
 .ARM.attributes
                0x0000077b       0x34 C:/ST/STM32CubeIDE_1.17.0/STM32CubeIDE/plugins/com.st.stm32cube.ide.mcu.externaltools.gnu-tools-for-stm32.12.3.rel1.win32_1.1.0.202410251130/tools/bin/../lib/gcc/arm-none-eabi/12.3.1/../../../../arm-none-eabi/lib/thumb/v7e-m+fp/hard\libc_nano.a(libc_a-reallocr.o)
 .ARM.attributes
                0x000007af       0x34 C:/ST/STM32CubeIDE_1.17.0/STM32CubeIDE/plugins/com.st.stm32cube.ide.mcu.externaltools.gnu-tools-for-stm32.12.3.rel1.win32_1.1.0.202410251130/tools/bin/../lib/gcc/arm-none-eabi/12.3.1/../../../../arm-none-eabi/lib/thumb/v7e-m+fp/hard\libc_nano.a(libc_a-msizer.o)
 .ARM.attributes
                0x000007e3       0x22 C:/ST/STM32CubeIDE_1.17.0/STM32CubeIDE/plugins/com.st.stm32cube.ide.mcu.externaltools.gnu-tools-for-stm32.12.3.rel1.win32_1.1.0.202410251130/tools/bin/../lib/gcc/arm-none-eabi/12.3.1/thumb/v7e-m+fp/hard/crtn.o
OUTPUT(STM32_ILI9341_XPT2046_PARA_LCD_DINOCHROME.elf elf32-littlearm)
LOAD linker stubs
LOAD C:/ST/STM32CubeIDE_1.17.0/STM32CubeIDE/plugins/com.st.stm32cube.ide.mcu.externaltools.gnu-tools-for-stm32.12.3.rel1.win32_1.1.0.202410251130/tools/bin/../lib/gcc/arm-none-eabi/12.3.1/../../../../arm-none-eabi/lib/thumb/v7e-m+fp/hard\libc.a
LOAD C:/ST/STM32CubeIDE_1.17.0/STM32CubeIDE/plugins/com.st.stm32cube.ide.mcu.externaltools.gnu-tools-for-stm32.12.3.rel1.win32_1.1.0.202410251130/tools/bin/../lib/gcc/arm-none-eabi/12.3.1/../../../../arm-none-eabi/lib/thumb/v7e-m+fp/hard\libm.a
LOAD C:/ST/STM32CubeIDE_1.17.0/STM32CubeIDE/plugins/com.st.stm32cube.ide.mcu.externaltools.gnu-tools-for-stm32.12.3.rel1.win32_1.1.0.202410251130/tools/bin/../lib/gcc/arm-none-eabi/12.3.1/thumb/v7e-m+fp/hard\libgcc.a

.debug_info     0x00000000     0xd6aa
 .debug_info    0x00000000     0x10b4 ./Core/Src/ILI9341_paradriver.o
 .debug_info    0x000010b4      0x215 ./Core/Src/delay.o
 .debug_info    0x000012c9      0x1d7 ./Core/Src/detector.o
 .debug_info    0x000014a0      0x51f ./Core/Src/dino.o
 .debug_info    0x000019bf      0x1dc ./Core/Src/figures.o
 .debug_info    0x00001b9b     0x12f9 ./Core/Src/main.o
 .debug_info    0x00002e94      0xf5e ./Core/Src/stm32f3xx_hal_msp.o
 .debug_info    0x00003df2      0x717 ./Core/Src/stm32f3xx_it.o
 .debug_info    0x00004509      0x168 ./Core/Src/sysmem.o
 .debug_info    0x00004671      0x407 ./Core/Src/system_stm32f3xx.o
 .debug_info    0x00004a78       0x30 ./Core/Startup/startup_stm32f303retx.o
 .debug_info    0x00004aa8      0x804 ./Drivers/STM32F3xx_HAL_Driver/Src/stm32f3xx_hal.o
 .debug_info    0x000052ac     0x15b2 ./Drivers/STM32F3xx_HAL_Driver/Src/stm32f3xx_hal_adc_ex.o
 .debug_info    0x0000685e      0xd14 ./Drivers/STM32F3xx_HAL_Driver/Src/stm32f3xx_hal_cortex.o
 .debug_info    0x00007572      0x6a6 ./Drivers/STM32F3xx_HAL_Driver/Src/stm32f3xx_hal_gpio.o
 .debug_info    0x00007c18     0x149a ./Drivers/STM32F3xx_HAL_Driver/Src/stm32f3xx_hal_rcc.o
 .debug_info    0x000090b2      0x61b ./Drivers/STM32F3xx_HAL_Driver/Src/stm32f3xx_hal_rcc_ex.o
 .debug_info    0x000096cd     0x2a70 ./Drivers/STM32F3xx_HAL_Driver/Src/stm32f3xx_hal_tim.o
 .debug_info    0x0000c13d     0x156d ./Drivers/STM32F3xx_HAL_Driver/Src/stm32f3xx_hal_tim_ex.o

.debug_abbrev   0x00000000     0x2427
 .debug_abbrev  0x00000000      0x351 ./Core/Src/ILI9341_paradriver.o
 .debug_abbrev  0x00000351      0x14d ./Core/Src/delay.o
 .debug_abbrev  0x0000049e       0xc2 ./Core/Src/detector.o
 .debug_abbrev  0x00000560      0x1fc ./Core/Src/dino.o
 .debug_abbrev  0x0000075c       0xed ./Core/Src/figures.o
 .debug_abbrev  0x00000849      0x2d9 ./Core/Src/main.o
 .debug_abbrev  0x00000b22      0x1bd ./Core/Src/stm32f3xx_hal_msp.o
 .debug_abbrev  0x00000cdf      0x1a7 ./Core/Src/stm32f3xx_it.o
 .debug_abbrev  0x00000e86       0xbc ./Core/Src/sysmem.o
 .debug_abbrev  0x00000f42      0x11a ./Core/Src/system_stm32f3xx.o
 .debug_abbrev  0x0000105c       0x24 ./Core/Startup/startup_stm32f303retx.o
 .debug_abbrev  0x00001080      0x215 ./Drivers/STM32F3xx_HAL_Driver/Src/stm32f3xx_hal.o
 .debug_abbrev  0x00001295      0x28e ./Drivers/STM32F3xx_HAL_Driver/Src/stm32f3xx_hal_adc_ex.o
 .debug_abbrev  0x00001523      0x31e ./Drivers/STM32F3xx_HAL_Driver/Src/stm32f3xx_hal_cortex.o
 .debug_abbrev  0x00001841      0x1ca ./Drivers/STM32F3xx_HAL_Driver/Src/stm32f3xx_hal_gpio.o
 .debug_abbrev  0x00001a0b      0x300 ./Drivers/STM32F3xx_HAL_Driver/Src/stm32f3xx_hal_rcc.o
 .debug_abbrev  0x00001d0b      0x221 ./Drivers/STM32F3xx_HAL_Driver/Src/stm32f3xx_hal_rcc_ex.o
 .debug_abbrev  0x00001f2c      0x278 ./Drivers/STM32F3xx_HAL_Driver/Src/stm32f3xx_hal_tim.o
 .debug_abbrev  0x000021a4      0x283 ./Drivers/STM32F3xx_HAL_Driver/Src/stm32f3xx_hal_tim_ex.o

.debug_aranges  0x00000000      0xd80
 .debug_aranges
                0x00000000      0x148 ./Core/Src/ILI9341_paradriver.o
 .debug_aranges
                0x00000148       0x30 ./Core/Src/delay.o
 .debug_aranges
                0x00000178       0x30 ./Core/Src/detector.o
 .debug_aranges
                0x000001a8       0x48 ./Core/Src/dino.o
 .debug_aranges
                0x000001f0       0x48 ./Core/Src/figures.o
 .debug_aranges
                0x00000238       0x50 ./Core/Src/main.o
 .debug_aranges
                0x00000288       0x40 ./Core/Src/stm32f3xx_hal_msp.o
 .debug_aranges
                0x000002c8       0x68 ./Core/Src/stm32f3xx_it.o
 .debug_aranges
                0x00000330       0x20 ./Core/Src/sysmem.o
 .debug_aranges
                0x00000350       0x28 ./Core/Src/system_stm32f3xx.o
 .debug_aranges
                0x00000378       0x28 ./Core/Startup/startup_stm32f303retx.o
 .debug_aranges
                0x000003a0       0xe0 ./Drivers/STM32F3xx_HAL_Driver/Src/stm32f3xx_hal.o
 .debug_aranges
                0x00000480      0x168 ./Drivers/STM32F3xx_HAL_Driver/Src/stm32f3xx_hal_adc_ex.o
 .debug_aranges
                0x000005e8      0x128 ./Drivers/STM32F3xx_HAL_Driver/Src/stm32f3xx_hal_cortex.o
 .debug_aranges
                0x00000710       0x58 ./Drivers/STM32F3xx_HAL_Driver/Src/stm32f3xx_hal_gpio.o
 .debug_aranges
                0x00000768       0x88 ./Drivers/STM32F3xx_HAL_Driver/Src/stm32f3xx_hal_rcc.o
 .debug_aranges
                0x000007f0       0x38 ./Drivers/STM32F3xx_HAL_Driver/Src/stm32f3xx_hal_rcc_ex.o
 .debug_aranges
                0x00000828      0x3e0 ./Drivers/STM32F3xx_HAL_Driver/Src/stm32f3xx_hal_tim.o
 .debug_aranges
                0x00000c08      0x178 ./Drivers/STM32F3xx_HAL_Driver/Src/stm32f3xx_hal_tim_ex.o

.debug_rnglists
                0x00000000      0xa6c
 .debug_rnglists
                0x00000000      0x100 ./Core/Src/ILI9341_paradriver.o
 .debug_rnglists
                0x00000100       0x1f ./Core/Src/delay.o
 .debug_rnglists
                0x0000011f       0x21 ./Core/Src/detector.o
 .debug_rnglists
                0x00000140       0x36 ./Core/Src/dino.o
 .debug_rnglists
                0x00000176       0x37 ./Core/Src/figures.o
 .debug_rnglists
                0x000001ad       0x3b ./Core/Src/main.o
 .debug_rnglists
                0x000001e8       0x2b ./Core/Src/stm32f3xx_hal_msp.o
 .debug_rnglists
                0x00000213       0x49 ./Core/Src/stm32f3xx_it.o
 .debug_rnglists
                0x0000025c       0x13 ./Core/Src/sysmem.o
 .debug_rnglists
                0x0000026f       0x1a ./Core/Src/system_stm32f3xx.o
 .debug_rnglists
                0x00000289       0x19 ./Core/Startup/startup_stm32f303retx.o
 .debug_rnglists
                0x000002a2       0xa3 ./Drivers/STM32F3xx_HAL_Driver/Src/stm32f3xx_hal.o
 .debug_rnglists
                0x00000345      0x126 ./Drivers/STM32F3xx_HAL_Driver/Src/stm32f3xx_hal_adc_ex.o
 .debug_rnglists
                0x0000046b       0xda ./Drivers/STM32F3xx_HAL_Driver/Src/stm32f3xx_hal_cortex.o
 .debug_rnglists
                0x00000545       0x3f ./Drivers/STM32F3xx_HAL_Driver/Src/stm32f3xx_hal_gpio.o
 .debug_rnglists
                0x00000584       0x66 ./Drivers/STM32F3xx_HAL_Driver/Src/stm32f3xx_hal_rcc.o
 .debug_rnglists
                0x000005ea       0x29 ./Drivers/STM32F3xx_HAL_Driver/Src/stm32f3xx_hal_rcc_ex.o
 .debug_rnglists
                0x00000613      0x328 ./Drivers/STM32F3xx_HAL_Driver/Src/stm32f3xx_hal_tim.o
 .debug_rnglists
                0x0000093b      0x131 ./Drivers/STM32F3xx_HAL_Driver/Src/stm32f3xx_hal_tim_ex.o

.debug_macro    0x00000000    0x22045
 .debug_macro   0x00000000      0x2de ./Core/Src/ILI9341_paradriver.o
 .debug_macro   0x000002de      0xab4 ./Core/Src/ILI9341_paradriver.o
 .debug_macro   0x00000d92      0x15e ./Core/Src/ILI9341_paradriver.o
 .debug_macro   0x00000ef0       0x2e ./Core/Src/ILI9341_paradriver.o
 .debug_macro   0x00000f1e       0x28 ./Core/Src/ILI9341_paradriver.o
 .debug_macro   0x00000f46       0x22 ./Core/Src/ILI9341_paradriver.o
 .debug_macro   0x00000f68       0x8e ./Core/Src/ILI9341_paradriver.o
 .debug_macro   0x00000ff6       0x51 ./Core/Src/ILI9341_paradriver.o
 .debug_macro   0x00001047      0x103 ./Core/Src/ILI9341_paradriver.o
 .debug_macro   0x0000114a       0x6a ./Core/Src/ILI9341_paradriver.o
 .debug_macro   0x000011b4      0x1df ./Core/Src/ILI9341_paradriver.o
 .debug_macro   0x00001393       0x1c ./Core/Src/ILI9341_paradriver.o
 .debug_macro   0x000013af       0x22 ./Core/Src/ILI9341_paradriver.o
 .debug_macro   0x000013d1       0xd9 ./Core/Src/ILI9341_paradriver.o
 .debug_macro   0x000014aa     0x102d ./Core/Src/ILI9341_paradriver.o
 .debug_macro   0x000024d7      0x11f ./Core/Src/ILI9341_paradriver.o
 .debug_macro   0x000025f6    0x1535a ./Core/Src/ILI9341_paradriver.o
 .debug_macro   0x00017950       0x6d ./Core/Src/ILI9341_paradriver.o
 .debug_macro   0x000179bd     0x3574 ./Core/Src/ILI9341_paradriver.o
 .debug_macro   0x0001af31      0x189 ./Core/Src/ILI9341_paradriver.o
 .debug_macro   0x0001b0ba       0x55 ./Core/Src/ILI9341_paradriver.o
 .debug_macro   0x0001b10f      0x953 ./Core/Src/ILI9341_paradriver.o
 .debug_macro   0x0001ba62      0x84a ./Core/Src/ILI9341_paradriver.o
 .debug_macro   0x0001c2ac      0x1b5 ./Core/Src/ILI9341_paradriver.o
 .debug_macro   0x0001c461      0x23a ./Core/Src/ILI9341_paradriver.o
 .debug_macro   0x0001c69b      0x1ea ./Core/Src/ILI9341_paradriver.o
 .debug_macro   0x0001c885      0x1bc ./Core/Src/ILI9341_paradriver.o
 .debug_macro   0x0001ca41       0x30 ./Core/Src/ILI9341_paradriver.o
 .debug_macro   0x0001ca71       0x3c ./Core/Src/ILI9341_paradriver.o
 .debug_macro   0x0001caad      0x235 ./Core/Src/ILI9341_paradriver.o
 .debug_macro   0x0001cce2      0x9fe ./Core/Src/ILI9341_paradriver.o
 .debug_macro   0x0001d6e0       0x77 ./Core/Src/ILI9341_paradriver.o
 .debug_macro   0x0001d757       0xc5 ./Core/Src/ILI9341_paradriver.o
 .debug_macro   0x0001d81c      0x21d ./Core/Src/ILI9341_paradriver.o
 .debug_macro   0x0001da39      0x22c ./Core/Src/ILI9341_paradriver.o
 .debug_macro   0x0001dc65       0x5b ./Core/Src/ILI9341_paradriver.o
 .debug_macro   0x0001dcc0       0xa5 ./Core/Src/ILI9341_paradriver.o
 .debug_macro   0x0001dd65       0x81 ./Core/Src/ILI9341_paradriver.o
 .debug_macro   0x0001dde6       0xd3 ./Core/Src/ILI9341_paradriver.o
 .debug_macro   0x0001deb9      0xa60 ./Core/Src/ILI9341_paradriver.o
 .debug_macro   0x0001e919       0xba ./Core/Src/ILI9341_paradriver.o
 .debug_macro   0x0001e9d3      0x347 ./Core/Src/ILI9341_paradriver.o
 .debug_macro   0x0001ed1a      0x124 ./Core/Src/ILI9341_paradriver.o
 .debug_macro   0x0001ee3e       0x2a ./Core/Src/ILI9341_paradriver.o
 .debug_macro   0x0001ee68       0x61 ./Core/Src/ILI9341_paradriver.o
 .debug_macro   0x0001eec9       0x43 ./Core/Src/ILI9341_paradriver.o
 .debug_macro   0x0001ef0c       0x34 ./Core/Src/ILI9341_paradriver.o
 .debug_macro   0x0001ef40       0x16 ./Core/Src/ILI9341_paradriver.o
 .debug_macro   0x0001ef56       0x35 ./Core/Src/ILI9341_paradriver.o
 .debug_macro   0x0001ef8b       0x16 ./Core/Src/ILI9341_paradriver.o
 .debug_macro   0x0001efa1       0x43 ./Core/Src/ILI9341_paradriver.o
 .debug_macro   0x0001efe4       0x34 ./Core/Src/ILI9341_paradriver.o
 .debug_macro   0x0001f018       0x10 ./Core/Src/ILI9341_paradriver.o
 .debug_macro   0x0001f028       0x58 ./Core/Src/ILI9341_paradriver.o
 .debug_macro   0x0001f080       0x8e ./Core/Src/ILI9341_paradriver.o
 .debug_macro   0x0001f10e       0x1c ./Core/Src/ILI9341_paradriver.o
 .debug_macro   0x0001f12a      0x177 ./Core/Src/ILI9341_paradriver.o
 .debug_macro   0x0001f2a1      0x369 ./Core/Src/ILI9341_paradriver.o
 .debug_macro   0x0001f60a       0x16 ./Core/Src/ILI9341_paradriver.o
 .debug_macro   0x0001f620       0x29 ./Core/Src/ILI9341_paradriver.o
 .debug_macro   0x0001f649      0x14b ./Core/Src/ILI9341_paradriver.o
 .debug_macro   0x0001f794      0x1f5 ./Core/Src/delay.o
 .debug_macro   0x0001f989      0x2d4 ./Core/Src/detector.o
 .debug_macro   0x0001fc5d      0x308 ./Core/Src/dino.o
 .debug_macro   0x0001ff65       0x1c ./Core/Src/dino.o
 .debug_macro   0x0001ff81       0x10 ./Core/Src/dino.o
 .debug_macro   0x0001ff91       0x1c ./Core/Src/dino.o
 .debug_macro   0x0001ffad       0x16 ./Core/Src/dino.o
 .debug_macro   0x0001ffc3      0x146 ./Core/Src/dino.o
 .debug_macro   0x00020109      0x2dd ./Core/Src/figures.o
 .debug_macro   0x000203e6       0x16 ./Core/Src/figures.o
 .debug_macro   0x000203fc      0x2d8 ./Core/Src/main.o
 .debug_macro   0x000206d4      0x12a ./Core/Src/main.o
 .debug_macro   0x000207fe      0x1e6 ./Core/Src/stm32f3xx_hal_msp.o
 .debug_macro   0x000209e4      0x1f0 ./Core/Src/stm32f3xx_it.o
 .debug_macro   0x00020bd4       0xff ./Core/Src/sysmem.o
 .debug_macro   0x00020cd3      0x23c ./Core/Src/sysmem.o
 .debug_macro   0x00020f0f      0x1dc ./Core/Src/system_stm32f3xx.o
 .debug_macro   0x000210eb      0x200 ./Drivers/STM32F3xx_HAL_Driver/Src/stm32f3xx_hal.o
 .debug_macro   0x000212eb      0x206 ./Drivers/STM32F3xx_HAL_Driver/Src/stm32f3xx_hal_adc_ex.o
 .debug_macro   0x000214f1      0x1dc ./Drivers/STM32F3xx_HAL_Driver/Src/stm32f3xx_hal_cortex.o
 .debug_macro   0x000216cd      0x1e3 ./Drivers/STM32F3xx_HAL_Driver/Src/stm32f3xx_hal_gpio.o
 .debug_macro   0x000218b0      0x200 ./Drivers/STM32F3xx_HAL_Driver/Src/stm32f3xx_hal_rcc.o
 .debug_macro   0x00021ab0      0x1dc ./Drivers/STM32F3xx_HAL_Driver/Src/stm32f3xx_hal_rcc_ex.o
 .debug_macro   0x00021c8c      0x1dd ./Drivers/STM32F3xx_HAL_Driver/Src/stm32f3xx_hal_tim.o
 .debug_macro   0x00021e69      0x1dc ./Drivers/STM32F3xx_HAL_Driver/Src/stm32f3xx_hal_tim_ex.o

.debug_line     0x00000000    0x130fd
 .debug_line    0x00000000     0x136a ./Core/Src/ILI9341_paradriver.o
 .debug_line    0x0000136a      0x7fb ./Core/Src/delay.o
 .debug_line    0x00001b65      0xa25 ./Core/Src/detector.o
 .debug_line    0x0000258a      0xc6a ./Core/Src/dino.o
 .debug_line    0x000031f4      0xe21 ./Core/Src/figures.o
 .debug_line    0x00004015      0xab0 ./Core/Src/main.o
 .debug_line    0x00004ac5      0x7f1 ./Core/Src/stm32f3xx_hal_msp.o
 .debug_line    0x000052b6      0x864 ./Core/Src/stm32f3xx_it.o
 .debug_line    0x00005b1a      0x579 ./Core/Src/sysmem.o
 .debug_line    0x00006093      0x7ee ./Core/Src/system_stm32f3xx.o
 .debug_line    0x00006881       0x7a ./Core/Startup/startup_stm32f303retx.o
 .debug_line    0x000068fb      0xa21 ./Drivers/STM32F3xx_HAL_Driver/Src/stm32f3xx_hal.o
 .debug_line    0x0000731c     0x27e6 ./Drivers/STM32F3xx_HAL_Driver/Src/stm32f3xx_hal_adc_ex.o
 .debug_line    0x00009b02      0xd0e ./Drivers/STM32F3xx_HAL_Driver/Src/stm32f3xx_hal_cortex.o
 .debug_line    0x0000a810      0xbc0 ./Drivers/STM32F3xx_HAL_Driver/Src/stm32f3xx_hal_gpio.o
 .debug_line    0x0000b3d0     0x13cd ./Drivers/STM32F3xx_HAL_Driver/Src/stm32f3xx_hal_rcc.o
 .debug_line    0x0000c79d      0xf36 ./Drivers/STM32F3xx_HAL_Driver/Src/stm32f3xx_hal_rcc_ex.o
 .debug_line    0x0000d6d3     0x3eeb ./Drivers/STM32F3xx_HAL_Driver/Src/stm32f3xx_hal_tim.o
 .debug_line    0x000115be     0x1b3f ./Drivers/STM32F3xx_HAL_Driver/Src/stm32f3xx_hal_tim_ex.o

.debug_str      0x00000000    0xcf5ca
 .debug_str     0x00000000    0xcae4d ./Core/Src/ILI9341_paradriver.o
                              0xcb52d (size before relaxing)
 .debug_str     0x000cae4d       0x53 ./Core/Src/delay.o
                              0xc7b66 (size before relaxing)
 .debug_str     0x000caea0       0xbb ./Core/Src/detector.o
                              0xcb10c (size before relaxing)
 .debug_str     0x000caf5b      0x78e ./Core/Src/dino.o
                              0xcb8f8 (size before relaxing)
 .debug_str     0x000cb6e9       0x54 ./Core/Src/figures.o
                              0xcb127 (size before relaxing)
 .debug_str     0x000cb73d      0xbb7 ./Core/Src/main.o
                              0xcbeba (size before relaxing)
 .debug_str     0x000cc2f4      0x446 ./Core/Src/stm32f3xx_hal_msp.o
                              0xc81ce (size before relaxing)
 .debug_str     0x000cc73a       0xec ./Core/Src/stm32f3xx_it.o
                              0xc7a27 (size before relaxing)
 .debug_str     0x000cc826      0x4dc ./Core/Src/sysmem.o
                               0x60ef (size before relaxing)
 .debug_str     0x000ccd02       0xdf ./Core/Src/system_stm32f3xx.o
                              0xc755d (size before relaxing)
 .debug_str     0x000ccde1       0x9b ./Core/Startup/startup_stm32f303retx.o
 .debug_str     0x000cce7c      0x389 ./Drivers/STM32F3xx_HAL_Driver/Src/stm32f3xx_hal.o
                              0xc7e06 (size before relaxing)
 .debug_str     0x000cd205      0x896 ./Drivers/STM32F3xx_HAL_Driver/Src/stm32f3xx_hal_adc_ex.o
                              0xc8263 (size before relaxing)
 .debug_str     0x000cda9b      0x352 ./Drivers/STM32F3xx_HAL_Driver/Src/stm32f3xx_hal_cortex.o
                              0xc7e8a (size before relaxing)
 .debug_str     0x000cdded      0x14c ./Drivers/STM32F3xx_HAL_Driver/Src/stm32f3xx_hal_gpio.o
                              0xc7742 (size before relaxing)
 .debug_str     0x000cdf39      0x2d6 ./Drivers/STM32F3xx_HAL_Driver/Src/stm32f3xx_hal_rcc.o
                              0xc7a01 (size before relaxing)
 .debug_str     0x000ce20f       0xbe ./Drivers/STM32F3xx_HAL_Driver/Src/stm32f3xx_hal_rcc_ex.o
                              0xc784b (size before relaxing)
 .debug_str     0x000ce2cd      0xe21 ./Drivers/STM32F3xx_HAL_Driver/Src/stm32f3xx_hal_tim.o
                              0xc8994 (size before relaxing)
 .debug_str     0x000cf0ee      0x4dc ./Drivers/STM32F3xx_HAL_Driver/Src/stm32f3xx_hal_tim_ex.o
                              0xc81da (size before relaxing)

.comment        0x00000000       0x43
 .comment       0x00000000       0x43 ./Core/Src/ILI9341_paradriver.o
                                 0x44 (size before relaxing)
 .comment       0x00000043       0x44 ./Core/Src/delay.o
 .comment       0x00000043       0x44 ./Core/Src/detector.o
 .comment       0x00000043       0x44 ./Core/Src/dino.o
 .comment       0x00000043       0x44 ./Core/Src/figures.o
 .comment       0x00000043       0x44 ./Core/Src/main.o
 .comment       0x00000043       0x44 ./Core/Src/stm32f3xx_hal_msp.o
 .comment       0x00000043       0x44 ./Core/Src/stm32f3xx_it.o
 .comment       0x00000043       0x44 ./Core/Src/sysmem.o
 .comment       0x00000043       0x44 ./Core/Src/system_stm32f3xx.o
 .comment       0x00000043       0x44 ./Drivers/STM32F3xx_HAL_Driver/Src/stm32f3xx_hal.o
 .comment       0x00000043       0x44 ./Drivers/STM32F3xx_HAL_Driver/Src/stm32f3xx_hal_adc_ex.o
 .comment       0x00000043       0x44 ./Drivers/STM32F3xx_HAL_Driver/Src/stm32f3xx_hal_cortex.o
 .comment       0x00000043       0x44 ./Drivers/STM32F3xx_HAL_Driver/Src/stm32f3xx_hal_gpio.o
 .comment       0x00000043       0x44 ./Drivers/STM32F3xx_HAL_Driver/Src/stm32f3xx_hal_rcc.o
 .comment       0x00000043       0x44 ./Drivers/STM32F3xx_HAL_Driver/Src/stm32f3xx_hal_rcc_ex.o
 .comment       0x00000043       0x44 ./Drivers/STM32F3xx_HAL_Driver/Src/stm32f3xx_hal_tim.o
 .comment       0x00000043       0x44 ./Drivers/STM32F3xx_HAL_Driver/Src/stm32f3xx_hal_tim_ex.o

.debug_frame    0x00000000     0x3c54
 .debug_frame   0x00000000      0x58c ./Core/Src/ILI9341_paradriver.o
 .debug_frame   0x0000058c       0x80 ./Core/Src/delay.o
 .debug_frame   0x0000060c       0x80 ./Core/Src/detector.o
 .debug_frame   0x0000068c       0xd4 ./Core/Src/dino.o
 .debug_frame   0x00000760       0xf8 ./Core/Src/figures.o
 .debug_frame   0x00000858       0xf4 ./Core/Src/main.o
 .debug_frame   0x0000094c       0xc8 ./Core/Src/stm32f3xx_hal_msp.o
 .debug_frame   0x00000a14      0x120 ./Core/Src/stm32f3xx_it.o
 .debug_frame   0x00000b34       0x34 ./Core/Src/sysmem.o
 .debug_frame   0x00000b68       0x58 ./Core/Src/system_stm32f3xx.o
 .debug_frame   0x00000bc0      0x334 ./Drivers/STM32F3xx_HAL_Driver/Src/stm32f3xx_hal.o
 .debug_frame   0x00000ef4      0x644 ./Drivers/STM32F3xx_HAL_Driver/Src/stm32f3xx_hal_adc_ex.o
 .debug_frame   0x00001538      0x4e8 ./Drivers/STM32F3xx_HAL_Driver/Src/stm32f3xx_hal_cortex.o
 .debug_frame   0x00001a20      0x14c ./Drivers/STM32F3xx_HAL_Driver/Src/stm32f3xx_hal_gpio.o
 .debug_frame   0x00001b6c      0x214 ./Drivers/STM32F3xx_HAL_Driver/Src/stm32f3xx_hal_rcc.o
 .debug_frame   0x00001d80       0xb0 ./Drivers/STM32F3xx_HAL_Driver/Src/stm32f3xx_hal_rcc_ex.o
 .debug_frame   0x00001e30     0x1218 ./Drivers/STM32F3xx_HAL_Driver/Src/stm32f3xx_hal_tim.o
 .debug_frame   0x00003048      0x688 ./Drivers/STM32F3xx_HAL_Driver/Src/stm32f3xx_hal_tim_ex.o
 .debug_frame   0x000036d0      0x144 C:/ST/STM32CubeIDE_1.17.0/STM32CubeIDE/plugins/com.st.stm32cube.ide.mcu.externaltools.gnu-tools-for-stm32.12.3.rel1.win32_1.1.0.202410251130/tools/bin/../lib/gcc/arm-none-eabi/12.3.1/../../../../arm-none-eabi/lib/thumb/v7e-m+fp/hard\libc_nano.a(libc_a-findfp.o)
 .debug_frame   0x00003814       0x6c C:/ST/STM32CubeIDE_1.17.0/STM32CubeIDE/plugins/com.st.stm32cube.ide.mcu.externaltools.gnu-tools-for-stm32.12.3.rel1.win32_1.1.0.202410251130/tools/bin/../lib/gcc/arm-none-eabi/12.3.1/../../../../arm-none-eabi/lib/thumb/v7e-m+fp/hard\libc_nano.a(libc_a-sprintf.o)
 .debug_frame   0x00003880       0x20 C:/ST/STM32CubeIDE_1.17.0/STM32CubeIDE/plugins/com.st.stm32cube.ide.mcu.externaltools.gnu-tools-for-stm32.12.3.rel1.win32_1.1.0.202410251130/tools/bin/../lib/gcc/arm-none-eabi/12.3.1/../../../../arm-none-eabi/lib/thumb/v7e-m+fp/hard\libc_nano.a(libc_a-memset.o)
 .debug_frame   0x000038a0       0x38 C:/ST/STM32CubeIDE_1.17.0/STM32CubeIDE/plugins/com.st.stm32cube.ide.mcu.externaltools.gnu-tools-for-stm32.12.3.rel1.win32_1.1.0.202410251130/tools/bin/../lib/gcc/arm-none-eabi/12.3.1/../../../../arm-none-eabi/lib/thumb/v7e-m+fp/hard\libc_nano.a(libc_a-reent.o)
 .debug_frame   0x000038d8       0x20 C:/ST/STM32CubeIDE_1.17.0/STM32CubeIDE/plugins/com.st.stm32cube.ide.mcu.externaltools.gnu-tools-for-stm32.12.3.rel1.win32_1.1.0.202410251130/tools/bin/../lib/gcc/arm-none-eabi/12.3.1/../../../../arm-none-eabi/lib/thumb/v7e-m+fp/hard\libc_nano.a(libc_a-errno.o)
 .debug_frame   0x000038f8       0x2c C:/ST/STM32CubeIDE_1.17.0/STM32CubeIDE/plugins/com.st.stm32cube.ide.mcu.externaltools.gnu-tools-for-stm32.12.3.rel1.win32_1.1.0.202410251130/tools/bin/../lib/gcc/arm-none-eabi/12.3.1/../../../../arm-none-eabi/lib/thumb/v7e-m+fp/hard\libc_nano.a(libc_a-init.o)
 .debug_frame   0x00003924       0xb0 C:/ST/STM32CubeIDE_1.17.0/STM32CubeIDE/plugins/com.st.stm32cube.ide.mcu.externaltools.gnu-tools-for-stm32.12.3.rel1.win32_1.1.0.202410251130/tools/bin/../lib/gcc/arm-none-eabi/12.3.1/../../../../arm-none-eabi/lib/thumb/v7e-m+fp/hard\libc_nano.a(libc_a-lock.o)
 .debug_frame   0x000039d4       0x38 C:/ST/STM32CubeIDE_1.17.0/STM32CubeIDE/plugins/com.st.stm32cube.ide.mcu.externaltools.gnu-tools-for-stm32.12.3.rel1.win32_1.1.0.202410251130/tools/bin/../lib/gcc/arm-none-eabi/12.3.1/../../../../arm-none-eabi/lib/thumb/v7e-m+fp/hard\libc_nano.a(libc_a-freer.o)
 .debug_frame   0x00003a0c       0x50 C:/ST/STM32CubeIDE_1.17.0/STM32CubeIDE/plugins/com.st.stm32cube.ide.mcu.externaltools.gnu-tools-for-stm32.12.3.rel1.win32_1.1.0.202410251130/tools/bin/../lib/gcc/arm-none-eabi/12.3.1/../../../../arm-none-eabi/lib/thumb/v7e-m+fp/hard\libc_nano.a(libc_a-mallocr.o)
 .debug_frame   0x00003a5c       0x30 C:/ST/STM32CubeIDE_1.17.0/STM32CubeIDE/plugins/com.st.stm32cube.ide.mcu.externaltools.gnu-tools-for-stm32.12.3.rel1.win32_1.1.0.202410251130/tools/bin/../lib/gcc/arm-none-eabi/12.3.1/../../../../arm-none-eabi/lib/thumb/v7e-m+fp/hard\libc_nano.a(libc_a-mlock.o)
 .debug_frame   0x00003a8c       0x90 C:/ST/STM32CubeIDE_1.17.0/STM32CubeIDE/plugins/com.st.stm32cube.ide.mcu.externaltools.gnu-tools-for-stm32.12.3.rel1.win32_1.1.0.202410251130/tools/bin/../lib/gcc/arm-none-eabi/12.3.1/../../../../arm-none-eabi/lib/thumb/v7e-m+fp/hard\libc_nano.a(libc_a-nano-svfprintf.o)
 .debug_frame   0x00003b1c       0x60 C:/ST/STM32CubeIDE_1.17.0/STM32CubeIDE/plugins/com.st.stm32cube.ide.mcu.externaltools.gnu-tools-for-stm32.12.3.rel1.win32_1.1.0.202410251130/tools/bin/../lib/gcc/arm-none-eabi/12.3.1/../../../../arm-none-eabi/lib/thumb/v7e-m+fp/hard\libc_nano.a(libc_a-nano-vfprintf_i.o)
 .debug_frame   0x00003b7c       0x28 C:/ST/STM32CubeIDE_1.17.0/STM32CubeIDE/plugins/com.st.stm32cube.ide.mcu.externaltools.gnu-tools-for-stm32.12.3.rel1.win32_1.1.0.202410251130/tools/bin/../lib/gcc/arm-none-eabi/12.3.1/../../../../arm-none-eabi/lib/thumb/v7e-m+fp/hard\libc_nano.a(libc_a-memmove.o)
 .debug_frame   0x00003ba4       0x2c C:/ST/STM32CubeIDE_1.17.0/STM32CubeIDE/plugins/com.st.stm32cube.ide.mcu.externaltools.gnu-tools-for-stm32.12.3.rel1.win32_1.1.0.202410251130/tools/bin/../lib/gcc/arm-none-eabi/12.3.1/../../../../arm-none-eabi/lib/thumb/v7e-m+fp/hard\libc_nano.a(libc_a-sbrkr.o)
 .debug_frame   0x00003bd0       0x28 C:/ST/STM32CubeIDE_1.17.0/STM32CubeIDE/plugins/com.st.stm32cube.ide.mcu.externaltools.gnu-tools-for-stm32.12.3.rel1.win32_1.1.0.202410251130/tools/bin/../lib/gcc/arm-none-eabi/12.3.1/../../../../arm-none-eabi/lib/thumb/v7e-m+fp/hard\libc_nano.a(libc_a-memcpy-stub.o)
 .debug_frame   0x00003bf8       0x3c C:/ST/STM32CubeIDE_1.17.0/STM32CubeIDE/plugins/com.st.stm32cube.ide.mcu.externaltools.gnu-tools-for-stm32.12.3.rel1.win32_1.1.0.202410251130/tools/bin/../lib/gcc/arm-none-eabi/12.3.1/../../../../arm-none-eabi/lib/thumb/v7e-m+fp/hard\libc_nano.a(libc_a-reallocr.o)
 .debug_frame   0x00003c34       0x20 C:/ST/STM32CubeIDE_1.17.0/STM32CubeIDE/plugins/com.st.stm32cube.ide.mcu.externaltools.gnu-tools-for-stm32.12.3.rel1.win32_1.1.0.202410251130/tools/bin/../lib/gcc/arm-none-eabi/12.3.1/../../../../arm-none-eabi/lib/thumb/v7e-m+fp/hard\libc_nano.a(libc_a-msizer.o)

.debug_line_str
                0x00000000       0x7f
 .debug_line_str
                0x00000000       0x7f ./Core/Startup/startup_stm32f303retx.o
